******************************************************************************
             TMS320C2000 Linker Unix v15.12.3                  
******************************************************************************
>> Linked Fri Jul 20 20:38:32 2018

OUTPUT FILE NAME:   <Image_Flash.pjt.out>
ENTRY POINT SYMBOL: "_c_int00"  address: 0033a104


MEMORY CONFIGURATION

         name            origin    length      used     unused   attr    fill
----------------------  --------  ---------  --------  --------  ----  --------
PAGE 0:
  ZONE0                 00004000   00001000  00000000  00001000  RWIX
  RAML0                 00008000   00001000  00000549  00000ab7  RWIX
  ZONE6                 00100000   00100000  00000000  00100000  RWIX
  ZONE7A                00200000   0000fc00  00000000  0000fc00  RWIX
  FLASHH                00300000   00008000  00000001  00007fff  RWIX
  FLASHG                00308000   00008000  00000000  00008000  RWIX
  FLASHF                00310000   00008000  00000000  00008000  RWIX
  FLASHE                00318000   00008000  00000000  00008000  RWIX
  FLASHD                00320000   00008000  00000000  00008000  RWIX
  FLASHC                00328000   00008000  00000000  00008000  RWIX
  FLASHB                00330000   00008000  00000000  00008000  RWIX
  FLASHA                00338000   00007f80  00002638  00005948  RWIX
  CSM_RSVD              0033ff80   00000076  00000000  00000076  RWIX
  BEGIN                 0033fff6   00000002  00000002  00000000  RWIX
  CSM_PWL               0033fff8   00000008  00000000  00000008  RWIX
  ADC_CAL               00380080   00000009  00000007  00000002  RWIX
  OTP                   00380400   00000400  00000000  00000400  RWIX
  IQTABLES              003fe000   00000b50  00000000  00000b50  RWIX
  IQTABLES2             003feb50   0000008c  00000000  0000008c  RWIX
  FPUTABLES             003febdc   000006a0  00000000  000006a0  RWIX
  ROM                   003ff27c   00000d44  00000000  00000d44  RWIX
  RESET                 003fffc0   00000002  00000000  00000002  RWIX
  VECTORS               003fffc2   0000003e  00000000  0000003e  RWIX

PAGE 1:
  BOOT_RSVD             00000000   00000050  00000000  00000050  RWIX
  RAMM1                 00000050   000007b0  000007b0  00000000  RWIX
  DEV_EMU               00000880   00000180  000000d0  000000b0  RWIX
  FLASH_REGS            00000a80   00000060  00000008  00000058  RWIX
  CSM                   00000ae0   00000010  00000010  00000000  RWIX
  ADC_MIRROR            00000b00   00000010  00000010  00000000  RWIX
  XINTF                 00000b20   00000020  0000001e  00000002  RWIX
  CPU_TIMER0            00000c00   00000008  00000008  00000000  RWIX
  CPU_TIMER1            00000c08   00000008  00000008  00000000  RWIX
  CPU_TIMER2            00000c10   00000008  00000008  00000000  RWIX
  PIE_CTRL              00000ce0   00000020  0000001a  00000006  RWIX
  PIE_VECT              00000d00   00000100  00000100  00000000  RWIX
  DMA                   00001000   00000200  000000e0  00000120  RWIX
  MCBSPA                00005000   00000040  00000025  0000001b  RWIX
  MCBSPB                00005040   00000040  00000025  0000001b  RWIX
  ECANA                 00006000   00000040  00000034  0000000c  RWIX
  ECANA_LAM             00006040   00000040  00000040  00000000  RWIX
  ECANA_MOTS            00006080   00000040  00000040  00000000  RWIX
  ECANA_MOTO            000060c0   00000040  00000040  00000000  RWIX
  ECANA_MBOX            00006100   00000100  00000100  00000000  RWIX
  ECANB                 00006200   00000040  00000034  0000000c  RWIX
  ECANB_LAM             00006240   00000040  00000040  00000000  RWIX
  ECANB_MOTS            00006280   00000040  00000040  00000000  RWIX
  ECANB_MOTO            000062c0   00000040  00000040  00000000  RWIX
  ECANB_MBOX            00006300   00000100  00000100  00000000  RWIX
  EPWM1                 00006800   00000022  00000022  00000000  RWIX
  EPWM2                 00006840   00000022  00000022  00000000  RWIX
  EPWM3                 00006880   00000022  00000022  00000000  RWIX
  EPWM4                 000068c0   00000022  00000022  00000000  RWIX
  EPWM5                 00006900   00000022  00000022  00000000  RWIX
  EPWM6                 00006940   00000022  00000022  00000000  RWIX
  ECAP1                 00006a00   00000020  00000020  00000000  RWIX
  ECAP2                 00006a20   00000020  00000020  00000000  RWIX
  ECAP3                 00006a40   00000020  00000020  00000000  RWIX
  ECAP4                 00006a60   00000020  00000020  00000000  RWIX
  ECAP5                 00006a80   00000020  00000020  00000000  RWIX
  ECAP6                 00006aa0   00000020  00000020  00000000  RWIX
  EQEP1                 00006b00   00000040  00000040  00000000  RWIX
  EQEP2                 00006b40   00000040  00000040  00000000  RWIX
  GPIOCTRL              00006f80   00000040  0000002e  00000012  RWIX
  GPIODAT               00006fc0   00000020  00000020  00000000  RWIX
  GPIOINT               00006fe0   00000020  0000000a  00000016  RWIX
  SYSTEM                00007010   00000020  00000020  00000000  RWIX
  SPIA                  00007040   00000010  00000010  00000000  RWIX
  SCIA                  00007050   00000010  00000010  00000000  RWIX
  XINTRUPT              00007070   00000010  00000010  00000000  RWIX
  ADC                   00007100   00000020  0000001e  00000002  RWIX
  SCIB                  00007750   00000010  00000010  00000000  RWIX
  SCIC                  00007770   00000010  00000010  00000000  RWIX
  I2CA                  00007900   00000040  00000022  0000001e  RWIX
  RAML1                 00009000   00006000  00005373  00000c8d  RWIX
  RAML7                 0000f000   00001000  00000000  00001000  RWIX
  ZONE7B                0020fc00   00000400  00000000  00000400  RWIX
  CSM_PWL               0033fff8   00000008  00000008  00000000  RWIX
  PARTID                00380090   00000001  00000001  00000000  RWIX


SECTION ALLOCATION MAP

 output                                  attributes/
section   page    origin      length       input sections
--------  ----  ----------  ----------   ----------------
myFlashConstants 
*          0    00300000    00000001     UNINITIALIZED
                  00300000    00000001     Image_FLASH_API.obj (myFlashConstants)

Flash28_API 
*          0    00338000    00000502     RUN ADDR = 00008000
                  00338000    00000020     Flash28335_API_V210.lib : Flash28_Erase.obj (.econst:_Sector$1)
                  00338020    00000008                             : Flash28_Erase.obj (.econst:_SecKey$2)
                  00338028    000000aa                             : Flash28_Prog.obj (.text)
                  003380d2    000000a0                             : Flash28_Erase.obj (.text)
                  00338172    0000009a                             : Flash28_Erase_Pulse.obj (.text)
                  0033820c    00000084                             : Flash28_Internals.obj (.text)
                  00338290    00000080                             : Flash28_Prog_Pulse.obj (.text)
                  00338310    0000007d                             : Flash28_Compact_Pulse.obj (.text)
                  0033838d    0000005a                             : Flash28_EraseSector.obj (.text)
                  003383e7    00000053                             : Flash28_CompactSector.obj (.text)
                  0033843a    00000041                             : Flash28_ClearLoop.obj (.text)
                  0033847b    00000033                             : Flash28_ClearSector.obj (.text)
                  003384ae    00000029                             : Flash28_Init.obj (.text)
                  003384d7    00000014                             : Flash28_Utils.obj (.text)
                  003384eb    0000000d                             : Flash28_Delay.obj (.text)
                  003384f8    00000007                             : Flash28_DisInt.obj (.text)
                  003384ff    00000003                             : Flash28_Version_Hex.obj (.text)

ramfuncs   0    0033a5b8    00000047     RUN ADDR = 00008502
                  0033a5b8    00000028     Image_main.obj (ramfuncs:retain)
                  0033a5e0    0000001b     DSP2833x_SysCtrl.obj (ramfuncs)
                  0033a5fb    00000004     DSP2833x_usDelay.obj (ramfuncs)

.cinit     0    0033a5ff    00000039     
                  0033a5ff    0000000e     rts2800_fpu32.lib : exit.obj (.cinit)
                  0033a60d    0000000c     Image_main.obj (.cinit)
                  0033a619    0000000a     Flash28335_API_V210.lib : Flash28_Globals.obj (.cinit)
                  0033a623    00000005     Image_Processing_Functions.obj (.cinit)
                  0033a628    00000005     rts2800_fpu32.lib : _lock.obj (.cinit:__lock)
                  0033a62d    00000005                       : _lock.obj (.cinit:__unlock)
                  0033a632    00000004                       : errno.obj (.cinit)
                  0033a636    00000002     --HOLE-- [fill = 0]

DevEmuRegsFile 
*          1    00000880    000000d0     UNINITIALIZED
                  00000880    000000d0     DSP2833x_GlobalVariableDefs.obj (DevEmuRegsFile)

FlashRegsFile 
*          1    00000a80    00000008     UNINITIALIZED
                  00000a80    00000008     DSP2833x_GlobalVariableDefs.obj (FlashRegsFile)

CsmRegsFile 
*          1    00000ae0    00000010     UNINITIALIZED
                  00000ae0    00000010     DSP2833x_GlobalVariableDefs.obj (CsmRegsFile)

AdcMirrorFile 
*          1    00000b00    00000010     UNINITIALIZED
                  00000b00    00000010     DSP2833x_GlobalVariableDefs.obj (AdcMirrorFile)

XintfRegsFile 
*          1    00000b20    0000001e     UNINITIALIZED
                  00000b20    0000001e     DSP2833x_GlobalVariableDefs.obj (XintfRegsFile)

CpuTimer0RegsFile 
*          1    00000c00    00000008     UNINITIALIZED
                  00000c00    00000008     DSP2833x_GlobalVariableDefs.obj (CpuTimer0RegsFile)

CpuTimer1RegsFile 
*          1    00000c08    00000008     UNINITIALIZED
                  00000c08    00000008     DSP2833x_GlobalVariableDefs.obj (CpuTimer1RegsFile)

CpuTimer2RegsFile 
*          1    00000c10    00000008     UNINITIALIZED
                  00000c10    00000008     DSP2833x_GlobalVariableDefs.obj (CpuTimer2RegsFile)

PieCtrlRegsFile 
*          1    00000ce0    0000001a     UNINITIALIZED
                  00000ce0    0000001a     DSP2833x_GlobalVariableDefs.obj (PieCtrlRegsFile)

PieVectTableFile 
*          1    00000d00    00000100     UNINITIALIZED
                  00000d00    00000100     DSP2833x_GlobalVariableDefs.obj (PieVectTableFile)

DmaRegsFile 
*          1    00001000    000000e0     UNINITIALIZED
                  00001000    000000e0     DSP2833x_GlobalVariableDefs.obj (DmaRegsFile)

McbspaRegsFile 
*          1    00005000    00000025     UNINITIALIZED
                  00005000    00000025     DSP2833x_GlobalVariableDefs.obj (McbspaRegsFile)

McbspbRegsFile 
*          1    00005040    00000025     UNINITIALIZED
                  00005040    00000025     DSP2833x_GlobalVariableDefs.obj (McbspbRegsFile)

ECanaRegsFile 
*          1    00006000    00000034     UNINITIALIZED
                  00006000    00000034     DSP2833x_GlobalVariableDefs.obj (ECanaRegsFile)

ECanaLAMRegsFile 
*          1    00006040    00000040     UNINITIALIZED
                  00006040    00000040     DSP2833x_GlobalVariableDefs.obj (ECanaLAMRegsFile)

ECanaMOTSRegsFile 
*          1    00006080    00000040     UNINITIALIZED
                  00006080    00000040     DSP2833x_GlobalVariableDefs.obj (ECanaMOTSRegsFile)

ECanaMOTORegsFile 
*          1    000060c0    00000040     UNINITIALIZED
                  000060c0    00000040     DSP2833x_GlobalVariableDefs.obj (ECanaMOTORegsFile)

ECanaMboxesFile 
*          1    00006100    00000100     UNINITIALIZED
                  00006100    00000100     DSP2833x_GlobalVariableDefs.obj (ECanaMboxesFile)

ECanbRegsFile 
*          1    00006200    00000034     UNINITIALIZED
                  00006200    00000034     DSP2833x_GlobalVariableDefs.obj (ECanbRegsFile)

ECanbLAMRegsFile 
*          1    00006240    00000040     UNINITIALIZED
                  00006240    00000040     DSP2833x_GlobalVariableDefs.obj (ECanbLAMRegsFile)

ECanbMOTSRegsFile 
*          1    00006280    00000040     UNINITIALIZED
                  00006280    00000040     DSP2833x_GlobalVariableDefs.obj (ECanbMOTSRegsFile)

ECanbMOTORegsFile 
*          1    000062c0    00000040     UNINITIALIZED
                  000062c0    00000040     DSP2833x_GlobalVariableDefs.obj (ECanbMOTORegsFile)

ECanbMboxesFile 
*          1    00006300    00000100     UNINITIALIZED
                  00006300    00000100     DSP2833x_GlobalVariableDefs.obj (ECanbMboxesFile)

EPwm1RegsFile 
*          1    00006800    00000022     UNINITIALIZED
                  00006800    00000022     DSP2833x_GlobalVariableDefs.obj (EPwm1RegsFile)

EPwm2RegsFile 
*          1    00006840    00000022     UNINITIALIZED
                  00006840    00000022     DSP2833x_GlobalVariableDefs.obj (EPwm2RegsFile)

EPwm3RegsFile 
*          1    00006880    00000022     UNINITIALIZED
                  00006880    00000022     DSP2833x_GlobalVariableDefs.obj (EPwm3RegsFile)

EPwm4RegsFile 
*          1    000068c0    00000022     UNINITIALIZED
                  000068c0    00000022     DSP2833x_GlobalVariableDefs.obj (EPwm4RegsFile)

EPwm5RegsFile 
*          1    00006900    00000022     UNINITIALIZED
                  00006900    00000022     DSP2833x_GlobalVariableDefs.obj (EPwm5RegsFile)

EPwm6RegsFile 
*          1    00006940    00000022     UNINITIALIZED
                  00006940    00000022     DSP2833x_GlobalVariableDefs.obj (EPwm6RegsFile)

ECap1RegsFile 
*          1    00006a00    00000020     UNINITIALIZED
                  00006a00    00000020     DSP2833x_GlobalVariableDefs.obj (ECap1RegsFile)

ECap2RegsFile 
*          1    00006a20    00000020     UNINITIALIZED
                  00006a20    00000020     DSP2833x_GlobalVariableDefs.obj (ECap2RegsFile)

ECap3RegsFile 
*          1    00006a40    00000020     UNINITIALIZED
                  00006a40    00000020     DSP2833x_GlobalVariableDefs.obj (ECap3RegsFile)

ECap4RegsFile 
*          1    00006a60    00000020     UNINITIALIZED
                  00006a60    00000020     DSP2833x_GlobalVariableDefs.obj (ECap4RegsFile)

ECap5RegsFile 
*          1    00006a80    00000020     UNINITIALIZED
                  00006a80    00000020     DSP2833x_GlobalVariableDefs.obj (ECap5RegsFile)

ECap6RegsFile 
*          1    00006aa0    00000020     UNINITIALIZED
                  00006aa0    00000020     DSP2833x_GlobalVariableDefs.obj (ECap6RegsFile)

EQep1RegsFile 
*          1    00006b00    00000040     UNINITIALIZED
                  00006b00    00000040     DSP2833x_GlobalVariableDefs.obj (EQep1RegsFile)

EQep2RegsFile 
*          1    00006b40    00000040     UNINITIALIZED
                  00006b40    00000040     DSP2833x_GlobalVariableDefs.obj (EQep2RegsFile)

GpioCtrlRegsFile 
*          1    00006f80    0000002e     UNINITIALIZED
                  00006f80    0000002e     DSP2833x_GlobalVariableDefs.obj (GpioCtrlRegsFile)

GpioDataRegsFile 
*          1    00006fc0    00000020     UNINITIALIZED
                  00006fc0    00000020     DSP2833x_GlobalVariableDefs.obj (GpioDataRegsFile)

GpioIntRegsFile 
*          1    00006fe0    0000000a     UNINITIALIZED
                  00006fe0    0000000a     DSP2833x_GlobalVariableDefs.obj (GpioIntRegsFile)

SysCtrlRegsFile 
*          1    00007010    00000020     UNINITIALIZED
                  00007010    00000020     DSP2833x_GlobalVariableDefs.obj (SysCtrlRegsFile)

SpiaRegsFile 
*          1    00007040    00000010     UNINITIALIZED
                  00007040    00000010     DSP2833x_GlobalVariableDefs.obj (SpiaRegsFile)

SciaRegsFile 
*          1    00007050    00000010     UNINITIALIZED
                  00007050    00000010     DSP2833x_GlobalVariableDefs.obj (SciaRegsFile)

XIntruptRegsFile 
*          1    00007070    00000010     UNINITIALIZED
                  00007070    00000010     DSP2833x_GlobalVariableDefs.obj (XIntruptRegsFile)

AdcRegsFile 
*          1    00007100    0000001e     UNINITIALIZED
                  00007100    0000001e     DSP2833x_GlobalVariableDefs.obj (AdcRegsFile)

ScibRegsFile 
*          1    00007750    00000010     UNINITIALIZED
                  00007750    00000010     DSP2833x_GlobalVariableDefs.obj (ScibRegsFile)

ScicRegsFile 
*          1    00007770    00000010     UNINITIALIZED
                  00007770    00000010     DSP2833x_GlobalVariableDefs.obj (ScicRegsFile)

I2caRegsFile 
*          1    00007900    00000022     UNINITIALIZED
                  00007900    00000022     DSP2833x_GlobalVariableDefs.obj (I2caRegsFile)

CsmPwlFile 
*          1    0033fff8    00000008     UNINITIALIZED
                  0033fff8    00000008     DSP2833x_GlobalVariableDefs.obj (CsmPwlFile)

PartIdRegsFile 
*          1    00380090    00000001     UNINITIALIZED
                  00380090    00000001     DSP2833x_GlobalVariableDefs.obj (PartIdRegsFile)

.pinit     0    00338000    00000000     UNINITIALIZED

.text      0    00338502    00001dd4     
                  00338502    00000ab1     Image_Processing_Functions.obj (.text)
                  00338fb3    00000422     Image_main.obj (.text)
                  003393d5    0000037f     rts2800_fpu32.lib : e_powf.obj (.text)
                  00339754    00000316     DSP2833x_DefaultIsr.obj (.text:retain)
                  00339a6a    0000015c     Image_FLASH_API.obj (.text)
                  00339bc6    00000127     rts2800_fpu32.lib : e_logf.obj (.text)
                  00339ced    00000104                       : e_acosf.obj (.text)
                  00339df1    000000f8     DSP2833x_SysCtrl.obj (.text)
                  00339ee9    00000088     rts2800_fpu32.lib : fs_div.obj (.text)
                  00339f71    00000073     DSP2833x_CpuTimers.obj (.text)
                  00339fe4    00000067     rts2800_fpu32.lib : s_scalbnf.obj (.text)
                  0033a04b    00000061                       : s_cosf.obj (.text)
                  0033a0ac    00000058                       : s_sinf.obj (.text)
                  0033a104    00000056                       : boot.obj (.text)
                  0033a15a    00000046                       : cpy_tbl.obj (.text)
                  0033a1a0    00000029                       : exit.obj (.text)
                  0033a1c9    00000028     DSP2833x_PieCtrl.obj (.text)
                  0033a1f1    00000001     rts2800_fpu32.lib : startup.obj (.text)
                  0033a1f2    00000025                       : e_sqrtf.obj (.text)
                  0033a217    00000022                       : i_div.obj (.text)
                  0033a239    00000020     DSP2833x_PieVect.obj (.text)
                  0033a259    0000001e     rts2800_fpu32.lib : memcpy.obj (.text)
                  0033a277    0000001a                       : cpy_utils.obj (.text)
                  0033a291    00000019                       : args_main.obj (.text)
                  0033a2aa    00000011                       : s_copysignf.obj (.text)
                  0033a2bb    00000009                       : _lock.obj (.text)
                  0033a2c4    00000008     DSP2833x_CodeStartBranch.obj (.text)
                  0033a2cc    00000008     rts2800_fpu32.lib : strlen.obj (.text)
                  0033a2d4    00000002                       : pre_init.obj (.text)

codestart 
*          0    0033fff6    00000002     
                  0033fff6    00000002     DSP2833x_CodeStartBranch.obj (codestart)

.stack     1    00000050    000007b0     UNINITIALIZED
                  00000050    000007b0     --HOLE--

.ebss      1    00009000    00005373     UNINITIALIZED
                  00009000    00004b40     Image_main.obj (.ebss)
                  0000db40    00000808     Image_Processing_Functions.obj (.ebss)
                  0000e348    00000018     DSP2833x_CpuTimers.obj (.ebss)
                  0000e360    00000006     rts2800_fpu32.lib : exit.obj (.ebss)
                  0000e366    00000004     Flash28335_API_V210.lib : Flash28_Globals.obj (.ebss)
                  0000e36a    00000004     Image_FLASH_API.obj (.ebss)
                  0000e36e    00000002     rts2800_fpu32.lib : _lock.obj (.ebss:__lock)
                  0000e370    00000002                       : _lock.obj (.ebss:__unlock)
                  0000e372    00000001                       : errno.obj (.ebss)

.econst    0    0033a2d6    000002e2     
                  0033a2d6    00000144     Image_Processing_Functions.obj (.econst:.string)
                  0033a41a    00000100     DSP2833x_PieVect.obj (.econst:_PieVectTableInit)
                  0033a51a    00000032     rts2800_fpu32.lib : e_powf.obj (.econst)
                  0033a54c    00000010     Image_main.obj (.econst:_$P$T5$6)
                  0033a55c    00000010     rts2800_fpu32.lib : e_acosf.obj (.econst)
                  0033a56c    00000010                       : e_logf.obj (.econst)
                  0033a57c    0000000f     Image_main.obj (.econst:.string)
                  0033a58b    00000009     Image_main.obj (.econst:_$P$T4$5)
                  0033a594    00000006     rts2800_fpu32.lib : s_scalbnf.obj (.econst)
                  0033a59a    00000005     Image_main.obj (.econst:_$P$T2$3)
                  0033a59f    00000005     Image_main.obj (.econst:_$P$T3$4)
                  0033a5a4    00000004     Image_main.obj (.econst:_$P$T0$1)
                  0033a5a8    00000004     Image_main.obj (.econst:_$P$T1$2)
                  0033a5ac    00000004     rts2800_fpu32.lib : e_powf.obj (.econst:_bp)
                  0033a5b0    00000004                       : e_powf.obj (.econst:_dp_h)
                  0033a5b4    00000004                       : e_powf.obj (.econst:_dp_l)

.reset     0    003fffc0    00000002     DSECT
                  003fffc0    00000002     rts2800_fpu32.lib : boot.obj (.reset)

vectors    0    003fffc2    00000000     DSECT

.adc_cal   0    00380080    00000007     NOLOAD SECTION
                  00380080    00000007     DSP2833x_ADC_cal.obj (.adc_cal)

MODULE SUMMARY

       Module                            code    ro data   rw data
       ------                            ----    -------   -------
    ./
       Image_main.obj                    1138    0         19334  
       Image_Processing_Functions.obj    2737    0         2385   
       DSP2833x_GlobalVariableDefs.obj   0       0         2679   
       DSP2833x_DefaultIsr.obj           790     0         0      
       Image_FLASH_API.obj               348     0         5      
       DSP2833x_SysCtrl.obj              302     0         0      
       DSP2833x_PieVect.obj              32      0         256    
       DSP2833x_CpuTimers.obj            115     0         24     
       DSP2833x_PieCtrl.obj              40      0         0      
       DSP2833x_CodeStartBranch.obj      10      0         0      
       DSP2833x_usDelay.obj              8       0         0      
       DSP2833x_ADC_cal.obj              7       0         0      
    +--+---------------------------------+-------+---------+---------+
       Total:                            5527    0         24683  
                                                                  
    /opt/ti/ccsv6/tools/compiler/c2000_15.12.3.LTS/lib/rts2800_fpu32.lib
       e_powf.obj                        895     0         62     
       e_logf.obj                        295     0         16     
       e_acosf.obj                       260     0         16     
       fs_div.obj                        136     0         0      
       s_scalbnf.obj                     103     0         6      
       s_cosf.obj                        97      0         0      
       s_sinf.obj                        88      0         0      
       boot.obj                          86      0         0      
       cpy_tbl.obj                       70      0         0      
       exit.obj                          41      0         20     
       e_sqrtf.obj                       37      0         0      
       i_div.obj                         34      0         0      
       memcpy.obj                        30      0         0      
       cpy_utils.obj                     26      0         0      
       args_main.obj                     25      0         0      
       _lock.obj                         9       0         14     
       s_copysignf.obj                   17      0         0      
       strlen.obj                        8       0         0      
       errno.obj                         0       0         5      
       pre_init.obj                      2       0         0      
       startup.obj                       1       0         0      
    +--+---------------------------------+-------+---------+---------+
       Total:                            2260    0         139    
                                                                  
    /tidcs/c28/Flash28_API/Flash28335_API_V210/lib/Flash28335_API_V210.lib
       Flash28_Erase.obj                 320     0         80     
       Flash28_Prog.obj                  340     0         0      
       Flash28_Erase_Pulse.obj           308     0         0      
       Flash28_Internals.obj             264     0         0      
       Flash28_Prog_Pulse.obj            256     0         0      
       Flash28_Compact_Pulse.obj         250     0         0      
       Flash28_EraseSector.obj           180     0         0      
       Flash28_CompactSector.obj         166     0         0      
       Flash28_ClearLoop.obj             130     0         0      
       Flash28_ClearSector.obj           102     0         0      
       Flash28_Init.obj                  82      0         0      
       Flash28_Utils.obj                 40      0         0      
       Flash28_Delay.obj                 26      0         0      
       Flash28_DisInt.obj                14      0         0      
       Flash28_Globals.obj               0       0         14     
       Flash28_Version_Hex.obj           6       0         0      
    +--+---------------------------------+-------+---------+---------+
       Total:                            2484    0         94     
                                                                  
       Stack:                            0       0         1968   
    +--+---------------------------------+-------+---------+---------+
       Grand Total:                      10271   0         26884  


GLOBAL DATA SYMBOLS: SORTED BY DATA PAGE

address     data page           name
--------    ----------------    ----
00000050       1 (00000040)     __stack

00000880      22 (00000880)     _DevEmuRegs

00000a80      2a (00000a80)     _FlashRegs

00000ae0      2b (00000ac0)     _CsmRegs

00000b00      2c (00000b00)     _AdcMirror
00000b20      2c (00000b00)     _XintfRegs

00000c00      30 (00000c00)     _CpuTimer0Regs
00000c08      30 (00000c00)     _CpuTimer1Regs
00000c10      30 (00000c00)     _CpuTimer2Regs

00000ce0      33 (00000cc0)     _PieCtrlRegs

00000d00      34 (00000d00)     _PieVectTable

00001000      40 (00001000)     _DmaRegs

00005000     140 (00005000)     _McbspaRegs

00005040     141 (00005040)     _McbspbRegs

00006000     180 (00006000)     _ECanaRegs

00006040     181 (00006040)     _ECanaLAMRegs

00006080     182 (00006080)     _ECanaMOTSRegs

000060c0     183 (000060c0)     _ECanaMOTORegs

00006100     184 (00006100)     _ECanaMboxes

00006200     188 (00006200)     _ECanbRegs

00006240     189 (00006240)     _ECanbLAMRegs

00006280     18a (00006280)     _ECanbMOTSRegs

000062c0     18b (000062c0)     _ECanbMOTORegs

00006300     18c (00006300)     _ECanbMboxes

00006800     1a0 (00006800)     _EPwm1Regs

00006840     1a1 (00006840)     _EPwm2Regs

00006880     1a2 (00006880)     _EPwm3Regs

000068c0     1a3 (000068c0)     _EPwm4Regs

00006900     1a4 (00006900)     _EPwm5Regs

00006940     1a5 (00006940)     _EPwm6Regs

00006a00     1a8 (00006a00)     _ECap1Regs
00006a20     1a8 (00006a00)     _ECap2Regs

00006a40     1a9 (00006a40)     _ECap3Regs
00006a60     1a9 (00006a40)     _ECap4Regs

00006a80     1aa (00006a80)     _ECap5Regs
00006aa0     1aa (00006a80)     _ECap6Regs

00006b00     1ac (00006b00)     _EQep1Regs

00006b40     1ad (00006b40)     _EQep2Regs

00006f80     1be (00006f80)     _GpioCtrlRegs

00006fc0     1bf (00006fc0)     _GpioDataRegs
00006fe0     1bf (00006fc0)     _GpioIntRegs

00007010     1c0 (00007000)     _SysCtrlRegs

00007040     1c1 (00007040)     _SpiaRegs
00007050     1c1 (00007040)     _SciaRegs
00007070     1c1 (00007040)     _XIntruptRegs

00007100     1c4 (00007100)     _AdcRegs

00007750     1dd (00007740)     _ScibRegs
00007770     1dd (00007740)     _ScicRegs

00007900     1e4 (00007900)     _I2caRegs

00008028     200 (00008000)     _Flash28335_Program

000080d2     203 (000080c0)     _Flash28335_Erase

00008172     205 (00008140)     _Fl28x_EraseVerify

000081ba     206 (00008180)     _Fl28x_ErasePulse

0000820c     208 (00008200)     _Fl28x_LeaveCmdMode
00008219     208 (00008200)     _Fl28x_EnterCmdMode
0000823e     208 (00008200)     _Fl28x_FlashRegSleep

0000825d     209 (00008240)     _Fl28x_OpenPulse
0000826e     209 (00008240)     _Fl28x_ClosePulse

00008285     20a (00008280)     _Fl28x_MaskAll
00008290     20a (00008280)     _Fl28x_ProgVerify

000082ce     20b (000082c0)     _Fl28x_ProgPulse

00008310     20c (00008300)     _Fl28x_CompactVerify

0000834a     20d (00008340)     _Fl28x_CompactPulse

0000838d     20e (00008380)     _Fl28335_EraseSector

000083e7     20f (000083c0)     _Fl28335_CompactSector

0000843a     210 (00008400)     _Fl28x_ClearLoop

0000847b     211 (00008440)     _Fl28335_ClearSector

000084ae     212 (00008480)     _Fl28335_Init

000084d7     213 (000084c0)     _Fl28x_WatchDogDisable
000084df     213 (000084c0)     _Fl28x_DisableNMI
000084eb     213 (000084c0)     _Fl28x_Delay
000084f8     213 (000084c0)     _Fl28x_DisableInt
000084fc     213 (000084c0)     _Fl28x_RestoreInt
000084ff     213 (000084c0)     _Flash28335_APIVersionHex

00009000     240 (00009000)     _image_len
00009001     240 (00009000)     _ksy
00009002     240 (00009000)     _status

00009040     241 (00009040)     _data

0000db40     36d (0000db40)     _count

0000db80     36e (0000db80)     _dataR1

0000dc80     372 (0000dc80)     _dataI0

0000dd80     376 (0000dd80)     _dataR2

0000de80     37a (0000de80)     _dataI1

0000df80     37e (0000df80)     _WnI

0000e080     382 (0000e080)     _WnR

0000e180     386 (0000e180)     _dataI2

0000e280     38a (0000e280)     _dataR0

0000e348     38d (0000e340)     _CpuTimer1
0000e350     38d (0000e340)     _CpuTimer2
0000e358     38d (0000e340)     _CpuTimer0
0000e360     38d (0000e340)     ___TI_enable_exit_profile_output
0000e362     38d (0000e340)     ___TI_cleanup_ptr
0000e364     38d (0000e340)     ___TI_dtors_ptr
0000e366     38d (0000e340)     _Flash_CallbackPtr
0000e368     38d (0000e340)     _Flash_CPUScaleFactor
0000e36a     38d (0000e340)     _DestAddr
0000e36c     38d (0000e340)     _SourceAddr
0000e36e     38d (0000e340)     __lock
0000e370     38d (0000e340)     __unlock
0000e372     38d (0000e340)     _errno

00300000    c000 (00300000)     _A0

0033a41a    ce90 (0033a400)     _PieVectTableInit

0033fff8    cfff (0033ffc0)     _CsmPwl

00380090    e002 (00380080)     _PartIdRegs


GLOBAL SYMBOLS: SORTED ALPHABETICALLY BY Name 

page  address   name                            
----  -------   ----                            
0     00338502  .text                           
0     0033a1a0  C$$EXIT                         
0     00339ee9  FS$$DIV                         
0     0033a217  I$$DIV                          
0     0033a228  I$$MOD                          
0     00300000  _A0                             
0     0033983a  _ADCINT_ISR                     
0     00380080  _ADC_cal                        
1     00000b00  _AdcMirror                      
1     00007100  _AdcRegs                        
0     00338543  _CMY_Image                      
0     003393b7  _Check_Reply                    
0     00339faa  _ConfigCpuTimer                 
1     0000e358  _CpuTimer0                      
1     00000c00  _CpuTimer0Regs                  
1     0000e348  _CpuTimer1                      
1     00000c08  _CpuTimer1Regs                  
1     0000e350  _CpuTimer2                      
1     00000c10  _CpuTimer2Regs                  
1     0033fff8  _CsmPwl                         
1     00000ae0  _CsmRegs                        
0     00339eb8  _CsmUnlock                      
0     00339768  _DATALOG_ISR                    
0     00338cdb  _DFT_Image                      
0     0033995c  _DINTCH1_ISR                    
0     00339966  _DINTCH2_ISR                    
0     00339970  _DINTCH3_ISR                    
0     0033997a  _DINTCH4_ISR                    
0     00339984  _DINTCH5_ISR                    
0     0033998e  _DINTCH6_ISR                    
0     00008545  _DSP28x_usDelay                 
1     0000e36a  _DestAddr                       
1     00000880  _DevEmuRegs                     
0     00339e04  _DisableDog                     
1     00001000  _DmaRegs                        
0     003399e8  _ECAN0INTA_ISR                  
0     003399fc  _ECAN0INTB_ISR                  
0     003399f2  _ECAN1INTA_ISR                  
0     00339a06  _ECAN1INTB_ISR                  
0     003398d0  _ECAP1_INT_ISR                  
0     003398da  _ECAP2_INT_ISR                  
0     003398e4  _ECAP3_INT_ISR                  
0     003398ee  _ECAP4_INT_ISR                  
0     003398f8  _ECAP5_INT_ISR                  
0     00339902  _ECAP6_INT_ISR                  
1     00006040  _ECanaLAMRegs                   
1     000060c0  _ECanaMOTORegs                  
1     00006080  _ECanaMOTSRegs                  
1     00006100  _ECanaMboxes                    
1     00006000  _ECanaRegs                      
1     00006240  _ECanbLAMRegs                   
1     000062c0  _ECanbMOTORegs                  
1     00006280  _ECanbMOTSRegs                  
1     00006300  _ECanbMboxes                    
1     00006200  _ECanbRegs                      
1     00006a00  _ECap1Regs                      
1     00006a20  _ECap2Regs                      
1     00006a40  _ECap3Regs                      
1     00006a60  _ECap4Regs                      
1     00006a80  _ECap5Regs                      
1     00006aa0  _ECap6Regs                      
0     0033977c  _EMUINT_ISR                     
0     00339894  _EPWM1_INT_ISR                  
0     00339858  _EPWM1_TZINT_ISR                
0     0033989e  _EPWM2_INT_ISR                  
0     00339862  _EPWM2_TZINT_ISR                
0     003398a8  _EPWM3_INT_ISR                  
0     0033986c  _EPWM3_TZINT_ISR                
0     003398b2  _EPWM4_INT_ISR                  
0     00339876  _EPWM4_TZINT_ISR                
0     003398bc  _EPWM5_INT_ISR                  
0     00339880  _EPWM5_TZINT_ISR                
0     003398c6  _EPWM6_INT_ISR                  
0     0033988a  _EPWM6_TZINT_ISR                
1     00006800  _EPwm1Regs                      
1     00006840  _EPwm2Regs                      
1     00006880  _EPwm3Regs                      
1     000068c0  _EPwm4Regs                      
1     00006900  _EPwm5Regs                      
1     00006940  _EPwm6Regs                      
0     0033990c  _EQEP1_INT_ISR                  
0     00339916  _EQEP2_INT_ISR                  
1     00006b00  _EQep1Regs                      
1     00006b40  _EQep2Regs                      
0     0033a1e8  _EnableInterrupts               
0     00339bbf  _Error                          
0     00339135  _Error_LED                      
0     0000847b  _Fl28335_ClearSector            
0     000083e7  _Fl28335_CompactSector          
0     0000838d  _Fl28335_EraseSector            
0     000084ae  _Fl28335_Init                   
0     0000843a  _Fl28x_ClearLoop                
0     0000826e  _Fl28x_ClosePulse               
0     0000834a  _Fl28x_CompactPulse             
0     00008310  _Fl28x_CompactVerify            
0     000084eb  _Fl28x_Delay                    
0     000084f8  _Fl28x_DisableInt               
0     000084df  _Fl28x_DisableNMI               
0     00008219  _Fl28x_EnterCmdMode             
0     000081ba  _Fl28x_ErasePulse               
0     00008172  _Fl28x_EraseVerify              
0     0000823e  _Fl28x_FlashRegSleep            
0     0000820c  _Fl28x_LeaveCmdMode             
0     00008285  _Fl28x_MaskAll                  
0     0000825d  _Fl28x_OpenPulse                
0     000082ce  _Fl28x_ProgPulse                
0     00008290  _Fl28x_ProgVerify               
0     000084fc  _Fl28x_RestoreInt               
0     000084d7  _Fl28x_WatchDogDisable          
0     000084ff  _Flash28335_APIVersionHex       
0     000080d2  _Flash28335_Erase               
0     00008028  _Flash28335_Program             
0     00338502  _Flash28_API_LoadEnd            
0     00338000  _Flash28_API_LoadStart          
0     00008000  _Flash28_API_RunStart           
1     00000a80  _FlashRegs                      
1     0000e368  _Flash_CPUScaleFactor           
1     0000e366  _Flash_CallbackPtr              
0     0033907f  _Flash_Write_Image              
0     00339223  _Get_Buffer_Length              
0     003390b1  _Get_JPEG_Image                 
0     0033918b  _Get_Version                    
1     00006f80  _GpioCtrlRegs                   
1     00006fc0  _GpioDataRegs                   
1     00006fe0  _GpioIntRegs                    
0     0033904a  _Gpio_select                    
0     00338619  _HSI                            
0     00338dd8  _HSV                            
0     00339998  _I2CINT1A_ISR                   
0     003399a2  _I2CINT2A_ISR                   
1     00007900  _I2caRegs                       
0     00339790  _ILLEGAL_ISR                    
0     00339754  _INT13_ISR                      
0     0033975e  _INT14_ISR                      
0     00339f71  _InitCpuTimers                  
0     0000852a  _InitFlash                      
0     00339e5d  _InitPeripheralClocks           
0     0033a1c9  _InitPieCtrl                    
0     0033a239  _InitPieVectTable               
0     00339e0c  _InitPll                        
0     00339df1  _InitSysCtrl                    
0     00339a6a  _Init_Flash_PHOTO               
0     00338502  _Input_Image                    
0     00339a4c  _LUF_ISR                        
0     00339a42  _LVF_ISR                        
0     00339948  _MRINTA_ISR                     
0     00339934  _MRINTB_ISR                     
0     00339952  _MXINTA_ISR                     
0     0033993e  _MXINTB_ISR                     
1     00005000  _McbspaRegs                     
1     00005040  _McbspbRegs                     
0     00339786  _NMI_ISR                        
0     003387e4  _NTSC                           
0     00339a56  _PIE_RESERVED                   
1     00380090  _PartIdRegs                     
1     00000ce0  _PieCtrlRegs                    
1     00000d00  _PieVectTable                   
0     0033a41a  _PieVectTableInit               
0     00339772  _RTOSINT_ISR                    
0     0033a5ff  _RamfuncsLoadEnd                
0     0033a5b8  _RamfuncsLoadStart              
0     00008502  _RamfuncsRunStart               
0     003392d7  _Read_Buffer                    
0     00339b69  _Read_FLASH                     
0     0033913f  _Reset_Camera                   
0     00339067  _SCIA_init                      
0     00339073  _SCIB_init                      
0     003399c0  _SCIRXINTA_ISR                  
0     003399d4  _SCIRXINTB_ISR                  
0     003399ac  _SCIRXINTC_ISR                  
0     003399ca  _SCITXINTA_ISR                  
0     003399de  _SCITXINTB_ISR                  
0     003399b6  _SCITXINTC_ISR                  
0     00339812  _SEQ1INT_ISR                    
0     0033981c  _SEQ2INT_ISR                    
0     00339920  _SPIRXINTA_ISR                  
0     0033992a  _SPITXINTA_ISR                  
1     00007050  _SciaRegs                       
1     00007750  _ScibRegs                       
1     00007770  _ScicRegs                       
0     003390fc  _Send_Image_Name                
0     003390be  _Send_JPEG_Image                
0     00339dfa  _ServiceDog                     
0     0033928b  _Set_Photo_Size                 
1     0000e36c  _SourceAddr                     
1     00007040  _SpiaRegs                       
1     00007010  _SysCtrlRegs                    
0     00339844  _TINT0_ISR                      
0     003391d7  _Take_Photo                     
0     003397f4  _USER10_ISR                     
0     003397fe  _USER11_ISR                     
0     00339808  _USER12_ISR                     
0     0033979a  _USER1_ISR                      
0     003397a4  _USER2_ISR                      
0     003397ae  _USER3_ISR                      
0     003397b8  _USER4_ISR                      
0     003397c2  _USER5_ISR                      
0     003397cc  _USER6_ISR                      
0     003397d6  _USER7_ISR                      
0     003397e0  _USER8_ISR                      
0     003397ea  _USER9_ISR                      
0     00339ae7  _Update_FLASH                   
0     0033984e  _WAKEINT_ISR                    
0     0033911b  _Wait_For_Start                 
1     0000df80  _WnI                            
1     0000e080  _WnR                            
0     00339826  _XINT1_ISR                      
0     00339830  _XINT2_ISR                      
0     00339a10  _XINT3_ISR                      
0     00339a1a  _XINT4_ISR                      
0     00339a24  _XINT5_ISR                      
0     00339a2e  _XINT6_ISR                      
0     00339a38  _XINT7_ISR                      
1     00007070  _XIntruptRegs                   
1     00000b20  _XintfRegs                      
0     00338993  _YCbCr                          
1     00000800  __STACK_END                     
abs   000007b0  __STACK_SIZE                    
1     0000e362  ___TI_cleanup_ptr               
1     0000e364  ___TI_dtors_ptr                 
1     0000e360  ___TI_enable_exit_profile_output
abs   ffffffff  ___TI_pprof_out_hndl            
abs   ffffffff  ___TI_prof_data_size            
abs   ffffffff  ___TI_prof_data_start           
abs   ffffffff  ___binit__                      
abs   ffffffff  ___c_args__                     
0     0033a5ff  ___cinit__                      
0     0033a2d6  ___etext__                      
abs   ffffffff  ___pinit__                      
0     00338502  ___text__                       
0     0033a291  __args_main                     
1     0000e36e  __lock                          
0     0033a2c3  __nop                           
0     0033a2bf  __register_lock                 
0     0033a2bb  __register_unlock               
1     00000050  __stack                         
0     0033a1f1  __system_post_cinit             
0     0033a2d4  __system_pre_init               
1     0000e370  __unlock                        
0     0033a1a0  _abort                          
0     00339ced  _acos                           
0     00339ced  _acosf                          
0     0033a104  _c_int00                        
0     0033a15a  _copy_in                        
0     0033a2aa  _copysign                       
0     0033a2aa  _copysignf                      
0     0033a04b  _cos                            
0     0033a04b  _cosf                           
1     0000db40  _count                          
0     00008502  _cpu_timer0_isr                 
1     00009040  _data                           
1     0000dc80  _dataI0                         
1     0000de80  _dataI1                         
1     0000e180  _dataI2                         
1     0000e280  _dataR0                         
1     0000db80  _dataR1                         
1     0000dd80  _dataR2                         
0     0033a277  _ddcopy                         
0     003385d2  _dec_binary_check               
0     0033a277  _dpcopy                         
1     0000e372  _errno                          
0     0033a1a2  _exit                           
0     00338b4e  _finddata12                     
1     00009000  _image_len                      
0     00338af7  _initWn                         
1     00009001  _ksy                            
0     00339fe4  _ldexp                          
0     00339fe4  _ldexpf                         
0     00339bc6  _log                            
0     00339bc6  _logf                           
0     00338fb3  _main                           
0     003385f5  _max                            
0     0033a259  _memcpy                         
0     00338607  _min                            
0     0033a277  _pdcopy                         
0     003393d5  _pow                            
0     003393d5  _powf                           
0     0033a277  _ppcopy                         
0     00339a60  _rsvd_ISR                       
0     00339fe4  _scalbn                         
0     00339fe4  _scalbnf                        
0     0033a0ac  _sin                            
0     0033a0ac  _sinf                           
0     0033a1f2  _sqrt                           
0     0033a1f2  _sqrtf                          
1     00009002  _status                         
0     0033a2cc  _strlen                         
abs   ffffffff  binit                           
0     0033a5ff  cinit                           
0     0033fff6  code_start                      
0     0033a2d6  etext                           
abs   ffffffff  pinit                           


GLOBAL SYMBOLS: SORTED BY Symbol Address 

page  address   name                            
----  -------   ----                            
0     00008000  _Flash28_API_RunStart           
0     00008028  _Flash28335_Program             
0     000080d2  _Flash28335_Erase               
0     00008172  _Fl28x_EraseVerify              
0     000081ba  _Fl28x_ErasePulse               
0     0000820c  _Fl28x_LeaveCmdMode             
0     00008219  _Fl28x_EnterCmdMode             
0     0000823e  _Fl28x_FlashRegSleep            
0     0000825d  _Fl28x_OpenPulse                
0     0000826e  _Fl28x_ClosePulse               
0     00008285  _Fl28x_MaskAll                  
0     00008290  _Fl28x_ProgVerify               
0     000082ce  _Fl28x_ProgPulse                
0     00008310  _Fl28x_CompactVerify            
0     0000834a  _Fl28x_CompactPulse             
0     0000838d  _Fl28335_EraseSector            
0     000083e7  _Fl28335_CompactSector          
0     0000843a  _Fl28x_ClearLoop                
0     0000847b  _Fl28335_ClearSector            
0     000084ae  _Fl28335_Init                   
0     000084d7  _Fl28x_WatchDogDisable          
0     000084df  _Fl28x_DisableNMI               
0     000084eb  _Fl28x_Delay                    
0     000084f8  _Fl28x_DisableInt               
0     000084fc  _Fl28x_RestoreInt               
0     000084ff  _Flash28335_APIVersionHex       
0     00008502  _RamfuncsRunStart               
0     00008502  _cpu_timer0_isr                 
0     0000852a  _InitFlash                      
0     00008545  _DSP28x_usDelay                 
0     00300000  _A0                             
0     00338000  _Flash28_API_LoadStart          
0     00338502  .text                           
0     00338502  _Flash28_API_LoadEnd            
0     00338502  _Input_Image                    
0     00338502  ___text__                       
0     00338543  _CMY_Image                      
0     003385d2  _dec_binary_check               
0     003385f5  _max                            
0     00338607  _min                            
0     00338619  _HSI                            
0     003387e4  _NTSC                           
0     00338993  _YCbCr                          
0     00338af7  _initWn                         
0     00338b4e  _finddata12                     
0     00338cdb  _DFT_Image                      
0     00338dd8  _HSV                            
0     00338fb3  _main                           
0     0033904a  _Gpio_select                    
0     00339067  _SCIA_init                      
0     00339073  _SCIB_init                      
0     0033907f  _Flash_Write_Image              
0     003390b1  _Get_JPEG_Image                 
0     003390be  _Send_JPEG_Image                
0     003390fc  _Send_Image_Name                
0     0033911b  _Wait_For_Start                 
0     00339135  _Error_LED                      
0     0033913f  _Reset_Camera                   
0     0033918b  _Get_Version                    
0     003391d7  _Take_Photo                     
0     00339223  _Get_Buffer_Length              
0     0033928b  _Set_Photo_Size                 
0     003392d7  _Read_Buffer                    
0     003393b7  _Check_Reply                    
0     003393d5  _pow                            
0     003393d5  _powf                           
0     00339754  _INT13_ISR                      
0     0033975e  _INT14_ISR                      
0     00339768  _DATALOG_ISR                    
0     00339772  _RTOSINT_ISR                    
0     0033977c  _EMUINT_ISR                     
0     00339786  _NMI_ISR                        
0     00339790  _ILLEGAL_ISR                    
0     0033979a  _USER1_ISR                      
0     003397a4  _USER2_ISR                      
0     003397ae  _USER3_ISR                      
0     003397b8  _USER4_ISR                      
0     003397c2  _USER5_ISR                      
0     003397cc  _USER6_ISR                      
0     003397d6  _USER7_ISR                      
0     003397e0  _USER8_ISR                      
0     003397ea  _USER9_ISR                      
0     003397f4  _USER10_ISR                     
0     003397fe  _USER11_ISR                     
0     00339808  _USER12_ISR                     
0     00339812  _SEQ1INT_ISR                    
0     0033981c  _SEQ2INT_ISR                    
0     00339826  _XINT1_ISR                      
0     00339830  _XINT2_ISR                      
0     0033983a  _ADCINT_ISR                     
0     00339844  _TINT0_ISR                      
0     0033984e  _WAKEINT_ISR                    
0     00339858  _EPWM1_TZINT_ISR                
0     00339862  _EPWM2_TZINT_ISR                
0     0033986c  _EPWM3_TZINT_ISR                
0     00339876  _EPWM4_TZINT_ISR                
0     00339880  _EPWM5_TZINT_ISR                
0     0033988a  _EPWM6_TZINT_ISR                
0     00339894  _EPWM1_INT_ISR                  
0     0033989e  _EPWM2_INT_ISR                  
0     003398a8  _EPWM3_INT_ISR                  
0     003398b2  _EPWM4_INT_ISR                  
0     003398bc  _EPWM5_INT_ISR                  
0     003398c6  _EPWM6_INT_ISR                  
0     003398d0  _ECAP1_INT_ISR                  
0     003398da  _ECAP2_INT_ISR                  
0     003398e4  _ECAP3_INT_ISR                  
0     003398ee  _ECAP4_INT_ISR                  
0     003398f8  _ECAP5_INT_ISR                  
0     00339902  _ECAP6_INT_ISR                  
0     0033990c  _EQEP1_INT_ISR                  
0     00339916  _EQEP2_INT_ISR                  
0     00339920  _SPIRXINTA_ISR                  
0     0033992a  _SPITXINTA_ISR                  
0     00339934  _MRINTB_ISR                     
0     0033993e  _MXINTB_ISR                     
0     00339948  _MRINTA_ISR                     
0     00339952  _MXINTA_ISR                     
0     0033995c  _DINTCH1_ISR                    
0     00339966  _DINTCH2_ISR                    
0     00339970  _DINTCH3_ISR                    
0     0033997a  _DINTCH4_ISR                    
0     00339984  _DINTCH5_ISR                    
0     0033998e  _DINTCH6_ISR                    
0     00339998  _I2CINT1A_ISR                   
0     003399a2  _I2CINT2A_ISR                   
0     003399ac  _SCIRXINTC_ISR                  
0     003399b6  _SCITXINTC_ISR                  
0     003399c0  _SCIRXINTA_ISR                  
0     003399ca  _SCITXINTA_ISR                  
0     003399d4  _SCIRXINTB_ISR                  
0     003399de  _SCITXINTB_ISR                  
0     003399e8  _ECAN0INTA_ISR                  
0     003399f2  _ECAN1INTA_ISR                  
0     003399fc  _ECAN0INTB_ISR                  
0     00339a06  _ECAN1INTB_ISR                  
0     00339a10  _XINT3_ISR                      
0     00339a1a  _XINT4_ISR                      
0     00339a24  _XINT5_ISR                      
0     00339a2e  _XINT6_ISR                      
0     00339a38  _XINT7_ISR                      
0     00339a42  _LVF_ISR                        
0     00339a4c  _LUF_ISR                        
0     00339a56  _PIE_RESERVED                   
0     00339a60  _rsvd_ISR                       
0     00339a6a  _Init_Flash_PHOTO               
0     00339ae7  _Update_FLASH                   
0     00339b69  _Read_FLASH                     
0     00339bbf  _Error                          
0     00339bc6  _log                            
0     00339bc6  _logf                           
0     00339ced  _acos                           
0     00339ced  _acosf                          
0     00339df1  _InitSysCtrl                    
0     00339dfa  _ServiceDog                     
0     00339e04  _DisableDog                     
0     00339e0c  _InitPll                        
0     00339e5d  _InitPeripheralClocks           
0     00339eb8  _CsmUnlock                      
0     00339ee9  FS$$DIV                         
0     00339f71  _InitCpuTimers                  
0     00339faa  _ConfigCpuTimer                 
0     00339fe4  _ldexp                          
0     00339fe4  _ldexpf                         
0     00339fe4  _scalbn                         
0     00339fe4  _scalbnf                        
0     0033a04b  _cos                            
0     0033a04b  _cosf                           
0     0033a0ac  _sin                            
0     0033a0ac  _sinf                           
0     0033a104  _c_int00                        
0     0033a15a  _copy_in                        
0     0033a1a0  C$$EXIT                         
0     0033a1a0  _abort                          
0     0033a1a2  _exit                           
0     0033a1c9  _InitPieCtrl                    
0     0033a1e8  _EnableInterrupts               
0     0033a1f1  __system_post_cinit             
0     0033a1f2  _sqrt                           
0     0033a1f2  _sqrtf                          
0     0033a217  I$$DIV                          
0     0033a228  I$$MOD                          
0     0033a239  _InitPieVectTable               
0     0033a259  _memcpy                         
0     0033a277  _ddcopy                         
0     0033a277  _dpcopy                         
0     0033a277  _pdcopy                         
0     0033a277  _ppcopy                         
0     0033a291  __args_main                     
0     0033a2aa  _copysign                       
0     0033a2aa  _copysignf                      
0     0033a2bb  __register_unlock               
0     0033a2bf  __register_lock                 
0     0033a2c3  __nop                           
0     0033a2cc  _strlen                         
0     0033a2d4  __system_pre_init               
0     0033a2d6  ___etext__                      
0     0033a2d6  etext                           
0     0033a41a  _PieVectTableInit               
0     0033a5b8  _RamfuncsLoadStart              
0     0033a5ff  _RamfuncsLoadEnd                
0     0033a5ff  ___cinit__                      
0     0033a5ff  cinit                           
0     0033fff6  code_start                      
0     00380080  _ADC_cal                        
1     00000050  __stack                         
1     00000800  __STACK_END                     
1     00000880  _DevEmuRegs                     
1     00000a80  _FlashRegs                      
1     00000ae0  _CsmRegs                        
1     00000b00  _AdcMirror                      
1     00000b20  _XintfRegs                      
1     00000c00  _CpuTimer0Regs                  
1     00000c08  _CpuTimer1Regs                  
1     00000c10  _CpuTimer2Regs                  
1     00000ce0  _PieCtrlRegs                    
1     00000d00  _PieVectTable                   
1     00001000  _DmaRegs                        
1     00005000  _McbspaRegs                     
1     00005040  _McbspbRegs                     
1     00006000  _ECanaRegs                      
1     00006040  _ECanaLAMRegs                   
1     00006080  _ECanaMOTSRegs                  
1     000060c0  _ECanaMOTORegs                  
1     00006100  _ECanaMboxes                    
1     00006200  _ECanbRegs                      
1     00006240  _ECanbLAMRegs                   
1     00006280  _ECanbMOTSRegs                  
1     000062c0  _ECanbMOTORegs                  
1     00006300  _ECanbMboxes                    
1     00006800  _EPwm1Regs                      
1     00006840  _EPwm2Regs                      
1     00006880  _EPwm3Regs                      
1     000068c0  _EPwm4Regs                      
1     00006900  _EPwm5Regs                      
1     00006940  _EPwm6Regs                      
1     00006a00  _ECap1Regs                      
1     00006a20  _ECap2Regs                      
1     00006a40  _ECap3Regs                      
1     00006a60  _ECap4Regs                      
1     00006a80  _ECap5Regs                      
1     00006aa0  _ECap6Regs                      
1     00006b00  _EQep1Regs                      
1     00006b40  _EQep2Regs                      
1     00006f80  _GpioCtrlRegs                   
1     00006fc0  _GpioDataRegs                   
1     00006fe0  _GpioIntRegs                    
1     00007010  _SysCtrlRegs                    
1     00007040  _SpiaRegs                       
1     00007050  _SciaRegs                       
1     00007070  _XIntruptRegs                   
1     00007100  _AdcRegs                        
1     00007750  _ScibRegs                       
1     00007770  _ScicRegs                       
1     00007900  _I2caRegs                       
1     00009000  _image_len                      
1     00009001  _ksy                            
1     00009002  _status                         
1     00009040  _data                           
1     0000db40  _count                          
1     0000db80  _dataR1                         
1     0000dc80  _dataI0                         
1     0000dd80  _dataR2                         
1     0000de80  _dataI1                         
1     0000df80  _WnI                            
1     0000e080  _WnR                            
1     0000e180  _dataI2                         
1     0000e280  _dataR0                         
1     0000e348  _CpuTimer1                      
1     0000e350  _CpuTimer2                      
1     0000e358  _CpuTimer0                      
1     0000e360  ___TI_enable_exit_profile_output
1     0000e362  ___TI_cleanup_ptr               
1     0000e364  ___TI_dtors_ptr                 
1     0000e366  _Flash_CallbackPtr              
1     0000e368  _Flash_CPUScaleFactor           
1     0000e36a  _DestAddr                       
1     0000e36c  _SourceAddr                     
1     0000e36e  __lock                          
1     0000e370  __unlock                        
1     0000e372  _errno                          
1     0033fff8  _CsmPwl                         
1     00380090  _PartIdRegs                     
abs   000007b0  __STACK_SIZE                    
abs   ffffffff  ___TI_pprof_out_hndl            
abs   ffffffff  ___TI_prof_data_size            
abs   ffffffff  ___TI_prof_data_start           
abs   ffffffff  ___binit__                      
abs   ffffffff  ___c_args__                     
abs   ffffffff  ___pinit__                      
abs   ffffffff  binit                           
abs   ffffffff  pinit                           

[292 symbols]
