<?xml version="1.0"?>
<link_info>
   <banner>TMS320C2000 Linker Unix v15.12.3.LTS</banner>
   <copyright>Copyright (c) 1996-2015 Texas Instruments Incorporated</copyright>
   <link_time>0x5b51faf0</link_time>
   <link_errors>0x0</link_errors>
   <output_file>Image_Flash.pjt.out</output_file>
   <entry_point>
      <name>_c_int00</name>
      <address>0x33a104</address>
   </entry_point>
   <input_file_list>
      <input_file id="fl-2">
         <path>./</path>
         <kind>object</kind>
         <file>ADC.obj</file>
         <name>ADC.obj</name>
      </input_file>
      <input_file id="fl-3">
         <path>./</path>
         <kind>object</kind>
         <file>DSP2833x_ADC_cal.obj</file>
         <name>DSP2833x_ADC_cal.obj</name>
      </input_file>
      <input_file id="fl-4">
         <path>./</path>
         <kind>object</kind>
         <file>DSP2833x_Adc.obj</file>
         <name>DSP2833x_Adc.obj</name>
      </input_file>
      <input_file id="fl-5">
         <path>./</path>
         <kind>object</kind>
         <file>DSP2833x_CodeStartBranch.obj</file>
         <name>DSP2833x_CodeStartBranch.obj</name>
      </input_file>
      <input_file id="fl-6">
         <path>./</path>
         <kind>object</kind>
         <file>DSP2833x_CpuTimers.obj</file>
         <name>DSP2833x_CpuTimers.obj</name>
      </input_file>
      <input_file id="fl-7">
         <path>./</path>
         <kind>object</kind>
         <file>DSP2833x_DefaultIsr.obj</file>
         <name>DSP2833x_DefaultIsr.obj</name>
      </input_file>
      <input_file id="fl-8">
         <path>./</path>
         <kind>object</kind>
         <file>DSP2833x_GlobalVariableDefs.obj</file>
         <name>DSP2833x_GlobalVariableDefs.obj</name>
      </input_file>
      <input_file id="fl-9">
         <path>./</path>
         <kind>object</kind>
         <file>DSP2833x_PieCtrl.obj</file>
         <name>DSP2833x_PieCtrl.obj</name>
      </input_file>
      <input_file id="fl-a">
         <path>./</path>
         <kind>object</kind>
         <file>DSP2833x_PieVect.obj</file>
         <name>DSP2833x_PieVect.obj</name>
      </input_file>
      <input_file id="fl-b">
         <path>./</path>
         <kind>object</kind>
         <file>DSP2833x_SysCtrl.obj</file>
         <name>DSP2833x_SysCtrl.obj</name>
      </input_file>
      <input_file id="fl-c">
         <path>./</path>
         <kind>object</kind>
         <file>DSP2833x_usDelay.obj</file>
         <name>DSP2833x_usDelay.obj</name>
      </input_file>
      <input_file id="fl-d">
         <path>./</path>
         <kind>object</kind>
         <file>Image_FLASH_API.obj</file>
         <name>Image_FLASH_API.obj</name>
      </input_file>
      <input_file id="fl-e">
         <path>./</path>
         <kind>object</kind>
         <file>Image_Processing_Functions.obj</file>
         <name>Image_Processing_Functions.obj</name>
      </input_file>
      <input_file id="fl-f">
         <path>./</path>
         <kind>object</kind>
         <file>Image_main.obj</file>
         <name>Image_main.obj</name>
      </input_file>
      <input_file id="fl-18">
         <path>/tidcs/c28/Flash28_API/Flash28335_API_V210/lib/</path>
         <kind>archive</kind>
         <file>Flash28335_API_V210.lib</file>
         <name>Flash28_Erase.obj</name>
      </input_file>
      <input_file id="fl-19">
         <path>/tidcs/c28/Flash28_API/Flash28335_API_V210/lib/</path>
         <kind>archive</kind>
         <file>Flash28335_API_V210.lib</file>
         <name>Flash28_EraseSector.obj</name>
      </input_file>
      <input_file id="fl-1a">
         <path>/tidcs/c28/Flash28_API/Flash28335_API_V210/lib/</path>
         <kind>archive</kind>
         <file>Flash28335_API_V210.lib</file>
         <name>Flash28_Globals.obj</name>
      </input_file>
      <input_file id="fl-1b">
         <path>/tidcs/c28/Flash28_API/Flash28335_API_V210/lib/</path>
         <kind>archive</kind>
         <file>Flash28335_API_V210.lib</file>
         <name>Flash28_Init.obj</name>
      </input_file>
      <input_file id="fl-1c">
         <path>/tidcs/c28/Flash28_API/Flash28335_API_V210/lib/</path>
         <kind>archive</kind>
         <file>Flash28335_API_V210.lib</file>
         <name>Flash28_Internals.obj</name>
      </input_file>
      <input_file id="fl-1d">
         <path>/tidcs/c28/Flash28_API/Flash28335_API_V210/lib/</path>
         <kind>archive</kind>
         <file>Flash28335_API_V210.lib</file>
         <name>Flash28_Prog.obj</name>
      </input_file>
      <input_file id="fl-1e">
         <path>/tidcs/c28/Flash28_API/Flash28335_API_V210/lib/</path>
         <kind>archive</kind>
         <file>Flash28335_API_V210.lib</file>
         <name>Flash28_Prog_Pulse.obj</name>
      </input_file>
      <input_file id="fl-1f">
         <path>/tidcs/c28/Flash28_API/Flash28335_API_V210/lib/</path>
         <kind>archive</kind>
         <file>Flash28335_API_V210.lib</file>
         <name>Flash28_Utils.obj</name>
      </input_file>
      <input_file id="fl-20">
         <path>/tidcs/c28/Flash28_API/Flash28335_API_V210/lib/</path>
         <kind>archive</kind>
         <file>Flash28335_API_V210.lib</file>
         <name>Flash28_Version_Hex.obj</name>
      </input_file>
      <input_file id="fl-21">
         <path>/tidcs/c28/Flash28_API/Flash28335_API_V210/lib/</path>
         <kind>archive</kind>
         <file>Flash28335_API_V210.lib</file>
         <name>Flash28_ClearSector.obj</name>
      </input_file>
      <input_file id="fl-22">
         <path>/tidcs/c28/Flash28_API/Flash28335_API_V210/lib/</path>
         <kind>archive</kind>
         <file>Flash28335_API_V210.lib</file>
         <name>Flash28_CompactSector.obj</name>
      </input_file>
      <input_file id="fl-23">
         <path>/tidcs/c28/Flash28_API/Flash28335_API_V210/lib/</path>
         <kind>archive</kind>
         <file>Flash28335_API_V210.lib</file>
         <name>Flash28_Delay.obj</name>
      </input_file>
      <input_file id="fl-24">
         <path>/tidcs/c28/Flash28_API/Flash28335_API_V210/lib/</path>
         <kind>archive</kind>
         <file>Flash28335_API_V210.lib</file>
         <name>Flash28_DisInt.obj</name>
      </input_file>
      <input_file id="fl-25">
         <path>/tidcs/c28/Flash28_API/Flash28335_API_V210/lib/</path>
         <kind>archive</kind>
         <file>Flash28335_API_V210.lib</file>
         <name>Flash28_Erase_Pulse.obj</name>
      </input_file>
      <input_file id="fl-26">
         <path>/tidcs/c28/Flash28_API/Flash28335_API_V210/lib/</path>
         <kind>archive</kind>
         <file>Flash28335_API_V210.lib</file>
         <name>Flash28_ClearLoop.obj</name>
      </input_file>
      <input_file id="fl-27">
         <path>/tidcs/c28/Flash28_API/Flash28335_API_V210/lib/</path>
         <kind>archive</kind>
         <file>Flash28335_API_V210.lib</file>
         <name>Flash28_Compact_Pulse.obj</name>
      </input_file>
      <input_file id="fl-2d">
         <path>/opt/ti/ccsv6/tools/compiler/c2000_15.12.3.LTS/lib/</path>
         <kind>archive</kind>
         <file>rts2800_fpu32.lib</file>
         <name>boot.obj</name>
      </input_file>
      <input_file id="fl-2e">
         <path>/opt/ti/ccsv6/tools/compiler/c2000_15.12.3.LTS/lib/</path>
         <kind>archive</kind>
         <file>rts2800_fpu32.lib</file>
         <name>cpy_tbl.obj</name>
      </input_file>
      <input_file id="fl-2f">
         <path>/opt/ti/ccsv6/tools/compiler/c2000_15.12.3.LTS/lib/</path>
         <kind>archive</kind>
         <file>rts2800_fpu32.lib</file>
         <name>cpy_utils.obj</name>
      </input_file>
      <input_file id="fl-30">
         <path>/opt/ti/ccsv6/tools/compiler/c2000_15.12.3.LTS/lib/</path>
         <kind>archive</kind>
         <file>rts2800_fpu32.lib</file>
         <name>e_acosf.obj</name>
      </input_file>
      <input_file id="fl-31">
         <path>/opt/ti/ccsv6/tools/compiler/c2000_15.12.3.LTS/lib/</path>
         <kind>archive</kind>
         <file>rts2800_fpu32.lib</file>
         <name>e_logf.obj</name>
      </input_file>
      <input_file id="fl-32">
         <path>/opt/ti/ccsv6/tools/compiler/c2000_15.12.3.LTS/lib/</path>
         <kind>archive</kind>
         <file>rts2800_fpu32.lib</file>
         <name>e_powf.obj</name>
      </input_file>
      <input_file id="fl-33">
         <path>/opt/ti/ccsv6/tools/compiler/c2000_15.12.3.LTS/lib/</path>
         <kind>archive</kind>
         <file>rts2800_fpu32.lib</file>
         <name>e_sqrtf.obj</name>
      </input_file>
      <input_file id="fl-34">
         <path>/opt/ti/ccsv6/tools/compiler/c2000_15.12.3.LTS/lib/</path>
         <kind>archive</kind>
         <file>rts2800_fpu32.lib</file>
         <name>errno.obj</name>
      </input_file>
      <input_file id="fl-35">
         <path>/opt/ti/ccsv6/tools/compiler/c2000_15.12.3.LTS/lib/</path>
         <kind>archive</kind>
         <file>rts2800_fpu32.lib</file>
         <name>exit.obj</name>
      </input_file>
      <input_file id="fl-36">
         <path>/opt/ti/ccsv6/tools/compiler/c2000_15.12.3.LTS/lib/</path>
         <kind>archive</kind>
         <file>rts2800_fpu32.lib</file>
         <name>fs_div.obj</name>
      </input_file>
      <input_file id="fl-37">
         <path>/opt/ti/ccsv6/tools/compiler/c2000_15.12.3.LTS/lib/</path>
         <kind>archive</kind>
         <file>rts2800_fpu32.lib</file>
         <name>i_div.obj</name>
      </input_file>
      <input_file id="fl-38">
         <path>/opt/ti/ccsv6/tools/compiler/c2000_15.12.3.LTS/lib/</path>
         <kind>archive</kind>
         <file>rts2800_fpu32.lib</file>
         <name>memcpy.obj</name>
      </input_file>
      <input_file id="fl-39">
         <path>/opt/ti/ccsv6/tools/compiler/c2000_15.12.3.LTS/lib/</path>
         <kind>archive</kind>
         <file>rts2800_fpu32.lib</file>
         <name>pre_init.obj</name>
      </input_file>
      <input_file id="fl-3a">
         <path>/opt/ti/ccsv6/tools/compiler/c2000_15.12.3.LTS/lib/</path>
         <kind>archive</kind>
         <file>rts2800_fpu32.lib</file>
         <name>s_cosf.obj</name>
      </input_file>
      <input_file id="fl-3b">
         <path>/opt/ti/ccsv6/tools/compiler/c2000_15.12.3.LTS/lib/</path>
         <kind>archive</kind>
         <file>rts2800_fpu32.lib</file>
         <name>s_scalbnf.obj</name>
      </input_file>
      <input_file id="fl-3c">
         <path>/opt/ti/ccsv6/tools/compiler/c2000_15.12.3.LTS/lib/</path>
         <kind>archive</kind>
         <file>rts2800_fpu32.lib</file>
         <name>s_sinf.obj</name>
      </input_file>
      <input_file id="fl-3d">
         <path>/opt/ti/ccsv6/tools/compiler/c2000_15.12.3.LTS/lib/</path>
         <kind>archive</kind>
         <file>rts2800_fpu32.lib</file>
         <name>startup.obj</name>
      </input_file>
      <input_file id="fl-3e">
         <path>/opt/ti/ccsv6/tools/compiler/c2000_15.12.3.LTS/lib/</path>
         <kind>archive</kind>
         <file>rts2800_fpu32.lib</file>
         <name>strlen.obj</name>
      </input_file>
      <input_file id="fl-3f">
         <path>/opt/ti/ccsv6/tools/compiler/c2000_15.12.3.LTS/lib/</path>
         <kind>archive</kind>
         <file>rts2800_fpu32.lib</file>
         <name>_lock.obj</name>
      </input_file>
      <input_file id="fl-40">
         <path>/opt/ti/ccsv6/tools/compiler/c2000_15.12.3.LTS/lib/</path>
         <kind>archive</kind>
         <file>rts2800_fpu32.lib</file>
         <name>args_main.obj</name>
      </input_file>
      <input_file id="fl-41">
         <path>/opt/ti/ccsv6/tools/compiler/c2000_15.12.3.LTS/lib/</path>
         <kind>archive</kind>
         <file>rts2800_fpu32.lib</file>
         <name>s_copysignf.obj</name>
      </input_file>
   </input_file_list>
   <object_component_list>
      <object_component id="oc-a1">
         <name>PieVectTableFile</name>
         <uninitialized>true</uninitialized>
         <run_address>0xd00</run_address>
         <size>0x100</size>
         <input_file_ref idref="fl-8"/>
      </object_component>
      <object_component id="oc-9d">
         <name>DevEmuRegsFile</name>
         <uninitialized>true</uninitialized>
         <run_address>0x880</run_address>
         <size>0xd0</size>
         <input_file_ref idref="fl-8"/>
      </object_component>
      <object_component id="oc-73">
         <name>FlashRegsFile</name>
         <uninitialized>true</uninitialized>
         <run_address>0xa80</run_address>
         <size>0x8</size>
         <input_file_ref idref="fl-8"/>
      </object_component>
      <object_component id="oc-7b">
         <name>CsmRegsFile</name>
         <uninitialized>true</uninitialized>
         <run_address>0xae0</run_address>
         <size>0x10</size>
         <input_file_ref idref="fl-8"/>
      </object_component>
      <object_component id="oc-7c">
         <name>AdcMirrorFile</name>
         <uninitialized>true</uninitialized>
         <run_address>0xb00</run_address>
         <size>0x10</size>
         <input_file_ref idref="fl-8"/>
      </object_component>
      <object_component id="oc-80">
         <name>XintfRegsFile</name>
         <uninitialized>true</uninitialized>
         <run_address>0xb20</run_address>
         <size>0x1e</size>
         <input_file_ref idref="fl-8"/>
      </object_component>
      <object_component id="oc-74">
         <name>CpuTimer0RegsFile</name>
         <uninitialized>true</uninitialized>
         <run_address>0xc00</run_address>
         <size>0x8</size>
         <input_file_ref idref="fl-8"/>
      </object_component>
      <object_component id="oc-75">
         <name>CpuTimer1RegsFile</name>
         <uninitialized>true</uninitialized>
         <run_address>0xc08</run_address>
         <size>0x8</size>
         <input_file_ref idref="fl-8"/>
      </object_component>
      <object_component id="oc-71">
         <name>CpuTimer2RegsFile</name>
         <uninitialized>true</uninitialized>
         <run_address>0xc10</run_address>
         <size>0x8</size>
         <input_file_ref idref="fl-8"/>
      </object_component>
      <object_component id="oc-7e">
         <name>PieCtrlRegsFile</name>
         <uninitialized>true</uninitialized>
         <run_address>0xce0</run_address>
         <size>0x1a</size>
         <input_file_ref idref="fl-8"/>
      </object_component>
      <object_component id="oc-9e">
         <name>DmaRegsFile</name>
         <uninitialized>true</uninitialized>
         <run_address>0x1000</run_address>
         <size>0xe0</size>
         <input_file_ref idref="fl-8"/>
      </object_component>
      <object_component id="oc-91">
         <name>McbspaRegsFile</name>
         <uninitialized>true</uninitialized>
         <run_address>0x5000</run_address>
         <size>0x25</size>
         <input_file_ref idref="fl-8"/>
      </object_component>
      <object_component id="oc-90">
         <name>McbspbRegsFile</name>
         <uninitialized>true</uninitialized>
         <run_address>0x5040</run_address>
         <size>0x25</size>
         <input_file_ref idref="fl-8"/>
      </object_component>
      <object_component id="oc-93">
         <name>ECanaRegsFile</name>
         <uninitialized>true</uninitialized>
         <run_address>0x6000</run_address>
         <size>0x34</size>
         <input_file_ref idref="fl-8"/>
      </object_component>
      <object_component id="oc-97">
         <name>ECanaLAMRegsFile</name>
         <uninitialized>true</uninitialized>
         <run_address>0x6040</run_address>
         <size>0x40</size>
         <input_file_ref idref="fl-8"/>
      </object_component>
      <object_component id="oc-a0">
         <name>ECanaMboxesFile</name>
         <uninitialized>true</uninitialized>
         <run_address>0x6100</run_address>
         <size>0x100</size>
         <input_file_ref idref="fl-8"/>
      </object_component>
      <object_component id="oc-98">
         <name>ECanaMOTSRegsFile</name>
         <uninitialized>true</uninitialized>
         <run_address>0x6080</run_address>
         <size>0x40</size>
         <input_file_ref idref="fl-8"/>
      </object_component>
      <object_component id="oc-95">
         <name>ECanaMOTORegsFile</name>
         <uninitialized>true</uninitialized>
         <run_address>0x60c0</run_address>
         <size>0x40</size>
         <input_file_ref idref="fl-8"/>
      </object_component>
      <object_component id="oc-94">
         <name>ECanbRegsFile</name>
         <uninitialized>true</uninitialized>
         <run_address>0x6200</run_address>
         <size>0x34</size>
         <input_file_ref idref="fl-8"/>
      </object_component>
      <object_component id="oc-9c">
         <name>ECanbLAMRegsFile</name>
         <uninitialized>true</uninitialized>
         <run_address>0x6240</run_address>
         <size>0x40</size>
         <input_file_ref idref="fl-8"/>
      </object_component>
      <object_component id="oc-9f">
         <name>ECanbMboxesFile</name>
         <uninitialized>true</uninitialized>
         <run_address>0x6300</run_address>
         <size>0x100</size>
         <input_file_ref idref="fl-8"/>
      </object_component>
      <object_component id="oc-96">
         <name>ECanbMOTSRegsFile</name>
         <uninitialized>true</uninitialized>
         <run_address>0x6280</run_address>
         <size>0x40</size>
         <input_file_ref idref="fl-8"/>
      </object_component>
      <object_component id="oc-99">
         <name>ECanbMOTORegsFile</name>
         <uninitialized>true</uninitialized>
         <run_address>0x62c0</run_address>
         <size>0x40</size>
         <input_file_ref idref="fl-8"/>
      </object_component>
      <object_component id="oc-8e">
         <name>EPwm1RegsFile</name>
         <uninitialized>true</uninitialized>
         <run_address>0x6800</run_address>
         <size>0x22</size>
         <input_file_ref idref="fl-8"/>
      </object_component>
      <object_component id="oc-89">
         <name>EPwm2RegsFile</name>
         <uninitialized>true</uninitialized>
         <run_address>0x6840</run_address>
         <size>0x22</size>
         <input_file_ref idref="fl-8"/>
      </object_component>
      <object_component id="oc-8a">
         <name>EPwm3RegsFile</name>
         <uninitialized>true</uninitialized>
         <run_address>0x6880</run_address>
         <size>0x22</size>
         <input_file_ref idref="fl-8"/>
      </object_component>
      <object_component id="oc-8f">
         <name>EPwm4RegsFile</name>
         <uninitialized>true</uninitialized>
         <run_address>0x68c0</run_address>
         <size>0x22</size>
         <input_file_ref idref="fl-8"/>
      </object_component>
      <object_component id="oc-8c">
         <name>EPwm5RegsFile</name>
         <uninitialized>true</uninitialized>
         <run_address>0x6900</run_address>
         <size>0x22</size>
         <input_file_ref idref="fl-8"/>
      </object_component>
      <object_component id="oc-8d">
         <name>EPwm6RegsFile</name>
         <uninitialized>true</uninitialized>
         <run_address>0x6940</run_address>
         <size>0x22</size>
         <input_file_ref idref="fl-8"/>
      </object_component>
      <object_component id="oc-83">
         <name>ECap1RegsFile</name>
         <uninitialized>true</uninitialized>
         <run_address>0x6a00</run_address>
         <size>0x20</size>
         <input_file_ref idref="fl-8"/>
      </object_component>
      <object_component id="oc-84">
         <name>ECap2RegsFile</name>
         <uninitialized>true</uninitialized>
         <run_address>0x6a20</run_address>
         <size>0x20</size>
         <input_file_ref idref="fl-8"/>
      </object_component>
      <object_component id="oc-81">
         <name>ECap3RegsFile</name>
         <uninitialized>true</uninitialized>
         <run_address>0x6a40</run_address>
         <size>0x20</size>
         <input_file_ref idref="fl-8"/>
      </object_component>
      <object_component id="oc-82">
         <name>ECap4RegsFile</name>
         <uninitialized>true</uninitialized>
         <run_address>0x6a60</run_address>
         <size>0x20</size>
         <input_file_ref idref="fl-8"/>
      </object_component>
      <object_component id="oc-87">
         <name>ECap5RegsFile</name>
         <uninitialized>true</uninitialized>
         <run_address>0x6a80</run_address>
         <size>0x20</size>
         <input_file_ref idref="fl-8"/>
      </object_component>
      <object_component id="oc-88">
         <name>ECap6RegsFile</name>
         <uninitialized>true</uninitialized>
         <run_address>0x6aa0</run_address>
         <size>0x20</size>
         <input_file_ref idref="fl-8"/>
      </object_component>
      <object_component id="oc-9a">
         <name>EQep1RegsFile</name>
         <uninitialized>true</uninitialized>
         <run_address>0x6b00</run_address>
         <size>0x40</size>
         <input_file_ref idref="fl-8"/>
      </object_component>
      <object_component id="oc-9b">
         <name>EQep2RegsFile</name>
         <uninitialized>true</uninitialized>
         <run_address>0x6b40</run_address>
         <size>0x40</size>
         <input_file_ref idref="fl-8"/>
      </object_component>
      <object_component id="oc-92">
         <name>GpioCtrlRegsFile</name>
         <uninitialized>true</uninitialized>
         <run_address>0x6f80</run_address>
         <size>0x2e</size>
         <input_file_ref idref="fl-8"/>
      </object_component>
      <object_component id="oc-85">
         <name>GpioDataRegsFile</name>
         <uninitialized>true</uninitialized>
         <run_address>0x6fc0</run_address>
         <size>0x20</size>
         <input_file_ref idref="fl-8"/>
      </object_component>
      <object_component id="oc-76">
         <name>GpioIntRegsFile</name>
         <uninitialized>true</uninitialized>
         <run_address>0x6fe0</run_address>
         <size>0xa</size>
         <input_file_ref idref="fl-8"/>
      </object_component>
      <object_component id="oc-86">
         <name>SysCtrlRegsFile</name>
         <uninitialized>true</uninitialized>
         <run_address>0x7010</run_address>
         <size>0x20</size>
         <input_file_ref idref="fl-8"/>
      </object_component>
      <object_component id="oc-77">
         <name>SpiaRegsFile</name>
         <uninitialized>true</uninitialized>
         <run_address>0x7040</run_address>
         <size>0x10</size>
         <input_file_ref idref="fl-8"/>
      </object_component>
      <object_component id="oc-7a">
         <name>SciaRegsFile</name>
         <uninitialized>true</uninitialized>
         <run_address>0x7050</run_address>
         <size>0x10</size>
         <input_file_ref idref="fl-8"/>
      </object_component>
      <object_component id="oc-7d">
         <name>XIntruptRegsFile</name>
         <uninitialized>true</uninitialized>
         <run_address>0x7070</run_address>
         <size>0x10</size>
         <input_file_ref idref="fl-8"/>
      </object_component>
      <object_component id="oc-7f">
         <name>AdcRegsFile</name>
         <uninitialized>true</uninitialized>
         <run_address>0x7100</run_address>
         <size>0x1e</size>
         <input_file_ref idref="fl-8"/>
      </object_component>
      <object_component id="oc-78">
         <name>ScibRegsFile</name>
         <uninitialized>true</uninitialized>
         <run_address>0x7750</run_address>
         <size>0x10</size>
         <input_file_ref idref="fl-8"/>
      </object_component>
      <object_component id="oc-79">
         <name>ScicRegsFile</name>
         <uninitialized>true</uninitialized>
         <run_address>0x7770</run_address>
         <size>0x10</size>
         <input_file_ref idref="fl-8"/>
      </object_component>
      <object_component id="oc-8b">
         <name>I2caRegsFile</name>
         <uninitialized>true</uninitialized>
         <run_address>0x7900</run_address>
         <size>0x22</size>
         <input_file_ref idref="fl-8"/>
      </object_component>
      <object_component id="oc-72">
         <name>CsmPwlFile</name>
         <uninitialized>true</uninitialized>
         <run_address>0x33fff8</run_address>
         <size>0x8</size>
         <input_file_ref idref="fl-8"/>
      </object_component>
      <object_component id="oc-70">
         <name>PartIdRegsFile</name>
         <uninitialized>true</uninitialized>
         <run_address>0x380090</run_address>
         <size>0x1</size>
         <input_file_ref idref="fl-8"/>
      </object_component>
      <object_component id="oc-140">
         <name>.cinit</name>
         <load_address>0x33a5ff</load_address>
         <run_address>0x33a5ff</run_address>
         <size>0xe</size>
         <input_file_ref idref="fl-35"/>
      </object_component>
      <object_component id="oc-c7">
         <name>.cinit</name>
         <load_address>0x33a60d</load_address>
         <run_address>0x33a60d</run_address>
         <size>0xc</size>
         <input_file_ref idref="fl-f"/>
      </object_component>
      <object_component id="oc-d9">
         <name>.cinit</name>
         <load_address>0x33a619</load_address>
         <run_address>0x33a619</run_address>
         <size>0xa</size>
         <input_file_ref idref="fl-1a"/>
      </object_component>
      <object_component id="oc-bf">
         <name>.cinit</name>
         <load_address>0x33a623</load_address>
         <run_address>0x33a623</run_address>
         <size>0x5</size>
         <input_file_ref idref="fl-e"/>
      </object_component>
      <object_component id="oc-18c">
         <name>.cinit:__lock</name>
         <load_address>0x33a628</load_address>
         <run_address>0x33a628</run_address>
         <size>0x5</size>
         <input_file_ref idref="fl-3f"/>
      </object_component>
      <object_component id="oc-19d">
         <name>.cinit:__unlock</name>
         <load_address>0x33a62d</load_address>
         <run_address>0x33a62d</run_address>
         <size>0x5</size>
         <input_file_ref idref="fl-3f"/>
      </object_component>
      <object_component id="oc-13c">
         <name>.cinit</name>
         <load_address>0x33a632</load_address>
         <run_address>0x33a632</run_address>
         <size>0x4</size>
         <input_file_ref idref="fl-34"/>
      </object_component>
      <object_component id="oc-194">
         <name>.text</name>
         <load_address>0x338502</load_address>
         <run_address>0x338502</run_address>
         <size>0xab1</size>
         <input_file_ref idref="fl-e"/>
      </object_component>
      <object_component id="oc-18a">
         <name>.text</name>
         <load_address>0x338fb3</load_address>
         <run_address>0x338fb3</run_address>
         <size>0x422</size>
         <input_file_ref idref="fl-f"/>
      </object_component>
      <object_component id="oc-19f">
         <name>.text</name>
         <load_address>0x3393d5</load_address>
         <run_address>0x3393d5</run_address>
         <size>0x37f</size>
         <input_file_ref idref="fl-32"/>
      </object_component>
      <object_component id="oc-6a">
         <name>.text:retain</name>
         <load_address>0x339754</load_address>
         <run_address>0x339754</run_address>
         <size>0x316</size>
         <input_file_ref idref="fl-7"/>
      </object_component>
      <object_component id="oc-193">
         <name>.text</name>
         <load_address>0x339a6a</load_address>
         <run_address>0x339a6a</run_address>
         <size>0x15c</size>
         <input_file_ref idref="fl-d"/>
      </object_component>
      <object_component id="oc-1a4">
         <name>.text</name>
         <load_address>0x339bc6</load_address>
         <run_address>0x339bc6</run_address>
         <size>0x127</size>
         <input_file_ref idref="fl-31"/>
      </object_component>
      <object_component id="oc-1a0">
         <name>.text</name>
         <load_address>0x339ced</load_address>
         <run_address>0x339ced</run_address>
         <size>0x104</size>
         <input_file_ref idref="fl-30"/>
      </object_component>
      <object_component id="oc-18d">
         <name>.text</name>
         <load_address>0x339df1</load_address>
         <run_address>0x339df1</run_address>
         <size>0xf8</size>
         <input_file_ref idref="fl-b"/>
      </object_component>
      <object_component id="oc-146">
         <name>.text</name>
         <load_address>0x339ee9</load_address>
         <run_address>0x339ee9</run_address>
         <size>0x88</size>
         <input_file_ref idref="fl-36"/>
      </object_component>
      <object_component id="oc-192">
         <name>.text</name>
         <load_address>0x339f71</load_address>
         <run_address>0x339f71</run_address>
         <size>0x73</size>
         <input_file_ref idref="fl-6"/>
      </object_component>
      <object_component id="oc-1a9">
         <name>.text</name>
         <load_address>0x339fe4</load_address>
         <run_address>0x339fe4</run_address>
         <size>0x67</size>
         <input_file_ref idref="fl-3b"/>
      </object_component>
      <object_component id="oc-1a1">
         <name>.text</name>
         <load_address>0x33a04b</load_address>
         <run_address>0x33a04b</run_address>
         <size>0x61</size>
         <input_file_ref idref="fl-3a"/>
      </object_component>
      <object_component id="oc-1a2">
         <name>.text</name>
         <load_address>0x33a0ac</load_address>
         <run_address>0x33a0ac</run_address>
         <size>0x58</size>
         <input_file_ref idref="fl-3c"/>
      </object_component>
      <object_component id="oc-4d">
         <name>.text</name>
         <load_address>0x33a104</load_address>
         <run_address>0x33a104</run_address>
         <size>0x56</size>
         <input_file_ref idref="fl-2d"/>
      </object_component>
      <object_component id="oc-184">
         <name>.text</name>
         <load_address>0x33a15a</load_address>
         <run_address>0x33a15a</run_address>
         <size>0x46</size>
         <input_file_ref idref="fl-2e"/>
      </object_component>
      <object_component id="oc-187">
         <name>.text</name>
         <load_address>0x33a1a0</load_address>
         <run_address>0x33a1a0</run_address>
         <size>0x29</size>
         <input_file_ref idref="fl-35"/>
      </object_component>
      <object_component id="oc-190">
         <name>.text</name>
         <load_address>0x33a1c9</load_address>
         <run_address>0x33a1c9</run_address>
         <size>0x28</size>
         <input_file_ref idref="fl-9"/>
      </object_component>
      <object_component id="oc-185">
         <name>.text</name>
         <load_address>0x33a1f1</load_address>
         <run_address>0x33a1f1</run_address>
         <size>0x1</size>
         <input_file_ref idref="fl-3d"/>
      </object_component>
      <object_component id="oc-1a3">
         <name>.text</name>
         <load_address>0x33a1f2</load_address>
         <run_address>0x33a1f2</run_address>
         <size>0x25</size>
         <input_file_ref idref="fl-33"/>
      </object_component>
      <object_component id="oc-14b">
         <name>.text</name>
         <load_address>0x33a217</load_address>
         <run_address>0x33a217</run_address>
         <size>0x22</size>
         <input_file_ref idref="fl-37"/>
      </object_component>
      <object_component id="oc-191">
         <name>.text</name>
         <load_address>0x33a239</load_address>
         <run_address>0x33a239</run_address>
         <size>0x20</size>
         <input_file_ref idref="fl-a"/>
      </object_component>
      <object_component id="oc-18e">
         <name>.text</name>
         <load_address>0x33a259</load_address>
         <run_address>0x33a259</run_address>
         <size>0x1e</size>
         <input_file_ref idref="fl-38"/>
      </object_component>
      <object_component id="oc-11f">
         <name>.text</name>
         <load_address>0x33a277</load_address>
         <run_address>0x33a277</run_address>
         <size>0x1a</size>
         <input_file_ref idref="fl-2f"/>
      </object_component>
      <object_component id="oc-186">
         <name>.text</name>
         <load_address>0x33a291</load_address>
         <run_address>0x33a291</run_address>
         <size>0x19</size>
         <input_file_ref idref="fl-40"/>
      </object_component>
      <object_component id="oc-1aa">
         <name>.text</name>
         <load_address>0x33a2aa</load_address>
         <run_address>0x33a2aa</run_address>
         <size>0x11</size>
         <input_file_ref idref="fl-41"/>
      </object_component>
      <object_component id="oc-19c">
         <name>.text</name>
         <load_address>0x33a2bb</load_address>
         <run_address>0x33a2bb</run_address>
         <size>0x9</size>
         <input_file_ref idref="fl-3f"/>
      </object_component>
      <object_component id="oc-5d">
         <name>.text</name>
         <load_address>0x33a2c4</load_address>
         <run_address>0x33a2c4</run_address>
         <size>0x8</size>
         <input_file_ref idref="fl-5"/>
      </object_component>
      <object_component id="oc-195">
         <name>.text</name>
         <load_address>0x33a2cc</load_address>
         <run_address>0x33a2cc</run_address>
         <size>0x8</size>
         <input_file_ref idref="fl-3e"/>
      </object_component>
      <object_component id="oc-183">
         <name>.text</name>
         <load_address>0x33a2d4</load_address>
         <run_address>0x33a2d4</run_address>
         <size>0x2</size>
         <input_file_ref idref="fl-39"/>
      </object_component>
      <object_component id="oc-5e">
         <name>codestart</name>
         <load_address>0x33fff6</load_address>
         <run_address>0x33fff6</run_address>
         <size>0x2</size>
         <input_file_ref idref="fl-5"/>
      </object_component>
      <object_component id="oc-c9">
         <name>ramfuncs:retain</name>
         <load_address>0x33a5b8</load_address>
         <run_address>0x8502</run_address>
         <size>0x28</size>
         <input_file_ref idref="fl-f"/>
      </object_component>
      <object_component id="oc-18f">
         <name>ramfuncs</name>
         <load_address>0x33a5e0</load_address>
         <run_address>0x852a</run_address>
         <size>0x1b</size>
         <input_file_ref idref="fl-b"/>
      </object_component>
      <object_component id="oc-b2">
         <name>ramfuncs</name>
         <load_address>0x33a5fb</load_address>
         <run_address>0x8545</run_address>
         <size>0x4</size>
         <input_file_ref idref="fl-c"/>
      </object_component>
      <object_component id="oc-114">
         <name>.stack</name>
         <uninitialized>true</uninitialized>
         <run_address>0x50</run_address>
         <size>0x0</size>
         <input_file_ref idref="fl-2d"/>
      </object_component>
      <object_component id="oc-200">
         <name>.stack</name>
         <uninitialized>true</uninitialized>
         <run_address>0x50</run_address>
         <size>0x0</size>
      </object_component>
      <object_component id="oc-64">
         <name>.ebss</name>
         <uninitialized>true</uninitialized>
         <run_address>0xe348</run_address>
         <size>0x18</size>
         <input_file_ref idref="fl-6"/>
      </object_component>
      <object_component id="oc-b9">
         <name>.ebss</name>
         <uninitialized>true</uninitialized>
         <run_address>0xe36a</run_address>
         <size>0x4</size>
         <input_file_ref idref="fl-d"/>
      </object_component>
      <object_component id="oc-c0">
         <name>.ebss</name>
         <uninitialized>true</uninitialized>
         <run_address>0xdb40</run_address>
         <size>0x808</size>
         <input_file_ref idref="fl-e"/>
      </object_component>
      <object_component id="oc-c8">
         <name>.ebss</name>
         <uninitialized>true</uninitialized>
         <run_address>0x9000</run_address>
         <size>0x4b40</size>
         <input_file_ref idref="fl-f"/>
      </object_component>
      <object_component id="oc-da">
         <name>.ebss</name>
         <uninitialized>true</uninitialized>
         <run_address>0xe366</run_address>
         <size>0x4</size>
         <input_file_ref idref="fl-1a"/>
      </object_component>
      <object_component id="oc-13d">
         <name>.ebss</name>
         <uninitialized>true</uninitialized>
         <run_address>0xe372</run_address>
         <size>0x1</size>
         <input_file_ref idref="fl-34"/>
      </object_component>
      <object_component id="oc-141">
         <name>.ebss</name>
         <uninitialized>true</uninitialized>
         <run_address>0xe360</run_address>
         <size>0x6</size>
         <input_file_ref idref="fl-35"/>
      </object_component>
      <object_component id="oc-1a5">
         <name>.ebss:__unlock</name>
         <uninitialized>true</uninitialized>
         <run_address>0xe370</run_address>
         <size>0x2</size>
         <input_file_ref idref="fl-3f"/>
      </object_component>
      <object_component id="oc-18b">
         <name>.ebss:__lock</name>
         <uninitialized>true</uninitialized>
         <run_address>0xe36e</run_address>
         <size>0x2</size>
         <input_file_ref idref="fl-3f"/>
      </object_component>
      <object_component id="oc-c1">
         <name>.econst:.string</name>
         <load_address>0x33a2d6</load_address>
         <run_address>0x33a2d6</run_address>
         <size>0x144</size>
         <input_file_ref idref="fl-e"/>
      </object_component>
      <object_component id="oc-19e">
         <name>.econst:_PieVectTableInit</name>
         <load_address>0x33a41a</load_address>
         <run_address>0x33a41a</run_address>
         <size>0x100</size>
         <input_file_ref idref="fl-a"/>
      </object_component>
      <object_component id="oc-131">
         <name>.econst</name>
         <load_address>0x33a51a</load_address>
         <run_address>0x33a51a</run_address>
         <size>0x32</size>
         <input_file_ref idref="fl-32"/>
      </object_component>
      <object_component id="oc-19b">
         <name>.econst:_$P$T5$6</name>
         <load_address>0x33a54c</load_address>
         <run_address>0x33a54c</run_address>
         <size>0x10</size>
         <input_file_ref idref="fl-f"/>
      </object_component>
      <object_component id="oc-125">
         <name>.econst</name>
         <load_address>0x33a55c</load_address>
         <run_address>0x33a55c</run_address>
         <size>0x10</size>
         <input_file_ref idref="fl-30"/>
      </object_component>
      <object_component id="oc-12b">
         <name>.econst</name>
         <load_address>0x33a56c</load_address>
         <run_address>0x33a56c</run_address>
         <size>0x10</size>
         <input_file_ref idref="fl-31"/>
      </object_component>
      <object_component id="oc-ca">
         <name>.econst:.string</name>
         <load_address>0x33a57c</load_address>
         <run_address>0x33a57c</run_address>
         <size>0xf</size>
         <input_file_ref idref="fl-f"/>
      </object_component>
      <object_component id="oc-19a">
         <name>.econst:_$P$T4$5</name>
         <load_address>0x33a58b</load_address>
         <run_address>0x33a58b</run_address>
         <size>0x9</size>
         <input_file_ref idref="fl-f"/>
      </object_component>
      <object_component id="oc-160">
         <name>.econst</name>
         <load_address>0x33a594</load_address>
         <run_address>0x33a594</run_address>
         <size>0x6</size>
         <input_file_ref idref="fl-3b"/>
      </object_component>
      <object_component id="oc-198">
         <name>.econst:_$P$T2$3</name>
         <load_address>0x33a59a</load_address>
         <run_address>0x33a59a</run_address>
         <size>0x5</size>
         <input_file_ref idref="fl-f"/>
      </object_component>
      <object_component id="oc-199">
         <name>.econst:_$P$T3$4</name>
         <load_address>0x33a59f</load_address>
         <run_address>0x33a59f</run_address>
         <size>0x5</size>
         <input_file_ref idref="fl-f"/>
      </object_component>
      <object_component id="oc-196">
         <name>.econst:_$P$T0$1</name>
         <load_address>0x33a5a4</load_address>
         <run_address>0x33a5a4</run_address>
         <size>0x4</size>
         <input_file_ref idref="fl-f"/>
      </object_component>
      <object_component id="oc-197">
         <name>.econst:_$P$T1$2</name>
         <load_address>0x33a5a8</load_address>
         <run_address>0x33a5a8</run_address>
         <size>0x4</size>
         <input_file_ref idref="fl-f"/>
      </object_component>
      <object_component id="oc-1a6">
         <name>.econst:_bp</name>
         <load_address>0x33a5ac</load_address>
         <run_address>0x33a5ac</run_address>
         <size>0x4</size>
         <input_file_ref idref="fl-32"/>
      </object_component>
      <object_component id="oc-1a8">
         <name>.econst:_dp_h</name>
         <load_address>0x33a5b0</load_address>
         <run_address>0x33a5b0</run_address>
         <size>0x4</size>
         <input_file_ref idref="fl-32"/>
      </object_component>
      <object_component id="oc-1a7">
         <name>.econst:_dp_l</name>
         <load_address>0x33a5b4</load_address>
         <run_address>0x33a5b4</run_address>
         <size>0x4</size>
         <input_file_ref idref="fl-32"/>
      </object_component>
      <object_component id="oc-115">
         <name>.reset</name>
         <load_address>0x3fffc0</load_address>
         <run_address>0x3fffc0</run_address>
         <size>0x2</size>
         <input_file_ref idref="fl-2d"/>
      </object_component>
      <object_component id="oc-53">
         <name>.adc_cal</name>
         <load_address>0x380080</load_address>
         <run_address>0x380080</run_address>
         <size>0x7</size>
         <input_file_ref idref="fl-3"/>
      </object_component>
      <object_component id="oc-b8">
         <name>myFlashConstants</name>
         <uninitialized>true</uninitialized>
         <run_address>0x300000</run_address>
         <size>0x1</size>
         <input_file_ref idref="fl-d"/>
      </object_component>
      <object_component id="oc-188">
         <name>.econst:_Sector$1</name>
         <load_address>0x338000</load_address>
         <run_address>0x8000</run_address>
         <size>0x20</size>
         <input_file_ref idref="fl-18"/>
      </object_component>
      <object_component id="oc-189">
         <name>.econst:_SecKey$2</name>
         <load_address>0x338020</load_address>
         <run_address>0x8020</run_address>
         <size>0x8</size>
         <input_file_ref idref="fl-18"/>
      </object_component>
      <object_component id="oc-e4">
         <name>.text</name>
         <load_address>0x338028</load_address>
         <run_address>0x8028</run_address>
         <size>0xaa</size>
         <input_file_ref idref="fl-1d"/>
      </object_component>
      <object_component id="oc-cf">
         <name>.text</name>
         <load_address>0x3380d2</load_address>
         <run_address>0x80d2</run_address>
         <size>0xa0</size>
         <input_file_ref idref="fl-18"/>
      </object_component>
      <object_component id="oc-108">
         <name>.text</name>
         <load_address>0x338172</load_address>
         <run_address>0x8172</run_address>
         <size>0x9a</size>
         <input_file_ref idref="fl-25"/>
      </object_component>
      <object_component id="oc-e0">
         <name>.text</name>
         <load_address>0x33820c</load_address>
         <run_address>0x820c</run_address>
         <size>0x84</size>
         <input_file_ref idref="fl-1c"/>
      </object_component>
      <object_component id="oc-e9">
         <name>.text</name>
         <load_address>0x338290</load_address>
         <run_address>0x8290</run_address>
         <size>0x80</size>
         <input_file_ref idref="fl-1e"/>
      </object_component>
      <object_component id="oc-110">
         <name>.text</name>
         <load_address>0x338310</load_address>
         <run_address>0x8310</run_address>
         <size>0x7d</size>
         <input_file_ref idref="fl-27"/>
      </object_component>
      <object_component id="oc-d4">
         <name>.text</name>
         <load_address>0x33838d</load_address>
         <run_address>0x838d</run_address>
         <size>0x5a</size>
         <input_file_ref idref="fl-19"/>
      </object_component>
      <object_component id="oc-fb">
         <name>.text</name>
         <load_address>0x3383e7</load_address>
         <run_address>0x83e7</run_address>
         <size>0x53</size>
         <input_file_ref idref="fl-22"/>
      </object_component>
      <object_component id="oc-10c">
         <name>.text</name>
         <load_address>0x33843a</load_address>
         <run_address>0x843a</run_address>
         <size>0x41</size>
         <input_file_ref idref="fl-26"/>
      </object_component>
      <object_component id="oc-f6">
         <name>.text</name>
         <load_address>0x33847b</load_address>
         <run_address>0x847b</run_address>
         <size>0x33</size>
         <input_file_ref idref="fl-21"/>
      </object_component>
      <object_component id="oc-db">
         <name>.text</name>
         <load_address>0x3384ae</load_address>
         <run_address>0x84ae</run_address>
         <size>0x29</size>
         <input_file_ref idref="fl-1b"/>
      </object_component>
      <object_component id="oc-ed">
         <name>.text</name>
         <load_address>0x3384d7</load_address>
         <run_address>0x84d7</run_address>
         <size>0x14</size>
         <input_file_ref idref="fl-1f"/>
      </object_component>
      <object_component id="oc-100">
         <name>.text</name>
         <load_address>0x3384eb</load_address>
         <run_address>0x84eb</run_address>
         <size>0xd</size>
         <input_file_ref idref="fl-23"/>
      </object_component>
      <object_component id="oc-104">
         <name>.text</name>
         <load_address>0x3384f8</load_address>
         <run_address>0x84f8</run_address>
         <size>0x7</size>
         <input_file_ref idref="fl-24"/>
      </object_component>
      <object_component id="oc-f1">
         <name>.text</name>
         <load_address>0x3384ff</load_address>
         <run_address>0x84ff</run_address>
         <size>0x3</size>
         <input_file_ref idref="fl-20"/>
      </object_component>
      <object_component id="oc-4e">
         <name>.debug_info</name>
         <load_address>0x0</load_address>
         <run_address>0x0</run_address>
         <size>0xf1a</size>
         <input_file_ref idref="fl-2"/>
      </object_component>
      <object_component id="oc-54">
         <name>.debug_info</name>
         <load_address>0xf1a</load_address>
         <run_address>0xf1a</run_address>
         <size>0x129</size>
         <input_file_ref idref="fl-3"/>
      </object_component>
      <object_component id="oc-58">
         <name>.debug_info</name>
         <load_address>0x1043</load_address>
         <run_address>0x1043</run_address>
         <size>0x1edc</size>
         <input_file_ref idref="fl-4"/>
      </object_component>
      <object_component id="oc-5f">
         <name>.debug_info</name>
         <load_address>0x2f1f</load_address>
         <run_address>0x2f1f</run_address>
         <size>0x160</size>
         <input_file_ref idref="fl-5"/>
      </object_component>
      <object_component id="oc-63">
         <name>.debug_info</name>
         <load_address>0x307f</load_address>
         <run_address>0x307f</run_address>
         <size>0x9de</size>
         <input_file_ref idref="fl-6"/>
      </object_component>
      <object_component id="oc-69">
         <name>.debug_info</name>
         <load_address>0x3a5d</load_address>
         <run_address>0x3a5d</run_address>
         <size>0x2049</size>
         <input_file_ref idref="fl-7"/>
      </object_component>
      <object_component id="oc-6f">
         <name>.debug_info</name>
         <load_address>0x5aa6</load_address>
         <run_address>0x5aa6</run_address>
         <size>0x133d2</size>
         <input_file_ref idref="fl-8"/>
      </object_component>
      <object_component id="oc-a3">
         <name>.debug_info</name>
         <load_address>0x18e78</load_address>
         <run_address>0x18e78</run_address>
         <size>0xb86</size>
         <input_file_ref idref="fl-9"/>
      </object_component>
      <object_component id="oc-a8">
         <name>.debug_info</name>
         <load_address>0x199fe</load_address>
         <run_address>0x199fe</run_address>
         <size>0x22f8</size>
         <input_file_ref idref="fl-a"/>
      </object_component>
      <object_component id="oc-ad">
         <name>.debug_info</name>
         <load_address>0x1bcf6</load_address>
         <run_address>0x1bcf6</run_address>
         <size>0x20fa</size>
         <input_file_ref idref="fl-b"/>
      </object_component>
      <object_component id="oc-b3">
         <name>.debug_info</name>
         <load_address>0x1ddf0</load_address>
         <run_address>0x1ddf0</run_address>
         <size>0x129</size>
         <input_file_ref idref="fl-c"/>
      </object_component>
      <object_component id="oc-b7">
         <name>.debug_info</name>
         <load_address>0x1df19</load_address>
         <run_address>0x1df19</run_address>
         <size>0x21ef</size>
         <input_file_ref idref="fl-d"/>
      </object_component>
      <object_component id="oc-be">
         <name>.debug_info</name>
         <load_address>0x20108</load_address>
         <run_address>0x20108</run_address>
         <size>0x2d8b</size>
         <input_file_ref idref="fl-e"/>
      </object_component>
      <object_component id="oc-c6">
         <name>.debug_info</name>
         <load_address>0x22e93</load_address>
         <run_address>0x22e93</run_address>
         <size>0x6079</size>
         <input_file_ref idref="fl-f"/>
      </object_component>
      <object_component id="oc-d0">
         <name>.debug_info</name>
         <load_address>0x28f0c</load_address>
         <run_address>0x28f0c</run_address>
         <size>0x967</size>
         <input_file_ref idref="fl-18"/>
      </object_component>
      <object_component id="oc-d5">
         <name>.debug_info</name>
         <load_address>0x29873</load_address>
         <run_address>0x29873</run_address>
         <size>0x93a</size>
         <input_file_ref idref="fl-19"/>
      </object_component>
      <object_component id="oc-dc">
         <name>.debug_info</name>
         <load_address>0x2a1ad</load_address>
         <run_address>0x2a1ad</run_address>
         <size>0x649</size>
         <input_file_ref idref="fl-1b"/>
      </object_component>
      <object_component id="oc-e1">
         <name>.debug_info</name>
         <load_address>0x2a7f6</load_address>
         <run_address>0x2a7f6</run_address>
         <size>0x223</size>
         <input_file_ref idref="fl-1c"/>
      </object_component>
      <object_component id="oc-e5">
         <name>.debug_info</name>
         <load_address>0x2aa19</load_address>
         <run_address>0x2aa19</run_address>
         <size>0x9f6</size>
         <input_file_ref idref="fl-1d"/>
      </object_component>
      <object_component id="oc-ea">
         <name>.debug_info</name>
         <load_address>0x2b40f</load_address>
         <run_address>0x2b40f</run_address>
         <size>0x25c</size>
         <input_file_ref idref="fl-1e"/>
      </object_component>
      <object_component id="oc-ee">
         <name>.debug_info</name>
         <load_address>0x2b66b</load_address>
         <run_address>0x2b66b</run_address>
         <size>0xd5</size>
         <input_file_ref idref="fl-1f"/>
      </object_component>
      <object_component id="oc-f2">
         <name>.debug_info</name>
         <load_address>0x2b740</load_address>
         <run_address>0x2b740</run_address>
         <size>0x518</size>
         <input_file_ref idref="fl-20"/>
      </object_component>
      <object_component id="oc-f7">
         <name>.debug_info</name>
         <load_address>0x2bc58</load_address>
         <run_address>0x2bc58</run_address>
         <size>0x73c</size>
         <input_file_ref idref="fl-21"/>
      </object_component>
      <object_component id="oc-fc">
         <name>.debug_info</name>
         <load_address>0x2c394</load_address>
         <run_address>0x2c394</run_address>
         <size>0x94b</size>
         <input_file_ref idref="fl-22"/>
      </object_component>
      <object_component id="oc-101">
         <name>.debug_info</name>
         <load_address>0x2ccdf</load_address>
         <run_address>0x2ccdf</run_address>
         <size>0xa8</size>
         <input_file_ref idref="fl-23"/>
      </object_component>
      <object_component id="oc-105">
         <name>.debug_info</name>
         <load_address>0x2cd87</load_address>
         <run_address>0x2cd87</run_address>
         <size>0xb0</size>
         <input_file_ref idref="fl-24"/>
      </object_component>
      <object_component id="oc-109">
         <name>.debug_info</name>
         <load_address>0x2ce37</load_address>
         <run_address>0x2ce37</run_address>
         <size>0x266</size>
         <input_file_ref idref="fl-25"/>
      </object_component>
      <object_component id="oc-10d">
         <name>.debug_info</name>
         <load_address>0x2d09d</load_address>
         <run_address>0x2d09d</run_address>
         <size>0xe6</size>
         <input_file_ref idref="fl-26"/>
      </object_component>
      <object_component id="oc-111">
         <name>.debug_info</name>
         <load_address>0x2d183</load_address>
         <run_address>0x2d183</run_address>
         <size>0x265</size>
         <input_file_ref idref="fl-27"/>
      </object_component>
      <object_component id="oc-116">
         <name>.debug_info</name>
         <load_address>0x2d3e8</load_address>
         <run_address>0x2d3e8</run_address>
         <size>0x16c</size>
         <input_file_ref idref="fl-2d"/>
      </object_component>
      <object_component id="oc-11a">
         <name>.debug_info</name>
         <load_address>0x2d554</load_address>
         <run_address>0x2d554</run_address>
         <size>0x628</size>
         <input_file_ref idref="fl-2e"/>
      </object_component>
      <object_component id="oc-120">
         <name>.debug_info</name>
         <load_address>0x2db7c</load_address>
         <run_address>0x2db7c</run_address>
         <size>0x113</size>
         <input_file_ref idref="fl-2f"/>
      </object_component>
      <object_component id="oc-124">
         <name>.debug_info</name>
         <load_address>0x2dc8f</load_address>
         <run_address>0x2dc8f</run_address>
         <size>0x5d0</size>
         <input_file_ref idref="fl-30"/>
      </object_component>
      <object_component id="oc-12a">
         <name>.debug_info</name>
         <load_address>0x2e25f</load_address>
         <run_address>0x2e25f</run_address>
         <size>0x5c1</size>
         <input_file_ref idref="fl-31"/>
      </object_component>
      <object_component id="oc-130">
         <name>.debug_info</name>
         <load_address>0x2e820</load_address>
         <run_address>0x2e820</run_address>
         <size>0x927</size>
         <input_file_ref idref="fl-32"/>
      </object_component>
      <object_component id="oc-136">
         <name>.debug_info</name>
         <load_address>0x2f147</load_address>
         <run_address>0x2f147</run_address>
         <size>0x43b</size>
         <input_file_ref idref="fl-33"/>
      </object_component>
      <object_component id="oc-13b">
         <name>.debug_info</name>
         <load_address>0x2f582</load_address>
         <run_address>0x2f582</run_address>
         <size>0x1bc</size>
         <input_file_ref idref="fl-34"/>
      </object_component>
      <object_component id="oc-13f">
         <name>.debug_info</name>
         <load_address>0x2f73e</load_address>
         <run_address>0x2f73e</run_address>
         <size>0x5ac</size>
         <input_file_ref idref="fl-35"/>
      </object_component>
      <object_component id="oc-147">
         <name>.debug_info</name>
         <load_address>0x2fcea</load_address>
         <run_address>0x2fcea</run_address>
         <size>0x10d</size>
         <input_file_ref idref="fl-36"/>
      </object_component>
      <object_component id="oc-14c">
         <name>.debug_info</name>
         <load_address>0x2fdf7</load_address>
         <run_address>0x2fdf7</run_address>
         <size>0x13a</size>
         <input_file_ref idref="fl-37"/>
      </object_component>
      <object_component id="oc-150">
         <name>.debug_info</name>
         <load_address>0x2ff31</load_address>
         <run_address>0x2ff31</run_address>
         <size>0x470</size>
         <input_file_ref idref="fl-38"/>
      </object_component>
      <object_component id="oc-155">
         <name>.debug_info</name>
         <load_address>0x303a1</load_address>
         <run_address>0x303a1</run_address>
         <size>0x3e3</size>
         <input_file_ref idref="fl-39"/>
      </object_component>
      <object_component id="oc-15a">
         <name>.debug_info</name>
         <load_address>0x30784</load_address>
         <run_address>0x30784</run_address>
         <size>0x423</size>
         <input_file_ref idref="fl-3a"/>
      </object_component>
      <object_component id="oc-15f">
         <name>.debug_info</name>
         <load_address>0x30ba7</load_address>
         <run_address>0x30ba7</run_address>
         <size>0x549</size>
         <input_file_ref idref="fl-3b"/>
      </object_component>
      <object_component id="oc-165">
         <name>.debug_info</name>
         <load_address>0x310f0</load_address>
         <run_address>0x310f0</run_address>
         <size>0x435</size>
         <input_file_ref idref="fl-3c"/>
      </object_component>
      <object_component id="oc-16a">
         <name>.debug_info</name>
         <load_address>0x31525</load_address>
         <run_address>0x31525</run_address>
         <size>0x3e0</size>
         <input_file_ref idref="fl-3d"/>
      </object_component>
      <object_component id="oc-16f">
         <name>.debug_info</name>
         <load_address>0x31905</load_address>
         <run_address>0x31905</run_address>
         <size>0x4d0</size>
         <input_file_ref idref="fl-3e"/>
      </object_component>
      <object_component id="oc-174">
         <name>.debug_info</name>
         <load_address>0x31dd5</load_address>
         <run_address>0x31dd5</run_address>
         <size>0x502</size>
         <input_file_ref idref="fl-3f"/>
      </object_component>
      <object_component id="oc-179">
         <name>.debug_info</name>
         <load_address>0x322d7</load_address>
         <run_address>0x322d7</run_address>
         <size>0x4cf</size>
         <input_file_ref idref="fl-40"/>
      </object_component>
      <object_component id="oc-17e">
         <name>.debug_info</name>
         <load_address>0x327a6</load_address>
         <run_address>0x327a6</run_address>
         <size>0x47f</size>
         <input_file_ref idref="fl-41"/>
      </object_component>
      <object_component id="oc-201">
         <name>.debug_info</name>
         <load_address>0x32c25</load_address>
         <run_address>0x32c25</run_address>
         <size>0xe2</size>
      </object_component>
      <object_component id="oc-4f">
         <name>.debug_frame</name>
         <load_address>0x0</load_address>
         <run_address>0x0</run_address>
         <size>0x8c</size>
         <input_file_ref idref="fl-2"/>
      </object_component>
      <object_component id="oc-59">
         <name>.debug_frame</name>
         <load_address>0x8c</load_address>
         <run_address>0x8c</run_address>
         <size>0x8c</size>
         <input_file_ref idref="fl-4"/>
      </object_component>
      <object_component id="oc-65">
         <name>.debug_frame</name>
         <load_address>0x118</load_address>
         <run_address>0x118</run_address>
         <size>0xbc</size>
         <input_file_ref idref="fl-6"/>
      </object_component>
      <object_component id="oc-6b">
         <name>.debug_frame</name>
         <load_address>0x1d4</load_address>
         <run_address>0x1d4</run_address>
         <size>0xbf7</size>
         <input_file_ref idref="fl-7"/>
      </object_component>
      <object_component id="oc-a4">
         <name>.debug_frame</name>
         <load_address>0xdcb</load_address>
         <run_address>0xdcb</run_address>
         <size>0xb6</size>
         <input_file_ref idref="fl-9"/>
      </object_component>
      <object_component id="oc-a9">
         <name>.debug_frame</name>
         <load_address>0xe81</load_address>
         <run_address>0xe81</run_address>
         <size>0xa7</size>
         <input_file_ref idref="fl-a"/>
      </object_component>
      <object_component id="oc-ae">
         <name>.debug_frame</name>
         <load_address>0xf28</load_address>
         <run_address>0xf28</run_address>
         <size>0x12d</size>
         <input_file_ref idref="fl-b"/>
      </object_component>
      <object_component id="oc-ba">
         <name>.debug_frame</name>
         <load_address>0x1055</load_address>
         <run_address>0x1055</run_address>
         <size>0xfe</size>
         <input_file_ref idref="fl-d"/>
      </object_component>
      <object_component id="oc-c2">
         <name>.debug_frame</name>
         <load_address>0x1153</load_address>
         <run_address>0x1153</run_address>
         <size>0x1dd</size>
         <input_file_ref idref="fl-e"/>
      </object_component>
      <object_component id="oc-cb">
         <name>.debug_frame</name>
         <load_address>0x1330</load_address>
         <run_address>0x1330</run_address>
         <size>0x287</size>
         <input_file_ref idref="fl-f"/>
      </object_component>
      <object_component id="oc-d1">
         <name>.debug_frame</name>
         <load_address>0x15b7</load_address>
         <run_address>0x15b7</run_address>
         <size>0xcd</size>
         <input_file_ref idref="fl-18"/>
      </object_component>
      <object_component id="oc-d6">
         <name>.debug_frame</name>
         <load_address>0x1684</load_address>
         <run_address>0x1684</run_address>
         <size>0xcd</size>
         <input_file_ref idref="fl-19"/>
      </object_component>
      <object_component id="oc-dd">
         <name>.debug_frame</name>
         <load_address>0x1751</load_address>
         <run_address>0x1751</run_address>
         <size>0xd0</size>
         <input_file_ref idref="fl-1b"/>
      </object_component>
      <object_component id="oc-e6">
         <name>.debug_frame</name>
         <load_address>0x1821</load_address>
         <run_address>0x1821</run_address>
         <size>0xcd</size>
         <input_file_ref idref="fl-1d"/>
      </object_component>
      <object_component id="oc-f3">
         <name>.debug_frame</name>
         <load_address>0x18ee</load_address>
         <run_address>0x18ee</run_address>
         <size>0xc6</size>
         <input_file_ref idref="fl-20"/>
      </object_component>
      <object_component id="oc-f8">
         <name>.debug_frame</name>
         <load_address>0x19b4</load_address>
         <run_address>0x19b4</run_address>
         <size>0xcc</size>
         <input_file_ref idref="fl-21"/>
      </object_component>
      <object_component id="oc-fd">
         <name>.debug_frame</name>
         <load_address>0x1a80</load_address>
         <run_address>0x1a80</run_address>
         <size>0xcd</size>
         <input_file_ref idref="fl-22"/>
      </object_component>
      <object_component id="oc-11b">
         <name>.debug_frame</name>
         <load_address>0x1b4d</load_address>
         <run_address>0x1b4d</run_address>
         <size>0xba</size>
         <input_file_ref idref="fl-2e"/>
      </object_component>
      <object_component id="oc-126">
         <name>.debug_frame</name>
         <load_address>0x1c07</load_address>
         <run_address>0x1c07</run_address>
         <size>0xac</size>
         <input_file_ref idref="fl-30"/>
      </object_component>
      <object_component id="oc-12c">
         <name>.debug_frame</name>
         <load_address>0x1cb3</load_address>
         <run_address>0x1cb3</run_address>
         <size>0xb2</size>
         <input_file_ref idref="fl-31"/>
      </object_component>
      <object_component id="oc-132">
         <name>.debug_frame</name>
         <load_address>0x1d65</load_address>
         <run_address>0x1d65</run_address>
         <size>0xc4</size>
         <input_file_ref idref="fl-32"/>
      </object_component>
      <object_component id="oc-137">
         <name>.debug_frame</name>
         <load_address>0x1e29</load_address>
         <run_address>0x1e29</run_address>
         <size>0xa7</size>
         <input_file_ref idref="fl-33"/>
      </object_component>
      <object_component id="oc-142">
         <name>.debug_frame</name>
         <load_address>0x1ed0</load_address>
         <run_address>0x1ed0</run_address>
         <size>0xbf</size>
         <input_file_ref idref="fl-35"/>
      </object_component>
      <object_component id="oc-151">
         <name>.debug_frame</name>
         <load_address>0x1f8f</load_address>
         <run_address>0x1f8f</run_address>
         <size>0xa1</size>
         <input_file_ref idref="fl-38"/>
      </object_component>
      <object_component id="oc-156">
         <name>.debug_frame</name>
         <load_address>0x2030</load_address>
         <run_address>0x2030</run_address>
         <size>0xa1</size>
         <input_file_ref idref="fl-39"/>
      </object_component>
      <object_component id="oc-15b">
         <name>.debug_frame</name>
         <load_address>0x20d1</load_address>
         <run_address>0x20d1</run_address>
         <size>0xa8</size>
         <input_file_ref idref="fl-3a"/>
      </object_component>
      <object_component id="oc-161">
         <name>.debug_frame</name>
         <load_address>0x2179</load_address>
         <run_address>0x2179</run_address>
         <size>0xa1</size>
         <input_file_ref idref="fl-3b"/>
      </object_component>
      <object_component id="oc-166">
         <name>.debug_frame</name>
         <load_address>0x221a</load_address>
         <run_address>0x221a</run_address>
         <size>0xa8</size>
         <input_file_ref idref="fl-3c"/>
      </object_component>
      <object_component id="oc-16b">
         <name>.debug_frame</name>
         <load_address>0x22c2</load_address>
         <run_address>0x22c2</run_address>
         <size>0xa1</size>
         <input_file_ref idref="fl-3d"/>
      </object_component>
      <object_component id="oc-170">
         <name>.debug_frame</name>
         <load_address>0x2363</load_address>
         <run_address>0x2363</run_address>
         <size>0xa1</size>
         <input_file_ref idref="fl-3e"/>
      </object_component>
      <object_component id="oc-175">
         <name>.debug_frame</name>
         <load_address>0x2404</load_address>
         <run_address>0x2404</run_address>
         <size>0xcb</size>
         <input_file_ref idref="fl-3f"/>
      </object_component>
      <object_component id="oc-17a">
         <name>.debug_frame</name>
         <load_address>0x24cf</load_address>
         <run_address>0x24cf</run_address>
         <size>0xa1</size>
         <input_file_ref idref="fl-40"/>
      </object_component>
      <object_component id="oc-17f">
         <name>.debug_frame</name>
         <load_address>0x2570</load_address>
         <run_address>0x2570</run_address>
         <size>0xa1</size>
         <input_file_ref idref="fl-41"/>
      </object_component>
      <object_component id="oc-50">
         <name>.debug_line</name>
         <load_address>0x0</load_address>
         <run_address>0x0</run_address>
         <size>0x29</size>
         <input_file_ref idref="fl-2"/>
      </object_component>
      <object_component id="oc-55">
         <name>.debug_line</name>
         <load_address>0x29</load_address>
         <run_address>0x29</run_address>
         <size>0x49</size>
         <input_file_ref idref="fl-3"/>
      </object_component>
      <object_component id="oc-5a">
         <name>.debug_line</name>
         <load_address>0x72</load_address>
         <run_address>0x72</run_address>
         <size>0x32</size>
         <input_file_ref idref="fl-4"/>
      </object_component>
      <object_component id="oc-60">
         <name>.debug_line</name>
         <load_address>0xa4</load_address>
         <run_address>0xa4</run_address>
         <size>0x61</size>
         <input_file_ref idref="fl-5"/>
      </object_component>
      <object_component id="oc-66">
         <name>.debug_line</name>
         <load_address>0x105</load_address>
         <run_address>0x105</run_address>
         <size>0x84</size>
         <input_file_ref idref="fl-6"/>
      </object_component>
      <object_component id="oc-6c">
         <name>.debug_line</name>
         <load_address>0x189</load_address>
         <run_address>0x189</run_address>
         <size>0x74e</size>
         <input_file_ref idref="fl-7"/>
      </object_component>
      <object_component id="oc-a5">
         <name>.debug_line</name>
         <load_address>0x8d7</load_address>
         <run_address>0x8d7</run_address>
         <size>0x86</size>
         <input_file_ref idref="fl-9"/>
      </object_component>
      <object_component id="oc-aa">
         <name>.debug_line</name>
         <load_address>0x95d</load_address>
         <run_address>0x95d</run_address>
         <size>0x68</size>
         <input_file_ref idref="fl-a"/>
      </object_component>
      <object_component id="oc-af">
         <name>.debug_line</name>
         <load_address>0x9c5</load_address>
         <run_address>0x9c5</run_address>
         <size>0x165</size>
         <input_file_ref idref="fl-b"/>
      </object_component>
      <object_component id="oc-b4">
         <name>.debug_line</name>
         <load_address>0xb2a</load_address>
         <run_address>0xb2a</run_address>
         <size>0x48</size>
         <input_file_ref idref="fl-c"/>
      </object_component>
      <object_component id="oc-bb">
         <name>.debug_line</name>
         <load_address>0xb72</load_address>
         <run_address>0xb72</run_address>
         <size>0x144</size>
         <input_file_ref idref="fl-d"/>
      </object_component>
      <object_component id="oc-c3">
         <name>.debug_line</name>
         <load_address>0xcb6</load_address>
         <run_address>0xcb6</run_address>
         <size>0x9cd</size>
         <input_file_ref idref="fl-e"/>
      </object_component>
      <object_component id="oc-cc">
         <name>.debug_line</name>
         <load_address>0x1683</load_address>
         <run_address>0x1683</run_address>
         <size>0x561</size>
         <input_file_ref idref="fl-f"/>
      </object_component>
      <object_component id="oc-d2">
         <name>.debug_line</name>
         <load_address>0x1be4</load_address>
         <run_address>0x1be4</run_address>
         <size>0xb3</size>
         <input_file_ref idref="fl-18"/>
      </object_component>
      <object_component id="oc-d7">
         <name>.debug_line</name>
         <load_address>0x1c97</load_address>
         <run_address>0x1c97</run_address>
         <size>0x8d</size>
         <input_file_ref idref="fl-19"/>
      </object_component>
      <object_component id="oc-de">
         <name>.debug_line</name>
         <load_address>0x1d24</load_address>
         <run_address>0x1d24</run_address>
         <size>0x5b</size>
         <input_file_ref idref="fl-1b"/>
      </object_component>
      <object_component id="oc-e2">
         <name>.debug_line</name>
         <load_address>0x1d7f</load_address>
         <run_address>0x1d7f</run_address>
         <size>0xe2</size>
         <input_file_ref idref="fl-1c"/>
      </object_component>
      <object_component id="oc-e7">
         <name>.debug_line</name>
         <load_address>0x1e61</load_address>
         <run_address>0x1e61</run_address>
         <size>0xe8</size>
         <input_file_ref idref="fl-1d"/>
      </object_component>
      <object_component id="oc-eb">
         <name>.debug_line</name>
         <load_address>0x1f49</load_address>
         <run_address>0x1f49</run_address>
         <size>0xa8</size>
         <input_file_ref idref="fl-1e"/>
      </object_component>
      <object_component id="oc-ef">
         <name>.debug_line</name>
         <load_address>0x1ff1</load_address>
         <run_address>0x1ff1</run_address>
         <size>0x57</size>
         <input_file_ref idref="fl-1f"/>
      </object_component>
      <object_component id="oc-f4">
         <name>.debug_line</name>
         <load_address>0x2048</load_address>
         <run_address>0x2048</run_address>
         <size>0x47</size>
         <input_file_ref idref="fl-20"/>
      </object_component>
      <object_component id="oc-f9">
         <name>.debug_line</name>
         <load_address>0x208f</load_address>
         <run_address>0x208f</run_address>
         <size>0x5a</size>
         <input_file_ref idref="fl-21"/>
      </object_component>
      <object_component id="oc-fe">
         <name>.debug_line</name>
         <load_address>0x20e9</load_address>
         <run_address>0x20e9</run_address>
         <size>0x9b</size>
         <input_file_ref idref="fl-22"/>
      </object_component>
      <object_component id="oc-102">
         <name>.debug_line</name>
         <load_address>0x2184</load_address>
         <run_address>0x2184</run_address>
         <size>0x45</size>
         <input_file_ref idref="fl-23"/>
      </object_component>
      <object_component id="oc-106">
         <name>.debug_line</name>
         <load_address>0x21c9</load_address>
         <run_address>0x21c9</run_address>
         <size>0x44</size>
         <input_file_ref idref="fl-24"/>
      </object_component>
      <object_component id="oc-10a">
         <name>.debug_line</name>
         <load_address>0x220d</load_address>
         <run_address>0x220d</run_address>
         <size>0xbb</size>
         <input_file_ref idref="fl-25"/>
      </object_component>
      <object_component id="oc-10e">
         <name>.debug_line</name>
         <load_address>0x22c8</load_address>
         <run_address>0x22c8</run_address>
         <size>0x7a</size>
         <input_file_ref idref="fl-26"/>
      </object_component>
      <object_component id="oc-112">
         <name>.debug_line</name>
         <load_address>0x2342</load_address>
         <run_address>0x2342</run_address>
         <size>0xa8</size>
         <input_file_ref idref="fl-27"/>
      </object_component>
      <object_component id="oc-117">
         <name>.debug_line</name>
         <load_address>0x23ea</load_address>
         <run_address>0x23ea</run_address>
         <size>0x7e</size>
         <input_file_ref idref="fl-2d"/>
      </object_component>
      <object_component id="oc-11c">
         <name>.debug_line</name>
         <load_address>0x2468</load_address>
         <run_address>0x2468</run_address>
         <size>0x6a</size>
         <input_file_ref idref="fl-2e"/>
      </object_component>
      <object_component id="oc-121">
         <name>.debug_line</name>
         <load_address>0x24d2</load_address>
         <run_address>0x24d2</run_address>
         <size>0x50</size>
         <input_file_ref idref="fl-2f"/>
      </object_component>
      <object_component id="oc-127">
         <name>.debug_line</name>
         <load_address>0x2522</load_address>
         <run_address>0x2522</run_address>
         <size>0x7a</size>
         <input_file_ref idref="fl-30"/>
      </object_component>
      <object_component id="oc-12d">
         <name>.debug_line</name>
         <load_address>0x259c</load_address>
         <run_address>0x259c</run_address>
         <size>0xd8</size>
         <input_file_ref idref="fl-31"/>
      </object_component>
      <object_component id="oc-133">
         <name>.debug_line</name>
         <load_address>0x2674</load_address>
         <run_address>0x2674</run_address>
         <size>0x213</size>
         <input_file_ref idref="fl-32"/>
      </object_component>
      <object_component id="oc-138">
         <name>.debug_line</name>
         <load_address>0x2887</load_address>
         <run_address>0x2887</run_address>
         <size>0x57</size>
         <input_file_ref idref="fl-33"/>
      </object_component>
      <object_component id="oc-143">
         <name>.debug_line</name>
         <load_address>0x28de</load_address>
         <run_address>0x28de</run_address>
         <size>0x65</size>
         <input_file_ref idref="fl-35"/>
      </object_component>
      <object_component id="oc-148">
         <name>.debug_line</name>
         <load_address>0x2943</load_address>
         <run_address>0x2943</run_address>
         <size>0xad</size>
         <input_file_ref idref="fl-36"/>
      </object_component>
      <object_component id="oc-14d">
         <name>.debug_line</name>
         <load_address>0x29f0</load_address>
         <run_address>0x29f0</run_address>
         <size>0x69</size>
         <input_file_ref idref="fl-37"/>
      </object_component>
      <object_component id="oc-152">
         <name>.debug_line</name>
         <load_address>0x2a59</load_address>
         <run_address>0x2a59</run_address>
         <size>0x62</size>
         <input_file_ref idref="fl-38"/>
      </object_component>
      <object_component id="oc-157">
         <name>.debug_line</name>
         <load_address>0x2abb</load_address>
         <run_address>0x2abb</run_address>
         <size>0x3e</size>
         <input_file_ref idref="fl-39"/>
      </object_component>
      <object_component id="oc-15c">
         <name>.debug_line</name>
         <load_address>0x2af9</load_address>
         <run_address>0x2af9</run_address>
         <size>0x50</size>
         <input_file_ref idref="fl-3a"/>
      </object_component>
      <object_component id="oc-162">
         <name>.debug_line</name>
         <load_address>0x2b49</load_address>
         <run_address>0x2b49</run_address>
         <size>0x6e</size>
         <input_file_ref idref="fl-3b"/>
      </object_component>
      <object_component id="oc-167">
         <name>.debug_line</name>
         <load_address>0x2bb7</load_address>
         <run_address>0x2bb7</run_address>
         <size>0x63</size>
         <input_file_ref idref="fl-3c"/>
      </object_component>
      <object_component id="oc-16c">
         <name>.debug_line</name>
         <load_address>0x2c1a</load_address>
         <run_address>0x2c1a</run_address>
         <size>0x3a</size>
         <input_file_ref idref="fl-3d"/>
      </object_component>
      <object_component id="oc-171">
         <name>.debug_line</name>
         <load_address>0x2c54</load_address>
         <run_address>0x2c54</run_address>
         <size>0xa7</size>
         <input_file_ref idref="fl-3e"/>
      </object_component>
      <object_component id="oc-176">
         <name>.debug_line</name>
         <load_address>0x2cfb</load_address>
         <run_address>0x2cfb</run_address>
         <size>0x5e</size>
         <input_file_ref idref="fl-3f"/>
      </object_component>
      <object_component id="oc-17b">
         <name>.debug_line</name>
         <load_address>0x2d59</load_address>
         <run_address>0x2d59</run_address>
         <size>0x55</size>
         <input_file_ref idref="fl-40"/>
      </object_component>
      <object_component id="oc-180">
         <name>.debug_line</name>
         <load_address>0x2dae</load_address>
         <run_address>0x2dae</run_address>
         <size>0x46</size>
         <input_file_ref idref="fl-41"/>
      </object_component>
      <object_component id="oc-51">
         <name>.debug_abbrev</name>
         <load_address>0x0</load_address>
         <run_address>0x0</run_address>
         <size>0xf8</size>
         <input_file_ref idref="fl-2"/>
      </object_component>
      <object_component id="oc-56">
         <name>.debug_abbrev</name>
[...]
      <symbol id="sm-275">
         <name>_InitFlash</name>
         <value>0x852a</value>
         <object_component_ref idref="oc-18f"/>
      </symbol>
      <symbol id="sm-276">
         <name>_CsmUnlock</name>
         <value>0x339eb8</value>
         <object_component_ref idref="oc-18d"/>
      </symbol>
      <symbol id="sm-277">
         <name>_ServiceDog</name>
         <value>0x339dfa</value>
         <object_component_ref idref="oc-18d"/>
      </symbol>
      <symbol id="sm-278">
         <name>_InitSysCtrl</name>
         <value>0x339df1</value>
         <object_component_ref idref="oc-18d"/>
      </symbol>
      <symbol id="sm-284">
         <name>_DSP28x_usDelay</name>
         <value>0x8545</value>
         <object_component_ref idref="oc-b2"/>
      </symbol>
      <symbol id="sm-2a9">
         <name>_Init_Flash_PHOTO</name>
         <value>0x339a6a</value>
         <object_component_ref idref="oc-193"/>
      </symbol>
      <symbol id="sm-2aa">
         <name>_Update_FLASH</name>
         <value>0x339ae7</value>
         <object_component_ref idref="oc-193"/>
      </symbol>
      <symbol id="sm-2ab">
         <name>_SourceAddr</name>
         <value>0xe36c</value>
         <object_component_ref idref="oc-b9"/>
      </symbol>
      <symbol id="sm-2ac">
         <name>_Error</name>
         <value>0x339bbf</value>
         <object_component_ref idref="oc-193"/>
      </symbol>
      <symbol id="sm-2ad">
         <name>_DestAddr</name>
         <value>0xe36a</value>
         <object_component_ref idref="oc-b9"/>
      </symbol>
      <symbol id="sm-2ae">
         <name>_A0</name>
         <value>0x300000</value>
         <object_component_ref idref="oc-b8"/>
      </symbol>
      <symbol id="sm-2af">
         <name>_Read_FLASH</name>
         <value>0x339b69</value>
         <object_component_ref idref="oc-193"/>
      </symbol>
      <symbol id="sm-384">
         <name>_DFT_Image</name>
         <value>0x338cdb</value>
         <object_component_ref idref="oc-194"/>
      </symbol>
      <symbol id="sm-385">
         <name>_dataR1</name>
         <value>0xdb80</value>
         <object_component_ref idref="oc-c0"/>
      </symbol>
      <symbol id="sm-386">
         <name>_dataR0</name>
         <value>0xe280</value>
         <object_component_ref idref="oc-c0"/>
      </symbol>
      <symbol id="sm-387">
         <name>_dataR2</name>
         <value>0xdd80</value>
         <object_component_ref idref="oc-c0"/>
      </symbol>
      <symbol id="sm-388">
         <name>_Input_Image</name>
         <value>0x338502</value>
         <object_component_ref idref="oc-194"/>
      </symbol>
      <symbol id="sm-389">
         <name>_CMY_Image</name>
         <value>0x338543</value>
         <object_component_ref idref="oc-194"/>
      </symbol>
      <symbol id="sm-38a">
         <name>_HSV</name>
         <value>0x338dd8</value>
         <object_component_ref idref="oc-194"/>
      </symbol>
      <symbol id="sm-38b">
         <name>_HSI</name>
         <value>0x338619</value>
         <object_component_ref idref="oc-194"/>
      </symbol>
      <symbol id="sm-38c">
         <name>_YCbCr</name>
         <value>0x338993</value>
         <object_component_ref idref="oc-194"/>
      </symbol>
      <symbol id="sm-38d">
         <name>_WnR</name>
         <value>0xe080</value>
         <object_component_ref idref="oc-c0"/>
      </symbol>
      <symbol id="sm-38e">
         <name>_WnI</name>
         <value>0xdf80</value>
         <object_component_ref idref="oc-c0"/>
      </symbol>
      <symbol id="sm-38f">
         <name>_dec_binary_check</name>
         <value>0x3385d2</value>
         <object_component_ref idref="oc-194"/>
      </symbol>
      <symbol id="sm-390">
         <name>_min</name>
         <value>0x338607</value>
         <object_component_ref idref="oc-194"/>
      </symbol>
      <symbol id="sm-391">
         <name>_NTSC</name>
         <value>0x3387e4</value>
         <object_component_ref idref="oc-194"/>
      </symbol>
      <symbol id="sm-392">
         <name>_dataI1</name>
         <value>0xde80</value>
         <object_component_ref idref="oc-c0"/>
      </symbol>
      <symbol id="sm-393">
         <name>_dataI0</name>
         <value>0xdc80</value>
         <object_component_ref idref="oc-c0"/>
      </symbol>
      <symbol id="sm-394">
         <name>_dataI2</name>
         <value>0xe180</value>
         <object_component_ref idref="oc-c0"/>
      </symbol>
      <symbol id="sm-395">
         <name>_initWn</name>
         <value>0x338af7</value>
         <object_component_ref idref="oc-194"/>
      </symbol>
      <symbol id="sm-396">
         <name>_max</name>
         <value>0x3385f5</value>
         <object_component_ref idref="oc-194"/>
      </symbol>
      <symbol id="sm-397">
         <name>_count</name>
         <value>0xdb40</value>
         <object_component_ref idref="oc-c0"/>
      </symbol>
      <symbol id="sm-398">
         <name>_finddata12</name>
         <value>0x338b4e</value>
         <object_component_ref idref="oc-194"/>
      </symbol>
      <symbol id="sm-414">
         <name>_ksy</name>
         <value>0x9001</value>
         <object_component_ref idref="oc-c8"/>
      </symbol>
      <symbol id="sm-415">
         <name>_main</name>
         <value>0x338fb3</value>
         <object_component_ref idref="oc-18a"/>
      </symbol>
      <symbol id="sm-416">
         <name>_status</name>
         <value>0x9002</value>
         <object_component_ref idref="oc-c8"/>
      </symbol>
      <symbol id="sm-417">
         <name>_image_len</name>
         <value>0x9000</value>
         <object_component_ref idref="oc-c8"/>
      </symbol>
      <symbol id="sm-418">
         <name>_Take_Photo</name>
         <value>0x3391d7</value>
         <object_component_ref idref="oc-18a"/>
      </symbol>
      <symbol id="sm-419">
         <name>_Gpio_select</name>
         <value>0x33904a</value>
         <object_component_ref idref="oc-18a"/>
      </symbol>
      <symbol id="sm-41a">
         <name>_cpu_timer0_isr</name>
         <value>0x8502</value>
         <object_component_ref idref="oc-c9"/>
      </symbol>
      <symbol id="sm-41b">
         <name>_Get_Buffer_Length</name>
         <value>0x339223</value>
         <object_component_ref idref="oc-18a"/>
      </symbol>
      <symbol id="sm-41c">
         <name>_Read_Buffer</name>
         <value>0x3392d7</value>
         <object_component_ref idref="oc-18a"/>
      </symbol>
      <symbol id="sm-41d">
         <name>_SCIA_init</name>
         <value>0x339067</value>
         <object_component_ref idref="oc-18a"/>
      </symbol>
      <symbol id="sm-41e">
         <name>_SCIB_init</name>
         <value>0x339073</value>
         <object_component_ref idref="oc-18a"/>
      </symbol>
      <symbol id="sm-41f">
         <name>_data</name>
         <value>0x9040</value>
         <object_component_ref idref="oc-c8"/>
      </symbol>
      <symbol id="sm-420">
         <name>_Set_Photo_Size</name>
         <value>0x33928b</value>
         <object_component_ref idref="oc-18a"/>
      </symbol>
      <symbol id="sm-421">
         <name>_Check_Reply</name>
         <value>0x3393b7</value>
         <object_component_ref idref="oc-18a"/>
      </symbol>
      <symbol id="sm-422">
         <name>_Flash_Write_Image</name>
         <value>0x33907f</value>
         <object_component_ref idref="oc-18a"/>
      </symbol>
      <symbol id="sm-423">
         <name>_Reset_Camera</name>
         <value>0x33913f</value>
         <object_component_ref idref="oc-18a"/>
      </symbol>
      <symbol id="sm-424">
         <name>_Get_Version</name>
         <value>0x33918b</value>
         <object_component_ref idref="oc-18a"/>
      </symbol>
      <symbol id="sm-425">
         <name>_Error_LED</name>
         <value>0x339135</value>
         <object_component_ref idref="oc-18a"/>
      </symbol>
      <symbol id="sm-426">
         <name>_Send_JPEG_Image</name>
         <value>0x3390be</value>
         <object_component_ref idref="oc-18a"/>
      </symbol>
      <symbol id="sm-427">
         <name>_Wait_For_Start</name>
         <value>0x33911b</value>
         <object_component_ref idref="oc-18a"/>
      </symbol>
      <symbol id="sm-428">
         <name>_Get_JPEG_Image</name>
         <value>0x3390b1</value>
         <object_component_ref idref="oc-18a"/>
      </symbol>
      <symbol id="sm-429">
         <name>_Send_Image_Name</name>
         <value>0x3390fc</value>
         <object_component_ref idref="oc-18a"/>
      </symbol>
      <symbol id="sm-45b">
         <name>_Flash28335_Erase</name>
         <value>0x80d2</value>
         <object_component_ref idref="oc-cf"/>
      </symbol>
      <symbol id="sm-481">
         <name>_Fl28335_EraseSector</name>
         <value>0x838d</value>
         <object_component_ref idref="oc-d4"/>
      </symbol>
      <symbol id="sm-488">
         <name>_Flash_CallbackPtr</name>
         <value>0xe366</value>
         <object_component_ref idref="oc-da"/>
      </symbol>
      <symbol id="sm-489">
         <name>_Flash_CPUScaleFactor</name>
         <value>0xe368</value>
         <object_component_ref idref="oc-da"/>
      </symbol>
      <symbol id="sm-49a">
         <name>_Fl28335_Init</name>
         <value>0x84ae</value>
         <object_component_ref idref="oc-db"/>
      </symbol>
      <symbol id="sm-4a4">
         <name>_Fl28x_FlashRegSleep</name>
         <value>0x823e</value>
         <object_component_ref idref="oc-e0"/>
      </symbol>
      <symbol id="sm-4a5">
         <name>_Fl28x_MaskAll</name>
         <value>0x8285</value>
         <object_component_ref idref="oc-e0"/>
      </symbol>
      <symbol id="sm-4a6">
         <name>_Fl28x_EnterCmdMode</name>
         <value>0x8219</value>
         <object_component_ref idref="oc-e0"/>
      </symbol>
      <symbol id="sm-4a7">
         <name>_Fl28x_OpenPulse</name>
         <value>0x825d</value>
         <object_component_ref idref="oc-e0"/>
      </symbol>
      <symbol id="sm-4a8">
         <name>_Fl28x_LeaveCmdMode</name>
         <value>0x820c</value>
         <object_component_ref idref="oc-e0"/>
      </symbol>
      <symbol id="sm-4a9">
         <name>_Fl28x_ClosePulse</name>
         <value>0x826e</value>
         <object_component_ref idref="oc-e0"/>
      </symbol>
      <symbol id="sm-4d1">
         <name>_Flash28335_Program</name>
         <value>0x8028</value>
         <object_component_ref idref="oc-e4"/>
      </symbol>
      <symbol id="sm-4da">
         <name>_Fl28x_ProgPulse</name>
         <value>0x82ce</value>
         <object_component_ref idref="oc-e9"/>
      </symbol>
      <symbol id="sm-4db">
         <name>_Fl28x_ProgVerify</name>
         <value>0x8290</value>
         <object_component_ref idref="oc-e9"/>
      </symbol>
      <symbol id="sm-4e4">
         <name>_Fl28x_WatchDogDisable</name>
         <value>0x84d7</value>
         <object_component_ref idref="oc-ed"/>
      </symbol>
      <symbol id="sm-4e5">
         <name>_Fl28x_DisableNMI</name>
         <value>0x84df</value>
         <object_component_ref idref="oc-ed"/>
      </symbol>
      <symbol id="sm-4f0">
         <name>_Flash28335_APIVersionHex</name>
         <value>0x84ff</value>
         <object_component_ref idref="oc-f1"/>
      </symbol>
      <symbol id="sm-4fe">
         <name>_Fl28335_ClearSector</name>
         <value>0x847b</value>
         <object_component_ref idref="oc-f6"/>
      </symbol>
      <symbol id="sm-529">
         <name>_Fl28335_CompactSector</name>
         <value>0x83e7</value>
         <object_component_ref idref="oc-fb"/>
      </symbol>
      <symbol id="sm-533">
         <name>_Fl28x_Delay</name>
         <value>0x84eb</value>
         <object_component_ref idref="oc-100"/>
      </symbol>
      <symbol id="sm-53b">
         <name>_Fl28x_RestoreInt</name>
         <value>0x84fc</value>
         <object_component_ref idref="oc-104"/>
      </symbol>
      <symbol id="sm-53c">
         <name>_Fl28x_DisableInt</name>
         <value>0x84f8</value>
         <object_component_ref idref="oc-104"/>
      </symbol>
      <symbol id="sm-547">
         <name>_Fl28x_EraseVerify</name>
         <value>0x8172</value>
         <object_component_ref idref="oc-108"/>
      </symbol>
      <symbol id="sm-548">
         <name>_Fl28x_ErasePulse</name>
         <value>0x81ba</value>
         <object_component_ref idref="oc-108"/>
      </symbol>
      <symbol id="sm-558">
         <name>_Fl28x_ClearLoop</name>
         <value>0x843a</value>
         <object_component_ref idref="oc-10c"/>
      </symbol>
      <symbol id="sm-561">
         <name>_Fl28x_CompactVerify</name>
         <value>0x8310</value>
         <object_component_ref idref="oc-110"/>
      </symbol>
      <symbol id="sm-562">
         <name>_Fl28x_CompactPulse</name>
         <value>0x834a</value>
         <object_component_ref idref="oc-110"/>
      </symbol>
      <symbol id="sm-57d">
         <name>_c_int00</name>
         <value>0x33a104</value>
         <object_component_ref idref="oc-4d"/>
      </symbol>
      <symbol id="sm-57e">
         <name>__stack</name>
         <value>0x50</value>
         <object_component_ref idref="oc-114"/>
      </symbol>
      <symbol id="sm-594">
         <name>_copy_in</name>
         <value>0x33a15a</value>
         <object_component_ref idref="oc-184"/>
      </symbol>
      <symbol id="sm-5a3">
         <name>_ppcopy</name>
         <value>0x33a277</value>
         <object_component_ref idref="oc-11f"/>
      </symbol>
      <symbol id="sm-5a4">
         <name>_dpcopy</name>
         <value>0x33a277</value>
         <object_component_ref idref="oc-11f"/>
      </symbol>
      <symbol id="sm-5a5">
         <name>_pdcopy</name>
         <value>0x33a277</value>
         <object_component_ref idref="oc-11f"/>
      </symbol>
      <symbol id="sm-5a6">
         <name>_ddcopy</name>
         <value>0x33a277</value>
         <object_component_ref idref="oc-11f"/>
      </symbol>
      <symbol id="sm-5c6">
         <name>_acosf</name>
         <value>0x339ced</value>
         <object_component_ref idref="oc-1a0"/>
      </symbol>
      <symbol id="sm-5c7">
         <name>_acos</name>
         <value>0x339ced</value>
         <object_component_ref idref="oc-1a0"/>
      </symbol>
      <symbol id="sm-5ed">
         <name>_logf</name>
         <value>0x339bc6</value>
         <object_component_ref idref="oc-1a4"/>
      </symbol>
      <symbol id="sm-5ee">
         <name>_log</name>
         <value>0x339bc6</value>
         <object_component_ref idref="oc-1a4"/>
      </symbol>
      <symbol id="sm-648">
         <name>_powf</name>
         <value>0x3393d5</value>
         <object_component_ref idref="oc-19f"/>
      </symbol>
      <symbol id="sm-649">
         <name>_pow</name>
         <value>0x3393d5</value>
         <object_component_ref idref="oc-19f"/>
      </symbol>
      <symbol id="sm-65a">
         <name>_sqrtf</name>
         <value>0x33a1f2</value>
         <object_component_ref idref="oc-1a3"/>
      </symbol>
      <symbol id="sm-65b">
         <name>_sqrt</name>
         <value>0x33a1f2</value>
         <object_component_ref idref="oc-1a3"/>
      </symbol>
      <symbol id="sm-666">
         <name>_errno</name>
         <value>0xe372</value>
         <object_component_ref idref="oc-13d"/>
      </symbol>
      <symbol id="sm-67b">
         <name>C$$EXIT</name>
         <value>0x33a1a0</value>
         <object_component_ref idref="oc-187"/>
      </symbol>
      <symbol id="sm-67c">
         <name>_exit</name>
         <value>0x33a1a2</value>
         <object_component_ref idref="oc-187"/>
      </symbol>
      <symbol id="sm-67d">
         <name>___TI_cleanup_ptr</name>
         <value>0xe362</value>
         <object_component_ref idref="oc-141"/>
      </symbol>
      <symbol id="sm-67e">
         <name>___TI_enable_exit_profile_output</name>
         <value>0xe360</value>
         <object_component_ref idref="oc-141"/>
      </symbol>
      <symbol id="sm-67f">
         <name>_abort</name>
         <value>0x33a1a0</value>
         <object_component_ref idref="oc-187"/>
      </symbol>
      <symbol id="sm-680">
         <name>___TI_dtors_ptr</name>
         <value>0xe364</value>
         <object_component_ref idref="oc-141"/>
      </symbol>
      <symbol id="sm-691">
         <name>FS$$DIV</name>
         <value>0x339ee9</value>
         <object_component_ref idref="oc-146"/>
      </symbol>
      <symbol id="sm-69f">
         <name>I$$MOD</name>
         <value>0x33a228</value>
         <object_component_ref idref="oc-14b"/>
      </symbol>
      <symbol id="sm-6a0">
         <name>I$$DIV</name>
         <value>0x33a217</value>
         <object_component_ref idref="oc-14b"/>
      </symbol>
      <symbol id="sm-6b2">
         <name>_memcpy</name>
         <value>0x33a259</value>
         <object_component_ref idref="oc-18e"/>
      </symbol>
      <symbol id="sm-6bf">
         <name>__system_pre_init</name>
         <value>0x33a2d4</value>
         <object_component_ref idref="oc-183"/>
      </symbol>
      <symbol id="sm-6ce">
         <name>_cos</name>
         <value>0x33a04b</value>
         <object_component_ref idref="oc-1a1"/>
      </symbol>
      <symbol id="sm-6cf">
         <name>_cosf</name>
         <value>0x33a04b</value>
         <object_component_ref idref="oc-1a1"/>
      </symbol>
      <symbol id="sm-6e7">
         <name>_scalbn</name>
         <value>0x339fe4</value>
         <object_component_ref idref="oc-1a9"/>
      </symbol>
      <symbol id="sm-6e8">
         <name>_ldexp</name>
         <value>0x339fe4</value>
         <object_component_ref idref="oc-1a9"/>
      </symbol>
      <symbol id="sm-6e9">
         <name>_scalbnf</name>
         <value>0x339fe4</value>
         <object_component_ref idref="oc-1a9"/>
      </symbol>
      <symbol id="sm-6ea">
         <name>_ldexpf</name>
         <value>0x339fe4</value>
         <object_component_ref idref="oc-1a9"/>
      </symbol>
      <symbol id="sm-6f8">
         <name>_sin</name>
         <value>0x33a0ac</value>
         <object_component_ref idref="oc-1a2"/>
      </symbol>
      <symbol id="sm-6f9">
         <name>_sinf</name>
         <value>0x33a0ac</value>
         <object_component_ref idref="oc-1a2"/>
      </symbol>
      <symbol id="sm-706">
         <name>__system_post_cinit</name>
         <value>0x33a1f1</value>
         <object_component_ref idref="oc-185"/>
      </symbol>
      <symbol id="sm-714">
         <name>_strlen</name>
         <value>0x33a2cc</value>
         <object_component_ref idref="oc-195"/>
      </symbol>
      <symbol id="sm-729">
         <name>__unlock</name>
         <value>0xe370</value>
         <object_component_ref idref="oc-1a5"/>
      </symbol>
      <symbol id="sm-72a">
         <name>__lock</name>
         <value>0xe36e</value>
         <object_component_ref idref="oc-18b"/>
      </symbol>
      <symbol id="sm-72b">
         <name>__register_lock</name>
         <value>0x33a2bf</value>
         <object_component_ref idref="oc-19c"/>
      </symbol>
      <symbol id="sm-72c">
         <name>__nop</name>
         <value>0x33a2c3</value>
         <object_component_ref idref="oc-19c"/>
      </symbol>
      <symbol id="sm-72d">
         <name>__register_unlock</name>
         <value>0x33a2bb</value>
         <object_component_ref idref="oc-19c"/>
      </symbol>
      <symbol id="sm-73d">
         <name>__args_main</name>
         <value>0x33a291</value>
         <object_component_ref idref="oc-186"/>
      </symbol>
      <symbol id="sm-74a">
         <name>_copysignf</name>
         <value>0x33a2aa</value>
         <object_component_ref idref="oc-1aa"/>
      </symbol>
      <symbol id="sm-74b">
         <name>_copysign</name>
         <value>0x33a2aa</value>
         <object_component_ref idref="oc-1aa"/>
      </symbol>
   </symbol_table>
   <title>Link successful</title>
</link_info>
