<?xml version="1.0"?>
<link_info>
   <banner>TMS320C2000 Linker Unix v15.12.3.LTS</banner>
   <copyright>Copyright (c) 1996-2015 Texas Instruments Incorporated</copyright>
   <link_time>0x5a86db86</link_time>
   <link_errors>0x0</link_errors>
   <output_file>Image_Flash.pjt.out</output_file>
   <entry_point>
      <name>_c_int00</name>
      <address>0x33ac02</address>
   </entry_point>
   <input_file_list>
      <input_file id="fl-2">
         <path>./</path>
         <kind>object</kind>
         <file>ADC.obj</file>
         <name>ADC.obj</name>
      </input_file>
      <input_file id="fl-3">
         <path>./</path>
         <kind>object</kind>
         <file>DSP2833x_ADC_cal.obj</file>
         <name>DSP2833x_ADC_cal.obj</name>
      </input_file>
      <input_file id="fl-4">
         <path>./</path>
         <kind>object</kind>
         <file>DSP2833x_Adc.obj</file>
         <name>DSP2833x_Adc.obj</name>
      </input_file>
      <input_file id="fl-5">
         <path>./</path>
         <kind>object</kind>
         <file>DSP2833x_CodeStartBranch.obj</file>
         <name>DSP2833x_CodeStartBranch.obj</name>
      </input_file>
      <input_file id="fl-6">
         <path>./</path>
         <kind>object</kind>
         <file>DSP2833x_CpuTimers.obj</file>
         <name>DSP2833x_CpuTimers.obj</name>
      </input_file>
      <input_file id="fl-7">
         <path>./</path>
         <kind>object</kind>
         <file>DSP2833x_DefaultIsr.obj</file>
         <name>DSP2833x_DefaultIsr.obj</name>
      </input_file>
      <input_file id="fl-8">
         <path>./</path>
         <kind>object</kind>
         <file>DSP2833x_GlobalVariableDefs.obj</file>
         <name>DSP2833x_GlobalVariableDefs.obj</name>
      </input_file>
      <input_file id="fl-9">
         <path>./</path>
         <kind>object</kind>
         <file>DSP2833x_PieCtrl.obj</file>
         <name>DSP2833x_PieCtrl.obj</name>
      </input_file>
      <input_file id="fl-a">
         <path>./</path>
         <kind>object</kind>
         <file>DSP2833x_PieVect.obj</file>
         <name>DSP2833x_PieVect.obj</name>
      </input_file>
      <input_file id="fl-b">
         <path>./</path>
         <kind>object</kind>
         <file>DSP2833x_SysCtrl.obj</file>
         <name>DSP2833x_SysCtrl.obj</name>
      </input_file>
      <input_file id="fl-c">
         <path>./</path>
         <kind>object</kind>
         <file>DSP2833x_usDelay.obj</file>
         <name>DSP2833x_usDelay.obj</name>
      </input_file>
      <input_file id="fl-d">
         <path>./</path>
         <kind>object</kind>
         <file>Image_FLASH_API.obj</file>
         <name>Image_FLASH_API.obj</name>
      </input_file>
      <input_file id="fl-e">
         <path>./</path>
         <kind>object</kind>
         <file>Image_Processing_Functions.obj</file>
         <name>Image_Processing_Functions.obj</name>
      </input_file>
      <input_file id="fl-f">
         <path>./</path>
         <kind>object</kind>
         <file>Image_main.obj</file>
         <name>Image_main.obj</name>
      </input_file>
      <input_file id="fl-18">
         <path>/tidcs/c28/Flash28_API/Flash28335_API_V210/lib/</path>
         <kind>archive</kind>
         <file>Flash28335_API_V210.lib</file>
         <name>Flash28_Erase.obj</name>
      </input_file>
      <input_file id="fl-19">
         <path>/tidcs/c28/Flash28_API/Flash28335_API_V210/lib/</path>
         <kind>archive</kind>
         <file>Flash28335_API_V210.lib</file>
         <name>Flash28_EraseSector.obj</name>
      </input_file>
      <input_file id="fl-1a">
         <path>/tidcs/c28/Flash28_API/Flash28335_API_V210/lib/</path>
         <kind>archive</kind>
         <file>Flash28335_API_V210.lib</file>
         <name>Flash28_Globals.obj</name>
      </input_file>
      <input_file id="fl-1b">
         <path>/tidcs/c28/Flash28_API/Flash28335_API_V210/lib/</path>
         <kind>archive</kind>
         <file>Flash28335_API_V210.lib</file>
         <name>Flash28_Init.obj</name>
      </input_file>
      <input_file id="fl-1c">
         <path>/tidcs/c28/Flash28_API/Flash28335_API_V210/lib/</path>
         <kind>archive</kind>
         <file>Flash28335_API_V210.lib</file>
         <name>Flash28_Internals.obj</name>
      </input_file>
      <input_file id="fl-1d">
         <path>/tidcs/c28/Flash28_API/Flash28335_API_V210/lib/</path>
         <kind>archive</kind>
         <file>Flash28335_API_V210.lib</file>
         <name>Flash28_Prog.obj</name>
      </input_file>
      <input_file id="fl-1e">
         <path>/tidcs/c28/Flash28_API/Flash28335_API_V210/lib/</path>
         <kind>archive</kind>
         <file>Flash28335_API_V210.lib</file>
         <name>Flash28_Prog_Pulse.obj</name>
      </input_file>
      <input_file id="fl-1f">
         <path>/tidcs/c28/Flash28_API/Flash28335_API_V210/lib/</path>
         <kind>archive</kind>
         <file>Flash28335_API_V210.lib</file>
         <name>Flash28_Utils.obj</name>
      </input_file>
      <input_file id="fl-20">
         <path>/tidcs/c28/Flash28_API/Flash28335_API_V210/lib/</path>
         <kind>archive</kind>
         <file>Flash28335_API_V210.lib</file>
         <name>Flash28_Version_Hex.obj</name>
      </input_file>
      <input_file id="fl-21">
         <path>/tidcs/c28/Flash28_API/Flash28335_API_V210/lib/</path>
         <kind>archive</kind>
         <file>Flash28335_API_V210.lib</file>
         <name>Flash28_ClearSector.obj</name>
      </input_file>
      <input_file id="fl-22">
         <path>/tidcs/c28/Flash28_API/Flash28335_API_V210/lib/</path>
         <kind>archive</kind>
         <file>Flash28335_API_V210.lib</file>
         <name>Flash28_CompactSector.obj</name>
      </input_file>
      <input_file id="fl-23">
         <path>/tidcs/c28/Flash28_API/Flash28335_API_V210/lib/</path>
         <kind>archive</kind>
         <file>Flash28335_API_V210.lib</file>
         <name>Flash28_Delay.obj</name>
      </input_file>
      <input_file id="fl-24">
         <path>/tidcs/c28/Flash28_API/Flash28335_API_V210/lib/</path>
         <kind>archive</kind>
         <file>Flash28335_API_V210.lib</file>
         <name>Flash28_DisInt.obj</name>
      </input_file>
      <input_file id="fl-25">
         <path>/tidcs/c28/Flash28_API/Flash28335_API_V210/lib/</path>
         <kind>archive</kind>
         <file>Flash28335_API_V210.lib</file>
         <name>Flash28_Erase_Pulse.obj</name>
      </input_file>
      <input_file id="fl-26">
         <path>/tidcs/c28/Flash28_API/Flash28335_API_V210/lib/</path>
         <kind>archive</kind>
         <file>Flash28335_API_V210.lib</file>
         <name>Flash28_ClearLoop.obj</name>
      </input_file>
      <input_file id="fl-27">
         <path>/tidcs/c28/Flash28_API/Flash28335_API_V210/lib/</path>
         <kind>archive</kind>
         <file>Flash28335_API_V210.lib</file>
         <name>Flash28_Compact_Pulse.obj</name>
      </input_file>
      <input_file id="fl-2d">
         <path>/opt/ti/ccsv6/tools/compiler/c2000_15.12.3.LTS/lib/</path>
         <kind>archive</kind>
         <file>rts2800_fpu32.lib</file>
         <name>boot.obj</name>
      </input_file>
      <input_file id="fl-2e">
         <path>/opt/ti/ccsv6/tools/compiler/c2000_15.12.3.LTS/lib/</path>
         <kind>archive</kind>
         <file>rts2800_fpu32.lib</file>
         <name>cpy_tbl.obj</name>
      </input_file>
      <input_file id="fl-2f">
         <path>/opt/ti/ccsv6/tools/compiler/c2000_15.12.3.LTS/lib/</path>
         <kind>archive</kind>
         <file>rts2800_fpu32.lib</file>
         <name>cpy_utils.obj</name>
      </input_file>
      <input_file id="fl-30">
         <path>/opt/ti/ccsv6/tools/compiler/c2000_15.12.3.LTS/lib/</path>
         <kind>archive</kind>
         <file>rts2800_fpu32.lib</file>
         <name>e_acosf.obj</name>
      </input_file>
      <input_file id="fl-31">
         <path>/opt/ti/ccsv6/tools/compiler/c2000_15.12.3.LTS/lib/</path>
         <kind>archive</kind>
         <file>rts2800_fpu32.lib</file>
         <name>e_powf.obj</name>
      </input_file>
      <input_file id="fl-32">
         <path>/opt/ti/ccsv6/tools/compiler/c2000_15.12.3.LTS/lib/</path>
         <kind>archive</kind>
         <file>rts2800_fpu32.lib</file>
         <name>e_sqrtf.obj</name>
      </input_file>
      <input_file id="fl-33">
         <path>/opt/ti/ccsv6/tools/compiler/c2000_15.12.3.LTS/lib/</path>
         <kind>archive</kind>
         <file>rts2800_fpu32.lib</file>
         <name>errno.obj</name>
      </input_file>
      <input_file id="fl-34">
         <path>/opt/ti/ccsv6/tools/compiler/c2000_15.12.3.LTS/lib/</path>
         <kind>archive</kind>
         <file>rts2800_fpu32.lib</file>
         <name>exit.obj</name>
      </input_file>
      <input_file id="fl-35">
         <path>/opt/ti/ccsv6/tools/compiler/c2000_15.12.3.LTS/lib/</path>
         <kind>archive</kind>
         <file>rts2800_fpu32.lib</file>
         <name>fs_div.obj</name>
      </input_file>
      <input_file id="fl-36">
         <path>/opt/ti/ccsv6/tools/compiler/c2000_15.12.3.LTS/lib/</path>
         <kind>archive</kind>
         <file>rts2800_fpu32.lib</file>
         <name>i_div.obj</name>
      </input_file>
      <input_file id="fl-37">
         <path>/opt/ti/ccsv6/tools/compiler/c2000_15.12.3.LTS/lib/</path>
         <kind>archive</kind>
         <file>rts2800_fpu32.lib</file>
         <name>memcpy.obj</name>
      </input_file>
      <input_file id="fl-38">
         <path>/opt/ti/ccsv6/tools/compiler/c2000_15.12.3.LTS/lib/</path>
         <kind>archive</kind>
         <file>rts2800_fpu32.lib</file>
         <name>pre_init.obj</name>
      </input_file>
      <input_file id="fl-39">
         <path>/opt/ti/ccsv6/tools/compiler/c2000_15.12.3.LTS/lib/</path>
         <kind>archive</kind>
         <file>rts2800_fpu32.lib</file>
         <name>s_scalbnf.obj</name>
      </input_file>
      <input_file id="fl-3a">
         <path>/opt/ti/ccsv6/tools/compiler/c2000_15.12.3.LTS/lib/</path>
         <kind>archive</kind>
         <file>rts2800_fpu32.lib</file>
         <name>startup.obj</name>
      </input_file>
      <input_file id="fl-3b">
         <path>/opt/ti/ccsv6/tools/compiler/c2000_15.12.3.LTS/lib/</path>
         <kind>archive</kind>
         <file>rts2800_fpu32.lib</file>
         <name>strlen.obj</name>
      </input_file>
      <input_file id="fl-3c">
         <path>/opt/ti/ccsv6/tools/compiler/c2000_15.12.3.LTS/lib/</path>
         <kind>archive</kind>
         <file>rts2800_fpu32.lib</file>
         <name>_lock.obj</name>
      </input_file>
      <input_file id="fl-3d">
         <path>/opt/ti/ccsv6/tools/compiler/c2000_15.12.3.LTS/lib/</path>
         <kind>archive</kind>
         <file>rts2800_fpu32.lib</file>
         <name>args_main.obj</name>
      </input_file>
      <input_file id="fl-3e">
         <path>/opt/ti/ccsv6/tools/compiler/c2000_15.12.3.LTS/lib/</path>
         <kind>archive</kind>
         <file>rts2800_fpu32.lib</file>
         <name>s_copysignf.obj</name>
      </input_file>
   </input_file_list>
   <object_component_list>
      <object_component id="oc-a1">
         <name>PieVectTableFile</name>
         <uninitialized>true</uninitialized>
         <run_address>0xd00</run_address>
         <size>0x100</size>
         <input_file_ref idref="fl-8"/>
      </object_component>
      <object_component id="oc-9d">
         <name>DevEmuRegsFile</name>
         <uninitialized>true</uninitialized>
         <run_address>0x880</run_address>
         <size>0xd0</size>
         <input_file_ref idref="fl-8"/>
      </object_component>
      <object_component id="oc-73">
         <name>FlashRegsFile</name>
         <uninitialized>true</uninitialized>
         <run_address>0xa80</run_address>
         <size>0x8</size>
         <input_file_ref idref="fl-8"/>
      </object_component>
      <object_component id="oc-7b">
         <name>CsmRegsFile</name>
         <uninitialized>true</uninitialized>
         <run_address>0xae0</run_address>
         <size>0x10</size>
         <input_file_ref idref="fl-8"/>
      </object_component>
      <object_component id="oc-7c">
         <name>AdcMirrorFile</name>
         <uninitialized>true</uninitialized>
         <run_address>0xb00</run_address>
         <size>0x10</size>
         <input_file_ref idref="fl-8"/>
      </object_component>
      <object_component id="oc-80">
         <name>XintfRegsFile</name>
         <uninitialized>true</uninitialized>
         <run_address>0xb20</run_address>
         <size>0x1e</size>
         <input_file_ref idref="fl-8"/>
      </object_component>
      <object_component id="oc-74">
         <name>CpuTimer0RegsFile</name>
         <uninitialized>true</uninitialized>
         <run_address>0xc00</run_address>
         <size>0x8</size>
         <input_file_ref idref="fl-8"/>
      </object_component>
      <object_component id="oc-75">
         <name>CpuTimer1RegsFile</name>
         <uninitialized>true</uninitialized>
         <run_address>0xc08</run_address>
         <size>0x8</size>
         <input_file_ref idref="fl-8"/>
      </object_component>
      <object_component id="oc-71">
         <name>CpuTimer2RegsFile</name>
         <uninitialized>true</uninitialized>
         <run_address>0xc10</run_address>
         <size>0x8</size>
         <input_file_ref idref="fl-8"/>
      </object_component>
      <object_component id="oc-7e">
         <name>PieCtrlRegsFile</name>
         <uninitialized>true</uninitialized>
         <run_address>0xce0</run_address>
         <size>0x1a</size>
         <input_file_ref idref="fl-8"/>
      </object_component>
      <object_component id="oc-9e">
         <name>DmaRegsFile</name>
         <uninitialized>true</uninitialized>
         <run_address>0x1000</run_address>
         <size>0xe0</size>
         <input_file_ref idref="fl-8"/>
      </object_component>
      <object_component id="oc-91">
         <name>McbspaRegsFile</name>
         <uninitialized>true</uninitialized>
         <run_address>0x5000</run_address>
         <size>0x25</size>
         <input_file_ref idref="fl-8"/>
      </object_component>
      <object_component id="oc-90">
         <name>McbspbRegsFile</name>
         <uninitialized>true</uninitialized>
         <run_address>0x5040</run_address>
         <size>0x25</size>
         <input_file_ref idref="fl-8"/>
      </object_component>
      <object_component id="oc-93">
         <name>ECanaRegsFile</name>
         <uninitialized>true</uninitialized>
         <run_address>0x6000</run_address>
         <size>0x34</size>
         <input_file_ref idref="fl-8"/>
      </object_component>
      <object_component id="oc-97">
         <name>ECanaLAMRegsFile</name>
         <uninitialized>true</uninitialized>
         <run_address>0x6040</run_address>
         <size>0x40</size>
         <input_file_ref idref="fl-8"/>
      </object_component>
      <object_component id="oc-a0">
         <name>ECanaMboxesFile</name>
         <uninitialized>true</uninitialized>
         <run_address>0x6100</run_address>
         <size>0x100</size>
         <input_file_ref idref="fl-8"/>
      </object_component>
      <object_component id="oc-98">
         <name>ECanaMOTSRegsFile</name>
         <uninitialized>true</uninitialized>
         <run_address>0x6080</run_address>
         <size>0x40</size>
         <input_file_ref idref="fl-8"/>
      </object_component>
      <object_component id="oc-95">
         <name>ECanaMOTORegsFile</name>
         <uninitialized>true</uninitialized>
         <run_address>0x60c0</run_address>
         <size>0x40</size>
         <input_file_ref idref="fl-8"/>
      </object_component>
      <object_component id="oc-94">
         <name>ECanbRegsFile</name>
         <uninitialized>true</uninitialized>
         <run_address>0x6200</run_address>
         <size>0x34</size>
         <input_file_ref idref="fl-8"/>
      </object_component>
      <object_component id="oc-9c">
         <name>ECanbLAMRegsFile</name>
         <uninitialized>true</uninitialized>
         <run_address>0x6240</run_address>
         <size>0x40</size>
         <input_file_ref idref="fl-8"/>
      </object_component>
      <object_component id="oc-9f">
         <name>ECanbMboxesFile</name>
         <uninitialized>true</uninitialized>
         <run_address>0x6300</run_address>
         <size>0x100</size>
         <input_file_ref idref="fl-8"/>
      </object_component>
      <object_component id="oc-96">
         <name>ECanbMOTSRegsFile</name>
         <uninitialized>true</uninitialized>
         <run_address>0x6280</run_address>
         <size>0x40</size>
         <input_file_ref idref="fl-8"/>
      </object_component>
      <object_component id="oc-99">
         <name>ECanbMOTORegsFile</name>
         <uninitialized>true</uninitialized>
         <run_address>0x62c0</run_address>
         <size>0x40</size>
         <input_file_ref idref="fl-8"/>
      </object_component>
      <object_component id="oc-8e">
         <name>EPwm1RegsFile</name>
         <uninitialized>true</uninitialized>
         <run_address>0x6800</run_address>
         <size>0x22</size>
         <input_file_ref idref="fl-8"/>
      </object_component>
      <object_component id="oc-89">
         <name>EPwm2RegsFile</name>
         <uninitialized>true</uninitialized>
         <run_address>0x6840</run_address>
         <size>0x22</size>
         <input_file_ref idref="fl-8"/>
      </object_component>
      <object_component id="oc-8a">
         <name>EPwm3RegsFile</name>
         <uninitialized>true</uninitialized>
         <run_address>0x6880</run_address>
         <size>0x22</size>
         <input_file_ref idref="fl-8"/>
      </object_component>
      <object_component id="oc-8f">
         <name>EPwm4RegsFile</name>
         <uninitialized>true</uninitialized>
         <run_address>0x68c0</run_address>
         <size>0x22</size>
         <input_file_ref idref="fl-8"/>
      </object_component>
      <object_component id="oc-8c">
         <name>EPwm5RegsFile</name>
         <uninitialized>true</uninitialized>
         <run_address>0x6900</run_address>
         <size>0x22</size>
         <input_file_ref idref="fl-8"/>
      </object_component>
      <object_component id="oc-8d">
         <name>EPwm6RegsFile</name>
         <uninitialized>true</uninitialized>
         <run_address>0x6940</run_address>
         <size>0x22</size>
         <input_file_ref idref="fl-8"/>
      </object_component>
      <object_component id="oc-83">
         <name>ECap1RegsFile</name>
         <uninitialized>true</uninitialized>
         <run_address>0x6a00</run_address>
         <size>0x20</size>
         <input_file_ref idref="fl-8"/>
      </object_component>
      <object_component id="oc-84">
         <name>ECap2RegsFile</name>
         <uninitialized>true</uninitialized>
         <run_address>0x6a20</run_address>
         <size>0x20</size>
         <input_file_ref idref="fl-8"/>
      </object_component>
      <object_component id="oc-81">
         <name>ECap3RegsFile</name>
         <uninitialized>true</uninitialized>
         <run_address>0x6a40</run_address>
         <size>0x20</size>
         <input_file_ref idref="fl-8"/>
      </object_component>
      <object_component id="oc-82">
         <name>ECap4RegsFile</name>
         <uninitialized>true</uninitialized>
         <run_address>0x6a60</run_address>
         <size>0x20</size>
         <input_file_ref idref="fl-8"/>
      </object_component>
      <object_component id="oc-87">
         <name>ECap5RegsFile</name>
         <uninitialized>true</uninitialized>
         <run_address>0x6a80</run_address>
         <size>0x20</size>
         <input_file_ref idref="fl-8"/>
      </object_component>
      <object_component id="oc-88">
         <name>ECap6RegsFile</name>
         <uninitialized>true</uninitialized>
         <run_address>0x6aa0</run_address>
         <size>0x20</size>
         <input_file_ref idref="fl-8"/>
      </object_component>
      <object_component id="oc-9a">
         <name>EQep1RegsFile</name>
         <uninitialized>true</uninitialized>
         <run_address>0x6b00</run_address>
         <size>0x40</size>
         <input_file_ref idref="fl-8"/>
      </object_component>
      <object_component id="oc-9b">
         <name>EQep2RegsFile</name>
         <uninitialized>true</uninitialized>
         <run_address>0x6b40</run_address>
         <size>0x40</size>
         <input_file_ref idref="fl-8"/>
      </object_component>
      <object_component id="oc-92">
         <name>GpioCtrlRegsFile</name>
         <uninitialized>true</uninitialized>
         <run_address>0x6f80</run_address>
         <size>0x2e</size>
         <input_file_ref idref="fl-8"/>
      </object_component>
      <object_component id="oc-85">
         <name>GpioDataRegsFile</name>
         <uninitialized>true</uninitialized>
         <run_address>0x6fc0</run_address>
         <size>0x20</size>
         <input_file_ref idref="fl-8"/>
      </object_component>
      <object_component id="oc-76">
         <name>GpioIntRegsFile</name>
         <uninitialized>true</uninitialized>
         <run_address>0x6fe0</run_address>
         <size>0xa</size>
         <input_file_ref idref="fl-8"/>
      </object_component>
      <object_component id="oc-86">
         <name>SysCtrlRegsFile</name>
         <uninitialized>true</uninitialized>
         <run_address>0x7010</run_address>
         <size>0x20</size>
         <input_file_ref idref="fl-8"/>
      </object_component>
      <object_component id="oc-77">
         <name>SpiaRegsFile</name>
         <uninitialized>true</uninitialized>
         <run_address>0x7040</run_address>
         <size>0x10</size>
         <input_file_ref idref="fl-8"/>
      </object_component>
      <object_component id="oc-7a">
         <name>SciaRegsFile</name>
         <uninitialized>true</uninitialized>
         <run_address>0x7050</run_address>
         <size>0x10</size>
         <input_file_ref idref="fl-8"/>
      </object_component>
      <object_component id="oc-7d">
         <name>XIntruptRegsFile</name>
         <uninitialized>true</uninitialized>
         <run_address>0x7070</run_address>
         <size>0x10</size>
         <input_file_ref idref="fl-8"/>
      </object_component>
      <object_component id="oc-7f">
         <name>AdcRegsFile</name>
         <uninitialized>true</uninitialized>
         <run_address>0x7100</run_address>
         <size>0x1e</size>
         <input_file_ref idref="fl-8"/>
      </object_component>
      <object_component id="oc-78">
         <name>ScibRegsFile</name>
         <uninitialized>true</uninitialized>
         <run_address>0x7750</run_address>
         <size>0x10</size>
         <input_file_ref idref="fl-8"/>
      </object_component>
      <object_component id="oc-79">
         <name>ScicRegsFile</name>
         <uninitialized>true</uninitialized>
         <run_address>0x7770</run_address>
         <size>0x10</size>
         <input_file_ref idref="fl-8"/>
      </object_component>
      <object_component id="oc-8b">
         <name>I2caRegsFile</name>
         <uninitialized>true</uninitialized>
         <run_address>0x7900</run_address>
         <size>0x22</size>
         <input_file_ref idref="fl-8"/>
      </object_component>
      <object_component id="oc-72">
         <name>CsmPwlFile</name>
         <uninitialized>true</uninitialized>
         <run_address>0x33fff8</run_address>
         <size>0x8</size>
         <input_file_ref idref="fl-8"/>
      </object_component>
      <object_component id="oc-70">
         <name>PartIdRegsFile</name>
         <uninitialized>true</uninitialized>
         <run_address>0x380090</run_address>
         <size>0x1</size>
         <input_file_ref idref="fl-8"/>
      </object_component>
      <object_component id="oc-bf">
         <name>.cinit</name>
         <load_address>0x33bca5</load_address>
         <run_address>0x33bca5</run_address>
         <size>0x14</size>
         <input_file_ref idref="fl-e"/>
      </object_component>
      <object_component id="oc-13a">
         <name>.cinit</name>
         <load_address>0x33bcb9</load_address>
         <run_address>0x33bcb9</run_address>
         <size>0xe</size>
         <input_file_ref idref="fl-34"/>
      </object_component>
      <object_component id="oc-c7">
         <name>.cinit</name>
         <load_address>0x33bcc7</load_address>
         <run_address>0x33bcc7</run_address>
         <size>0xc</size>
         <input_file_ref idref="fl-f"/>
      </object_component>
      <object_component id="oc-d9">
         <name>.cinit</name>
         <load_address>0x33bcd3</load_address>
         <run_address>0x33bcd3</run_address>
         <size>0xa</size>
         <input_file_ref idref="fl-1a"/>
      </object_component>
      <object_component id="oc-17c">
         <name>.cinit:__lock</name>
         <load_address>0x33bcdd</load_address>
         <run_address>0x33bcdd</run_address>
         <size>0x5</size>
         <input_file_ref idref="fl-3c"/>
      </object_component>
      <object_component id="oc-18d">
         <name>.cinit:__unlock</name>
         <load_address>0x33bce2</load_address>
         <run_address>0x33bce2</run_address>
         <size>0x5</size>
         <input_file_ref idref="fl-3c"/>
      </object_component>
      <object_component id="oc-136">
         <name>.cinit</name>
         <load_address>0x33bce7</load_address>
         <run_address>0x33bce7</run_address>
         <size>0x4</size>
         <input_file_ref idref="fl-33"/>
      </object_component>
      <object_component id="oc-184">
         <name>.text</name>
         <load_address>0x338000</load_address>
         <run_address>0x338000</run_address>
         <size>0x1c5f</size>
         <input_file_ref idref="fl-e"/>
      </object_component>
      <object_component id="oc-17a">
         <name>.text</name>
         <load_address>0x339c5f</load_address>
         <run_address>0x339c5f</run_address>
         <size>0x454</size>
         <input_file_ref idref="fl-f"/>
      </object_component>
      <object_component id="oc-196">
         <name>.text</name>
         <load_address>0x33a0b3</load_address>
         <run_address>0x33a0b3</run_address>
         <size>0x37f</size>
         <input_file_ref idref="fl-31"/>
      </object_component>
      <object_component id="oc-6a">
         <name>.text:retain</name>
         <load_address>0x33a432</load_address>
         <run_address>0x33a432</run_address>
         <size>0x316</size>
         <input_file_ref idref="fl-7"/>
      </object_component>
      <object_component id="oc-183">
         <name>.text</name>
         <load_address>0x33a748</load_address>
         <run_address>0x33a748</run_address>
         <size>0x15c</size>
         <input_file_ref idref="fl-d"/>
      </object_component>
      <object_component id="oc-197">
         <name>.text</name>
         <load_address>0x33a8a4</load_address>
         <run_address>0x33a8a4</run_address>
         <size>0x104</size>
         <input_file_ref idref="fl-30"/>
      </object_component>
      <object_component id="oc-17d">
         <name>.text</name>
         <load_address>0x33a9a8</load_address>
         <run_address>0x33a9a8</run_address>
         <size>0xf8</size>
         <input_file_ref idref="fl-b"/>
      </object_component>
      <object_component id="oc-140">
         <name>.text</name>
         <load_address>0x33aaa0</load_address>
         <run_address>0x33aaa0</run_address>
         <size>0x88</size>
         <input_file_ref idref="fl-35"/>
      </object_component>
      <object_component id="oc-182">
         <name>.text</name>
         <load_address>0x33ab28</load_address>
         <run_address>0x33ab28</run_address>
         <size>0x73</size>
         <input_file_ref idref="fl-6"/>
      </object_component>
      <object_component id="oc-1a6">
         <name>.text</name>
         <load_address>0x33ab9b</load_address>
         <run_address>0x33ab9b</run_address>
         <size>0x67</size>
         <input_file_ref idref="fl-39"/>
      </object_component>
      <object_component id="oc-4d">
         <name>.text</name>
         <load_address>0x33ac02</load_address>
         <run_address>0x33ac02</run_address>
         <size>0x56</size>
         <input_file_ref idref="fl-2d"/>
      </object_component>
      <object_component id="oc-174">
         <name>.text</name>
         <load_address>0x33ac58</load_address>
         <run_address>0x33ac58</run_address>
         <size>0x46</size>
         <input_file_ref idref="fl-2e"/>
      </object_component>
      <object_component id="oc-177">
         <name>.text</name>
         <load_address>0x33ac9e</load_address>
         <run_address>0x33ac9e</run_address>
         <size>0x29</size>
         <input_file_ref idref="fl-34"/>
      </object_component>
      <object_component id="oc-180">
         <name>.text</name>
         <load_address>0x33acc7</load_address>
         <run_address>0x33acc7</run_address>
         <size>0x28</size>
         <input_file_ref idref="fl-9"/>
      </object_component>
      <object_component id="oc-175">
         <name>.text</name>
         <load_address>0x33acef</load_address>
         <run_address>0x33acef</run_address>
         <size>0x1</size>
         <input_file_ref idref="fl-3a"/>
      </object_component>
      <object_component id="oc-1a2">
         <name>.text</name>
         <load_address>0x33acf0</load_address>
         <run_address>0x33acf0</run_address>
         <size>0x25</size>
         <input_file_ref idref="fl-32"/>
      </object_component>
      <object_component id="oc-145">
         <name>.text</name>
         <load_address>0x33ad15</load_address>
         <run_address>0x33ad15</run_address>
         <size>0x22</size>
         <input_file_ref idref="fl-36"/>
      </object_component>
      <object_component id="oc-181">
         <name>.text</name>
         <load_address>0x33ad37</load_address>
         <run_address>0x33ad37</run_address>
         <size>0x20</size>
         <input_file_ref idref="fl-a"/>
      </object_component>
      <object_component id="oc-17e">
         <name>.text</name>
         <load_address>0x33ad57</load_address>
         <run_address>0x33ad57</run_address>
         <size>0x1e</size>
         <input_file_ref idref="fl-37"/>
      </object_component>
      <object_component id="oc-11f">
         <name>.text</name>
         <load_address>0x33ad75</load_address>
         <run_address>0x33ad75</run_address>
         <size>0x1a</size>
         <input_file_ref idref="fl-2f"/>
      </object_component>
      <object_component id="oc-176">
         <name>.text</name>
         <load_address>0x33ad8f</load_address>
         <run_address>0x33ad8f</run_address>
         <size>0x19</size>
         <input_file_ref idref="fl-3d"/>
      </object_component>
      <object_component id="oc-1a7">
         <name>.text</name>
         <load_address>0x33ada8</load_address>
         <run_address>0x33ada8</run_address>
         <size>0x11</size>
         <input_file_ref idref="fl-3e"/>
      </object_component>
      <object_component id="oc-18c">
         <name>.text</name>
         <load_address>0x33adb9</load_address>
         <run_address>0x33adb9</run_address>
         <size>0x9</size>
         <input_file_ref idref="fl-3c"/>
      </object_component>
      <object_component id="oc-5d">
         <name>.text</name>
         <load_address>0x33adc2</load_address>
         <run_address>0x33adc2</run_address>
         <size>0x8</size>
         <input_file_ref idref="fl-5"/>
      </object_component>
      <object_component id="oc-185">
         <name>.text</name>
         <load_address>0x33adca</load_address>
         <run_address>0x33adca</run_address>
         <size>0x8</size>
         <input_file_ref idref="fl-3b"/>
      </object_component>
      <object_component id="oc-173">
         <name>.text</name>
         <load_address>0x33add2</load_address>
         <run_address>0x33add2</run_address>
         <size>0x2</size>
         <input_file_ref idref="fl-38"/>
      </object_component>
      <object_component id="oc-5e">
         <name>codestart</name>
         <load_address>0x33fff6</load_address>
         <run_address>0x33fff6</run_address>
         <size>0x2</size>
         <input_file_ref idref="fl-5"/>
      </object_component>
      <object_component id="oc-c9">
         <name>ramfuncs:retain</name>
         <load_address>0x33bc5e</load_address>
         <run_address>0x8502</run_address>
         <size>0x28</size>
         <input_file_ref idref="fl-f"/>
      </object_component>
      <object_component id="oc-17f">
         <name>ramfuncs</name>
         <load_address>0x33bc86</load_address>
         <run_address>0x852a</run_address>
         <size>0x1b</size>
         <input_file_ref idref="fl-b"/>
      </object_component>
      <object_component id="oc-b2">
         <name>ramfuncs</name>
         <load_address>0x33bca1</load_address>
         <run_address>0x8545</run_address>
         <size>0x4</size>
         <input_file_ref idref="fl-c"/>
      </object_component>
      <object_component id="oc-114">
         <name>.stack</name>
         <uninitialized>true</uninitialized>
         <run_address>0x50</run_address>
         <size>0x0</size>
         <input_file_ref idref="fl-2d"/>
      </object_component>
      <object_component id="oc-1fd">
         <name>.stack</name>
         <uninitialized>true</uninitialized>
         <run_address>0x50</run_address>
         <size>0x0</size>
      </object_component>
      <object_component id="oc-64">
         <name>.ebss</name>
         <uninitialized>true</uninitialized>
         <run_address>0xdd80</run_address>
         <size>0x18</size>
         <input_file_ref idref="fl-6"/>
      </object_component>
      <object_component id="oc-b9">
         <name>.ebss</name>
         <uninitialized>true</uninitialized>
         <run_address>0xdda2</run_address>
         <size>0x4</size>
         <input_file_ref idref="fl-d"/>
      </object_component>
      <object_component id="oc-c0">
         <name>.ebss</name>
         <uninitialized>true</uninitialized>
         <run_address>0xdb40</run_address>
         <size>0x240</size>
         <input_file_ref idref="fl-e"/>
      </object_component>
      <object_component id="oc-c8">
         <name>.ebss</name>
         <uninitialized>true</uninitialized>
         <run_address>0x9000</run_address>
         <size>0x4b40</size>
         <input_file_ref idref="fl-f"/>
      </object_component>
      <object_component id="oc-da">
         <name>.ebss</name>
         <uninitialized>true</uninitialized>
         <run_address>0xdd9e</run_address>
         <size>0x4</size>
         <input_file_ref idref="fl-1a"/>
      </object_component>
      <object_component id="oc-137">
         <name>.ebss</name>
         <uninitialized>true</uninitialized>
         <run_address>0xddaa</run_address>
         <size>0x1</size>
         <input_file_ref idref="fl-33"/>
      </object_component>
      <object_component id="oc-13b">
         <name>.ebss</name>
         <uninitialized>true</uninitialized>
         <run_address>0xdd98</run_address>
         <size>0x6</size>
         <input_file_ref idref="fl-34"/>
      </object_component>
      <object_component id="oc-1a1">
         <name>.ebss:__unlock</name>
         <uninitialized>true</uninitialized>
         <run_address>0xdda8</run_address>
         <size>0x2</size>
         <input_file_ref idref="fl-3c"/>
      </object_component>
      <object_component id="oc-17b">
         <name>.ebss:__lock</name>
         <uninitialized>true</uninitialized>
         <run_address>0xdda6</run_address>
         <size>0x2</size>
         <input_file_ref idref="fl-3c"/>
      </object_component>
      <object_component id="oc-c1">
         <name>.econst:.string</name>
         <load_address>0x33b2d6</load_address>
         <run_address>0x33b2d6</run_address>
         <size>0x6e4</size>
         <input_file_ref idref="fl-e"/>
      </object_component>
      <object_component id="oc-18e">
         <name>.econst:_PieVectTableInit</name>
         <load_address>0x33b9ba</load_address>
         <run_address>0x33b9ba</run_address>
         <size>0x100</size>
         <input_file_ref idref="fl-a"/>
      </object_component>
      <object_component id="oc-12b">
         <name>.econst</name>
         <load_address>0x33baba</load_address>
         <run_address>0x33baba</run_address>
         <size>0x32</size>
         <input_file_ref idref="fl-31"/>
      </object_component>
      <object_component id="oc-1a0">
         <name>.econst:.string:_$P$T15$16</name>
         <load_address>0x33baec</load_address>
         <run_address>0x33baec</run_address>
         <size>0x1c</size>
         <input_file_ref idref="fl-e"/>
      </object_component>
      <object_component id="oc-19f">
         <name>.econst:.string:_$P$T14$15</name>
         <load_address>0x33bb08</load_address>
         <run_address>0x33bb08</run_address>
         <size>0x1b</size>
         <input_file_ref idref="fl-e"/>
      </object_component>
      <object_component id="oc-19b">
         <name>.econst:.string:_$P$T10$11</name>
         <load_address>0x33bb23</load_address>
         <run_address>0x33bb23</run_address>
         <size>0x15</size>
         <input_file_ref idref="fl-e"/>
      </object_component>
      <object_component id="oc-19d">
         <name>.econst:.string:_$P$T12$13</name>
         <load_address>0x33bb38</load_address>
         <run_address>0x33bb38</run_address>
         <size>0x15</size>
         <input_file_ref idref="fl-e"/>
      </object_component>
      <object_component id="oc-19e">
         <name>.econst:.string:_$P$T13$14</name>
         <load_address>0x33bb4d</load_address>
         <run_address>0x33bb4d</run_address>
         <size>0x15</size>
         <input_file_ref idref="fl-e"/>
      </object_component>
      <object_component id="oc-19c">
         <name>.econst:.string:_$P$T11$12</name>
         <load_address>0x33bb62</load_address>
         <run_address>0x33bb62</run_address>
         <size>0x13</size>
         <input_file_ref idref="fl-e"/>
      </object_component>
      <object_component id="oc-198">
         <name>.econst:.string:_$P$T7$8</name>
         <load_address>0x33bb75</load_address>
         <run_address>0x33bb75</run_address>
         <size>0x13</size>
         <input_file_ref idref="fl-e"/>
      </object_component>
      <object_component id="oc-199">
         <name>.econst:.string:_$P$T8$9</name>
         <load_address>0x33bb88</load_address>
         <run_address>0x33bb88</run_address>
         <size>0x13</size>
         <input_file_ref idref="fl-e"/>
      </object_component>
      <object_component id="oc-19a">
         <name>.econst:.string:_$P$T9$10</name>
         <load_address>0x33bb9b</load_address>
         <run_address>0x33bb9b</run_address>
         <size>0x13</size>
         <input_file_ref idref="fl-e"/>
      </object_component>
      <object_component id="oc-18b">
         <name>.econst:_$P$T5$6</name>
         <load_address>0x33bbae</load_address>
         <run_address>0x33bbae</run_address>
         <size>0x10</size>
         <input_file_ref idref="fl-f"/>
      </object_component>
      <object_component id="oc-125">
         <name>.econst</name>
         <load_address>0x33bbbe</load_address>
         <run_address>0x33bbbe</run_address>
         <size>0x10</size>
         <input_file_ref idref="fl-30"/>
      </object_component>
      <object_component id="oc-ca">
         <name>.econst:.string</name>
         <load_address>0x33bbce</load_address>
         <run_address>0x33bbce</run_address>
         <size>0xf</size>
         <input_file_ref idref="fl-f"/>
      </object_component>
      <object_component id="oc-18f">
         <name>.econst:.string:_$P$T0$1</name>
         <load_address>0x33bbdd</load_address>
         <run_address>0x33bbdd</run_address>
         <size>0xc</size>
         <input_file_ref idref="fl-e"/>
      </object_component>
      <object_component id="oc-190">
         <name>.econst:.string:_$P$T1$2</name>
         <load_address>0x33bbe9</load_address>
         <run_address>0x33bbe9</run_address>
         <size>0xc</size>
         <input_file_ref idref="fl-e"/>
      </object_component>
      <object_component id="oc-191">
         <name>.econst:.string:_$P$T2$3</name>
         <load_address>0x33bbf5</load_address>
         <run_address>0x33bbf5</run_address>
         <size>0xc</size>
         <input_file_ref idref="fl-e"/>
      </object_component>
      <object_component id="oc-192">
         <name>.econst:.string:_$P$T3$4</name>
         <load_address>0x33bc01</load_address>
         <run_address>0x33bc01</run_address>
         <size>0xc</size>
         <input_file_ref idref="fl-e"/>
      </object_component>
      <object_component id="oc-193">
         <name>.econst:.string:_$P$T4$5</name>
         <load_address>0x33bc0d</load_address>
         <run_address>0x33bc0d</run_address>
         <size>0xc</size>
         <input_file_ref idref="fl-e"/>
      </object_component>
      <object_component id="oc-194">
         <name>.econst:.string:_$P$T5$6</name>
         <load_address>0x33bc19</load_address>
         <run_address>0x33bc19</run_address>
         <size>0xc</size>
         <input_file_ref idref="fl-e"/>
      </object_component>
      <object_component id="oc-195">
         <name>.econst:.string:_$P$T6$7</name>
         <load_address>0x33bc25</load_address>
         <run_address>0x33bc25</run_address>
         <size>0xc</size>
         <input_file_ref idref="fl-e"/>
      </object_component>
      <object_component id="oc-18a">
         <name>.econst:_$P$T4$5</name>
         <load_address>0x33bc31</load_address>
         <run_address>0x33bc31</run_address>
         <size>0x9</size>
         <input_file_ref idref="fl-f"/>
      </object_component>
      <object_component id="oc-155">
         <name>.econst</name>
         <load_address>0x33bc3a</load_address>
         <run_address>0x33bc3a</run_address>
         <size>0x6</size>
         <input_file_ref idref="fl-39"/>
      </object_component>
      <object_component id="oc-188">
         <name>.econst:_$P$T2$3</name>
         <load_address>0x33bc40</load_address>
         <run_address>0x33bc40</run_address>
         <size>0x5</size>
         <input_file_ref idref="fl-f"/>
      </object_component>
      <object_component id="oc-189">
         <name>.econst:_$P$T3$4</name>
         <load_address>0x33bc45</load_address>
         <run_address>0x33bc45</run_address>
         <size>0x5</size>
         <input_file_ref idref="fl-f"/>
      </object_component>
      <object_component id="oc-186">
         <name>.econst:_$P$T0$1</name>
         <load_address>0x33bc4a</load_address>
         <run_address>0x33bc4a</run_address>
         <size>0x4</size>
         <input_file_ref idref="fl-f"/>
      </object_component>
      <object_component id="oc-187">
         <name>.econst:_$P$T1$2</name>
         <load_address>0x33bc4e</load_address>
         <run_address>0x33bc4e</run_address>
         <size>0x4</size>
         <input_file_ref idref="fl-f"/>
      </object_component>
      <object_component id="oc-1a3">
         <name>.econst:_bp</name>
         <load_address>0x33bc52</load_address>
         <run_address>0x33bc52</run_address>
         <size>0x4</size>
         <input_file_ref idref="fl-31"/>
      </object_component>
      <object_component id="oc-1a5">
         <name>.econst:_dp_h</name>
         <load_address>0x33bc56</load_address>
         <run_address>0x33bc56</run_address>
         <size>0x4</size>
         <input_file_ref idref="fl-31"/>
      </object_component>
      <object_component id="oc-1a4">
         <name>.econst:_dp_l</name>
         <load_address>0x33bc5a</load_address>
         <run_address>0x33bc5a</run_address>
         <size>0x4</size>
         <input_file_ref idref="fl-31"/>
      </object_component>
      <object_component id="oc-115">
         <name>.reset</name>
         <load_address>0x3fffc0</load_address>
         <run_address>0x3fffc0</run_address>
         <size>0x2</size>
         <input_file_ref idref="fl-2d"/>
      </object_component>
      <object_component id="oc-53">
         <name>.adc_cal</name>
         <load_address>0x380080</load_address>
         <run_address>0x380080</run_address>
         <size>0x7</size>
         <input_file_ref idref="fl-3"/>
      </object_component>
      <object_component id="oc-b8">
         <name>myFlashConstants</name>
         <uninitialized>true</uninitialized>
         <run_address>0x300000</run_address>
         <size>0x1</size>
         <input_file_ref idref="fl-d"/>
      </object_component>
      <object_component id="oc-178">
         <name>.econst:_Sector$1</name>
         <load_address>0x33add4</load_address>
         <run_address>0x8000</run_address>
         <size>0x20</size>
         <input_file_ref idref="fl-18"/>
      </object_component>
      <object_component id="oc-179">
         <name>.econst:_SecKey$2</name>
         <load_address>0x33adf4</load_address>
         <run_address>0x8020</run_address>
         <size>0x8</size>
         <input_file_ref idref="fl-18"/>
      </object_component>
      <object_component id="oc-e4">
         <name>.text</name>
         <load_address>0x33adfc</load_address>
         <run_address>0x8028</run_address>
         <size>0xaa</size>
         <input_file_ref idref="fl-1d"/>
      </object_component>
      <object_component id="oc-cf">
         <name>.text</name>
         <load_address>0x33aea6</load_address>
         <run_address>0x80d2</run_address>
         <size>0xa0</size>
         <input_file_ref idref="fl-18"/>
      </object_component>
      <object_component id="oc-108">
         <name>.text</name>
         <load_address>0x33af46</load_address>
         <run_address>0x8172</run_address>
         <size>0x9a</size>
         <input_file_ref idref="fl-25"/>
      </object_component>
      <object_component id="oc-e0">
         <name>.text</name>
         <load_address>0x33afe0</load_address>
         <run_address>0x820c</run_address>
         <size>0x84</size>
         <input_file_ref idref="fl-1c"/>
      </object_component>
      <object_component id="oc-e9">
         <name>.text</name>
         <load_address>0x33b064</load_address>
         <run_address>0x8290</run_address>
         <size>0x80</size>
         <input_file_ref idref="fl-1e"/>
      </object_component>
      <object_component id="oc-110">
         <name>.text</name>
         <load_address>0x33b0e4</load_address>
         <run_address>0x8310</run_address>
         <size>0x7d</size>
         <input_file_ref idref="fl-27"/>
      </object_component>
      <object_component id="oc-d4">
         <name>.text</name>
         <load_address>0x33b161</load_address>
         <run_address>0x838d</run_address>
         <size>0x5a</size>
         <input_file_ref idref="fl-19"/>
      </object_component>
      <object_component id="oc-fb">
         <name>.text</name>
         <load_address>0x33b1bb</load_address>
         <run_address>0x83e7</run_address>
         <size>0x53</size>
         <input_file_ref idref="fl-22"/>
      </object_component>
      <object_component id="oc-10c">
         <name>.text</name>
         <load_address>0x33b20e</load_address>
         <run_address>0x843a</run_address>
         <size>0x41</size>
         <input_file_ref idref="fl-26"/>
      </object_component>
      <object_component id="oc-f6">
         <name>.text</name>
         <load_address>0x33b24f</load_address>
         <run_address>0x847b</run_address>
         <size>0x33</size>
         <input_file_ref idref="fl-21"/>
      </object_component>
      <object_component id="oc-db">
         <name>.text</name>
         <load_address>0x33b282</load_address>
         <run_address>0x84ae</run_address>
         <size>0x29</size>
         <input_file_ref idref="fl-1b"/>
      </object_component>
      <object_component id="oc-ed">
         <name>.text</name>
         <load_address>0x33b2ab</load_address>
         <run_address>0x84d7</run_address>
         <size>0x14</size>
         <input_file_ref idref="fl-1f"/>
      </object_component>
      <object_component id="oc-100">
         <name>.text</name>
         <load_address>0x33b2bf</load_address>
         <run_address>0x84eb</run_address>
         <size>0xd</size>
         <input_file_ref idref="fl-23"/>
      </object_component>
      <object_component id="oc-104">
         <name>.text</name>
         <load_address>0x33b2cc</load_address>
         <run_address>0x84f8</run_address>
         <size>0x7</size>
         <input_file_ref idref="fl-24"/>
      </object_component>
      <object_component id="oc-f1">
         <name>.text</name>
         <load_address>0x33b2d3</load_address>
         <run_address>0x84ff</run_address>
         <size>0x3</size>
         <input_file_ref idref="fl-20"/>
      </object_component>
      <object_component id="oc-4e">
         <name>.debug_info</name>
         <load_address>0x0</load_address>
         <run_address>0x0</run_address>
         <size>0xf0a</size>
         <input_file_ref idref="fl-2"/>
      </object_component>
      <object_component id="oc-54">
         <name>.debug_info</name>
         <load_address>0xf0a</load_address>
         <run_address>0xf0a</run_address>
         <size>0x119</size>
         <input_file_ref idref="fl-3"/>
      </object_component>
      <object_component id="oc-58">
         <name>.debug_info</name>
         <load_address>0x1023</load_address>
         <run_address>0x1023</run_address>
         <size>0x1ecc</size>
         <input_file_ref idref="fl-4"/>
      </object_component>
      <object_component id="oc-5f">
         <name>.debug_info</name>
         <load_address>0x2eef</load_address>
         <run_address>0x2eef</run_address>
         <size>0x150</size>
         <input_file_ref idref="fl-5"/>
      </object_component>
      <object_component id="oc-63">
         <name>.debug_info</name>
         <load_address>0x303f</load_address>
         <run_address>0x303f</run_address>
         <size>0x9ce</size>
         <input_file_ref idref="fl-6"/>
      </object_component>
      <object_component id="oc-69">
         <name>.debug_info</name>
         <load_address>0x3a0d</load_address>
         <run_address>0x3a0d</run_address>
         <size>0x2039</size>
         <input_file_ref idref="fl-7"/>
      </object_component>
      <object_component id="oc-6f">
         <name>.debug_info</name>
         <load_address>0x5a46</load_address>
         <run_address>0x5a46</run_address>
         <size>0x133c2</size>
         <input_file_ref idref="fl-8"/>
      </object_component>
      <object_component id="oc-a3">
         <name>.debug_info</name>
         <load_address>0x18e08</load_address>
         <run_address>0x18e08</run_address>
         <size>0xb76</size>
         <input_file_ref idref="fl-9"/>
      </object_component>
      <object_component id="oc-a8">
         <name>.debug_info</name>
         <load_address>0x1997e</load_address>
         <run_address>0x1997e</run_address>
         <size>0x22e8</size>
         <input_file_ref idref="fl-a"/>
      </object_component>
      <object_component id="oc-ad">
         <name>.debug_info</name>
         <load_address>0x1bc66</load_address>
         <run_address>0x1bc66</run_address>
         <size>0x20ea</size>
         <input_file_ref idref="fl-b"/>
      </object_component>
      <object_component id="oc-b3">
         <name>.debug_info</name>
         <load_address>0x1dd50</load_address>
         <run_address>0x1dd50</run_address>
         <size>0x119</size>
         <input_file_ref idref="fl-c"/>
      </object_component>
      <object_component id="oc-b7">
         <name>.debug_info</name>
         <load_address>0x1de69</load_address>
         <run_address>0x1de69</run_address>
         <size>0x21df</size>
         <input_file_ref idref="fl-d"/>
      </object_component>
      <object_component id="oc-be">
         <name>.debug_info</name>
         <load_address>0x20048</load_address>
         <run_address>0x20048</run_address>
         <size>0x4a51</size>
         <input_file_ref idref="fl-e"/>
      </object_component>
      <object_component id="oc-c6">
         <name>.debug_info</name>
         <load_address>0x24a99</load_address>
         <run_address>0x24a99</run_address>
         <size>0x627b</size>
         <input_file_ref idref="fl-f"/>
      </object_component>
      <object_component id="oc-d0">
         <name>.debug_info</name>
         <load_address>0x2ad14</load_address>
         <run_address>0x2ad14</run_address>
         <size>0x967</size>
         <input_file_ref idref="fl-18"/>
      </object_component>
      <object_component id="oc-d5">
         <name>.debug_info</name>
         <load_address>0x2b67b</load_address>
         <run_address>0x2b67b</run_address>
         <size>0x93a</size>
         <input_file_ref idref="fl-19"/>
      </object_component>
      <object_component id="oc-dc">
         <name>.debug_info</name>
         <load_address>0x2bfb5</load_address>
         <run_address>0x2bfb5</run_address>
         <size>0x649</size>
         <input_file_ref idref="fl-1b"/>
      </object_component>
      <object_component id="oc-e1">
         <name>.debug_info</name>
         <load_address>0x2c5fe</load_address>
         <run_address>0x2c5fe</run_address>
         <size>0x223</size>
         <input_file_ref idref="fl-1c"/>
      </object_component>
      <object_component id="oc-e5">
         <name>.debug_info</name>
         <load_address>0x2c821</load_address>
         <run_address>0x2c821</run_address>
         <size>0x9f6</size>
         <input_file_ref idref="fl-1d"/>
      </object_component>
      <object_component id="oc-ea">
         <name>.debug_info</name>
         <load_address>0x2d217</load_address>
         <run_address>0x2d217</run_address>
         <size>0x25c</size>
         <input_file_ref idref="fl-1e"/>
      </object_component>
      <object_component id="oc-ee">
         <name>.debug_info</name>
         <load_address>0x2d473</load_address>
         <run_address>0x2d473</run_address>
         <size>0xd5</size>
         <input_file_ref idref="fl-1f"/>
      </object_component>
      <object_component id="oc-f2">
         <name>.debug_info</name>
         <load_address>0x2d548</load_address>
         <run_address>0x2d548</run_address>
         <size>0x518</size>
         <input_file_ref idref="fl-20"/>
      </object_component>
      <object_component id="oc-f7">
         <name>.debug_info</name>
         <load_address>0x2da60</load_address>
         <run_address>0x2da60</run_address>
         <size>0x73c</size>
         <input_file_ref idref="fl-21"/>
      </object_component>
      <object_component id="oc-fc">
         <name>.debug_info</name>
         <load_address>0x2e19c</load_address>
         <run_address>0x2e19c</run_address>
         <size>0x94b</size>
         <input_file_ref idref="fl-22"/>
      </object_component>
      <object_component id="oc-101">
         <name>.debug_info</name>
         <load_address>0x2eae7</load_address>
         <run_address>0x2eae7</run_address>
         <size>0xa8</size>
         <input_file_ref idref="fl-23"/>
      </object_component>
      <object_component id="oc-105">
         <name>.debug_info</name>
         <load_address>0x2eb8f</load_address>
         <run_address>0x2eb8f</run_address>
         <size>0xb0</size>
         <input_file_ref idref="fl-24"/>
      </object_component>
      <object_component id="oc-109">
         <name>.debug_info</name>
         <load_address>0x2ec3f</load_address>
         <run_address>0x2ec3f</run_address>
         <size>0x266</size>
         <input_file_ref idref="fl-25"/>
      </object_component>
      <object_component id="oc-10d">
         <name>.debug_info</name>
         <load_address>0x2eea5</load_address>
         <run_address>0x2eea5</run_address>
         <size>0xe6</size>
         <input_file_ref idref="fl-26"/>
      </object_component>
      <object_component id="oc-111">
         <name>.debug_info</name>
         <load_address>0x2ef8b</load_address>
         <run_address>0x2ef8b</run_address>
         <size>0x265</size>
         <input_file_ref idref="fl-27"/>
      </object_component>
      <object_component id="oc-116">
         <name>.debug_info</name>
         <load_address>0x2f1f0</load_address>
         <run_address>0x2f1f0</run_address>
         <size>0x16c</size>
         <input_file_ref idref="fl-2d"/>
      </object_component>
      <object_component id="oc-11a">
         <name>.debug_info</name>
         <load_address>0x2f35c</load_address>
         <run_address>0x2f35c</run_address>
         <size>0x628</size>
         <input_file_ref idref="fl-2e"/>
      </object_component>
      <object_component id="oc-120">
         <name>.debug_info</name>
         <load_address>0x2f984</load_address>
         <run_address>0x2f984</run_address>
         <size>0x113</size>
         <input_file_ref idref="fl-2f"/>
      </object_component>
      <object_component id="oc-124">
         <name>.debug_info</name>
         <load_address>0x2fa97</load_address>
         <run_address>0x2fa97</run_address>
         <size>0x5d0</size>
         <input_file_ref idref="fl-30"/>
      </object_component>
      <object_component id="oc-12a">
         <name>.debug_info</name>
         <load_address>0x30067</load_address>
         <run_address>0x30067</run_address>
         <size>0x927</size>
         <input_file_ref idref="fl-31"/>
      </object_component>
      <object_component id="oc-130">
         <name>.debug_info</name>
         <load_address>0x3098e</load_address>
         <run_address>0x3098e</run_address>
         <size>0x43b</size>
         <input_file_ref idref="fl-32"/>
      </object_component>
      <object_component id="oc-135">
         <name>.debug_info</name>
         <load_address>0x30dc9</load_address>
         <run_address>0x30dc9</run_address>
         <size>0x1bc</size>
         <input_file_ref idref="fl-33"/>
      </object_component>
      <object_component id="oc-139">
         <name>.debug_info</name>
         <load_address>0x30f85</load_address>
         <run_address>0x30f85</run_address>
         <size>0x5ac</size>
         <input_file_ref idref="fl-34"/>
      </object_component>
      <object_component id="oc-141">
         <name>.debug_info</name>
         <load_address>0x31531</load_address>
         <run_address>0x31531</run_address>
         <size>0x10d</size>
         <input_file_ref idref="fl-35"/>
      </object_component>
      <object_component id="oc-146">
         <name>.debug_info</name>
         <load_address>0x3163e</load_address>
         <run_address>0x3163e</run_address>
         <size>0x13a</size>
         <input_file_ref idref="fl-36"/>
      </object_component>
      <object_component id="oc-14a">
         <name>.debug_info</name>
         <load_address>0x31778</load_address>
         <run_address>0x31778</run_address>
         <size>0x470</size>
         <input_file_ref idref="fl-37"/>
      </object_component>
      <object_component id="oc-14f">
         <name>.debug_info</name>
         <load_address>0x31be8</load_address>
         <run_address>0x31be8</run_address>
         <size>0x3e3</size>
         <input_file_ref idref="fl-38"/>
      </object_component>
      <object_component id="oc-154">
         <name>.debug_info</name>
         <load_address>0x31fcb</load_address>
         <run_address>0x31fcb</run_address>
         <size>0x549</size>
         <input_file_ref idref="fl-39"/>
      </object_component>
      <object_component id="oc-15a">
         <name>.debug_info</name>
         <load_address>0x32514</load_address>
         <run_address>0x32514</run_address>
         <size>0x3e0</size>
         <input_file_ref idref="fl-3a"/>
      </object_component>
      <object_component id="oc-15f">
         <name>.debug_info</name>
         <load_address>0x328f4</load_address>
         <run_address>0x328f4</run_address>
         <size>0x4d0</size>
         <input_file_ref idref="fl-3b"/>
      </object_component>
      <object_component id="oc-164">
         <name>.debug_info</name>
         <load_address>0x32dc4</load_address>
         <run_address>0x32dc4</run_address>
         <size>0x502</size>
         <input_file_ref idref="fl-3c"/>
      </object_component>
      <object_component id="oc-169">
         <name>.debug_info</name>
         <load_address>0x332c6</load_address>
         <run_address>0x332c6</run_address>
         <size>0x4cf</size>
         <input_file_ref idref="fl-3d"/>
      </object_component>
      <object_component id="oc-16e">
         <name>.debug_info</name>
         <load_address>0x33795</load_address>
         <run_address>0x33795</run_address>
         <size>0x47f</size>
         <input_file_ref idref="fl-3e"/>
      </object_component>
      <object_component id="oc-1fe">
         <name>.debug_info</name>
         <load_address>0x33c14</load_address>
         <run_address>0x33c14</run_address>
         <size>0xd2</size>
      </object_component>
      <object_component id="oc-4f">
         <name>.debug_frame</name>
         <load_address>0x0</load_address>
         <run_address>0x0</run_address>
         <size>0x8c</size>
         <input_file_ref idref="fl-2"/>
      </object_component>
      <object_component id="oc-59">
         <name>.debug_frame</name>
         <load_address>0x8c</load_address>
         <run_address>0x8c</run_address>
         <size>0x8c</size>
         <input_file_ref idref="fl-4"/>
      </object_component>
      <object_component id="oc-65">
         <name>.debug_frame</name>
         <load_address>0x118</load_address>
         <run_address>0x118</run_address>
         <size>0xbc</size>
         <input_file_ref idref="fl-6"/>
      </object_component>
      <object_component id="oc-6b">
         <name>.debug_frame</name>
         <load_address>0x1d4</load_address>
         <run_address>0x1d4</run_address>
         <size>0xbf7</size>
         <input_file_ref idref="fl-7"/>
      </object_component>
      <object_component id="oc-a4">
         <name>.debug_frame</name>
         <load_address>0xdcb</load_address>
         <run_address>0xdcb</run_address>
         <size>0xb6</size>
         <input_file_ref idref="fl-9"/>
      </object_component>
      <object_component id="oc-a9">
         <name>.debug_frame</name>
         <load_address>0xe81</load_address>
         <run_address>0xe81</run_address>
         <size>0xa7</size>
         <input_file_ref idref="fl-a"/>
      </object_component>
      <object_component id="oc-ae">
         <name>.debug_frame</name>
         <load_address>0xf28</load_address>
         <run_address>0xf28</run_address>
         <size>0x12d</size>
         <input_file_ref idref="fl-b"/>
      </object_component>
      <object_component id="oc-ba">
         <name>.debug_frame</name>
         <load_address>0x1055</load_address>
         <run_address>0x1055</run_address>
         <size>0xfe</size>
         <input_file_ref idref="fl-d"/>
      </object_component>
      <object_component id="oc-c2">
         <name>.debug_frame</name>
         <load_address>0x1153</load_address>
         <run_address>0x1153</run_address>
         <size>0x2ea</size>
         <input_file_ref idref="fl-e"/>
      </object_component>
      <object_component id="oc-cb">
         <name>.debug_frame</name>
         <load_address>0x143d</load_address>
         <run_address>0x143d</run_address>
         <size>0x287</size>
         <input_file_ref idref="fl-f"/>
      </object_component>
      <object_component id="oc-d1">
         <name>.debug_frame</name>
         <load_address>0x16c4</load_address>
         <run_address>0x16c4</run_address>
         <size>0xcd</size>
         <input_file_ref idref="fl-18"/>
      </object_component>
      <object_component id="oc-d6">
         <name>.debug_frame</name>
         <load_address>0x1791</load_address>
         <run_address>0x1791</run_address>
         <size>0xcd</size>
         <input_file_ref idref="fl-19"/>
      </object_component>
      <object_component id="oc-dd">
         <name>.debug_frame</name>
         <load_address>0x185e</load_address>
         <run_address>0x185e</run_address>
         <size>0xd0</size>
         <input_file_ref idref="fl-1b"/>
      </object_component>
      <object_component id="oc-e6">
         <name>.debug_frame</name>
         <load_address>0x192e</load_address>
         <run_address>0x192e</run_address>
         <size>0xcd</size>
         <input_file_ref idref="fl-1d"/>
      </object_component>
      <object_component id="oc-f3">
         <name>.debug_frame</name>
         <load_address>0x19fb</load_address>
         <run_address>0x19fb</run_address>
         <size>0xc6</size>
         <input_file_ref idref="fl-20"/>
      </object_component>
      <object_component id="oc-f8">
         <name>.debug_frame</name>
         <load_address>0x1ac1</load_address>
         <run_address>0x1ac1</run_address>
         <size>0xcc</size>
         <input_file_ref idref="fl-21"/>
      </object_component>
      <object_component id="oc-fd">
         <name>.debug_frame</name>
         <load_address>0x1b8d</load_address>
         <run_address>0x1b8d</run_address>
         <size>0xcd</size>
         <input_file_ref idref="fl-22"/>
      </object_component>
      <object_component id="oc-11b">
         <name>.debug_frame</name>
         <load_address>0x1c5a</load_address>
         <run_address>0x1c5a</run_address>
         <size>0xba</size>
         <input_file_ref idref="fl-2e"/>
      </object_component>
      <object_component id="oc-126">
         <name>.debug_frame</name>
         <load_address>0x1d14</load_address>
         <run_address>0x1d14</run_address>
         <size>0xac</size>
         <input_file_ref idref="fl-30"/>
      </object_component>
      <object_component id="oc-12c">
         <name>.debug_frame</name>
         <load_address>0x1dc0</load_address>
         <run_address>0x1dc0</run_address>
         <size>0xc4</size>
         <input_file_ref idref="fl-31"/>
      </object_component>
      <object_component id="oc-131">
         <name>.debug_frame</name>
         <load_address>0x1e84</load_address>
         <run_address>0x1e84</run_address>
         <size>0xa7</size>
         <input_file_ref idref="fl-32"/>
      </object_component>
      <object_component id="oc-13c">
         <name>.debug_frame</name>
         <load_address>0x1f2b</load_address>
         <run_address>0x1f2b</run_address>
         <size>0xbf</size>
         <input_file_ref idref="fl-34"/>
      </object_component>
      <object_component id="oc-14b">
         <name>.debug_frame</name>
         <load_address>0x1fea</load_address>
         <run_address>0x1fea</run_address>
         <size>0xa1</size>
         <input_file_ref idref="fl-37"/>
      </object_component>
      <object_component id="oc-150">
         <name>.debug_frame</name>
         <load_address>0x208b</load_address>
         <run_address>0x208b</run_address>
         <size>0xa1</size>
         <input_file_ref idref="fl-38"/>
      </object_component>
      <object_component id="oc-156">
         <name>.debug_frame</name>
         <load_address>0x212c</load_address>
         <run_address>0x212c</run_address>
         <size>0xa1</size>
         <input_file_ref idref="fl-39"/>
      </object_component>
      <object_component id="oc-15b">
         <name>.debug_frame</name>
         <load_address>0x21cd</load_address>
         <run_address>0x21cd</run_address>
         <size>0xa1</size>
         <input_file_ref idref="fl-3a"/>
      </object_component>
      <object_component id="oc-160">
         <name>.debug_frame</name>
         <load_address>0x226e</load_address>
         <run_address>0x226e</run_address>
         <size>0xa1</size>
         <input_file_ref idref="fl-3b"/>
      </object_component>
      <object_component id="oc-165">
         <name>.debug_frame</name>
         <load_address>0x230f</load_address>
         <run_address>0x230f</run_address>
         <size>0xcb</size>
         <input_file_ref idref="fl-3c"/>
      </object_component>
      <object_component id="oc-16a">
         <name>.debug_frame</name>
         <load_address>0x23da</load_address>
         <run_address>0x23da</run_address>
         <size>0xa1</size>
         <input_file_ref idref="fl-3d"/>
      </object_component>
      <object_component id="oc-16f">
         <name>.debug_frame</name>
         <load_address>0x247b</load_address>
         <run_address>0x247b</run_address>
         <size>0xa1</size>
         <input_file_ref idref="fl-3e"/>
      </object_component>
      <object_component id="oc-50">
         <name>.debug_line</name>
         <load_address>0x0</load_address>
         <run_address>0x0</run_address>
         <size>0x29</size>
         <input_file_ref idref="fl-2"/>
      </object_component>
      <object_component id="oc-55">
         <name>.debug_line</name>
         <load_address>0x29</load_address>
         <run_address>0x29</run_address>
         <size>0x49</size>
         <input_file_ref idref="fl-3"/>
      </object_component>
      <object_component id="oc-5a">
         <name>.debug_line</name>
         <load_address>0x72</load_address>
         <run_address>0x72</run_address>
         <size>0x32</size>
         <input_file_ref idref="fl-4"/>
      </object_component>
      <object_component id="oc-60">
         <name>.debug_line</name>
         <load_address>0xa4</load_address>
         <run_address>0xa4</run_address>
         <size>0x61</size>
         <input_file_ref idref="fl-5"/>
      </object_component>
      <object_component id="oc-66">
         <name>.debug_line</name>
         <load_address>0x105</load_address>
         <run_address>0x105</run_address>
         <size>0x84</size>
         <input_file_ref idref="fl-6"/>
      </object_component>
      <object_component id="oc-6c">
         <name>.debug_line</name>
         <load_address>0x189</load_address>
         <run_address>0x189</run_address>
         <size>0x74e</size>
         <input_file_ref idref="fl-7"/>
      </object_component>
      <object_component id="oc-a5">
         <name>.debug_line</name>
         <load_address>0x8d7</load_address>
         <run_address>0x8d7</run_address>
         <size>0x86</size>
         <input_file_ref idref="fl-9"/>
      </object_component>
      <object_component id="oc-aa">
         <name>.debug_line</name>
         <load_address>0x95d</load_address>
         <run_address>0x95d</run_address>
         <size>0x68</size>
         <input_file_ref idref="fl-a"/>
      </object_component>
      <object_component id="oc-af">
         <name>.debug_line</name>
         <load_address>0x9c5</load_address>
         <run_address>0x9c5</run_address>
         <size>0x165</size>
         <input_file_ref idref="fl-b"/>
      </object_component>
      <object_component id="oc-b4">
         <name>.debug_line</name>
         <load_address>0xb2a</load_address>
         <run_address>0xb2a</run_address>
         <size>0x48</size>
         <input_file_ref idref="fl-c"/>
      </object_component>
      <object_component id="oc-bb">
         <name>.debug_line</name>
         <load_address>0xb72</load_address>
         <run_address>0xb72</run_address>
         <size>0x144</size>
         <input_file_ref idref="fl-d"/>
      </object_component>
      <object_component id="oc-c3">
         <name>.debug_line</name>
         <load_address>0xcb6</load_address>
         <run_address>0xcb6</run_address>
         <size>0x1698</size>
         <input_file_ref idref="fl-e"/>
      </object_component>
      <object_component id="oc-cc">
         <name>.debug_line</name>
         <load_address>0x234e</load_address>
         <run_address>0x234e</run_address>
         <size>0x589</size>
         <input_file_ref idref="fl-f"/>
      </object_component>
      <object_component id="oc-d2">
         <name>.debug_line</name>
         <load_address>0x28d7</load_address>
         <run_address>0x28d7</run_address>
         <size>0xb3</size>
         <input_file_ref idref="fl-18"/>
      </object_component>
      <object_component id="oc-d7">
         <name>.debug_line</name>
         <load_address>0x298a</load_address>
         <run_address>0x298a</run_address>
         <size>0x8d</size>
         <input_file_ref idref="fl-19"/>
      </object_component>
      <object_component id="oc-de">
         <name>.debug_line</name>
         <load_address>0x2a17</load_address>
         <run_address>0x2a17</run_address>
         <size>0x5b</size>
         <input_file_ref idref="fl-1b"/>
      </object_component>
      <object_component id="oc-e2">
         <name>.debug_line</name>
         <load_address>0x2a72</load_address>
         <run_address>0x2a72</run_address>
         <size>0xe2</size>
         <input_file_ref idref="fl-1c"/>
      </object_component>
      <object_component id="oc-e7">
         <name>.debug_line</name>
         <load_address>0x2b54</load_address>
         <run_address>0x2b54</run_address>
         <size>0xe8</size>
         <input_file_ref idref="fl-1d"/>
      </object_component>
      <object_component id="oc-eb">
         <name>.debug_line</name>
         <load_address>0x2c3c</load_address>
         <run_address>0x2c3c</run_address>
         <size>0xa8</size>
         <input_file_ref idref="fl-1e"/>
      </object_component>
      <object_component id="oc-ef">
         <name>.debug_line</name>
         <load_address>0x2ce4</load_address>
         <run_address>0x2ce4</run_address>
         <size>0x57</size>
         <input_file_ref idref="fl-1f"/>
      </object_component>
      <object_component id="oc-f4">
         <name>.debug_line</name>
         <load_address>0x2d3b</load_address>
         <run_address>0x2d3b</run_address>
         <size>0x47</size>
         <input_file_ref idref="fl-20"/>
      </object_component>
      <object_component id="oc-f9">
         <name>.debug_line</name>
         <load_address>0x2d82</load_address>
         <run_address>0x2d82</run_address>
         <size>0x5a</size>
         <input_file_ref idref="fl-21"/>
      </object_component>
      <object_component id="oc-fe">
         <name>.debug_line</name>
         <load_address>0x2ddc</load_address>
         <run_address>0x2ddc</run_address>
         <size>0x9b</size>
         <input_file_ref idref="fl-22"/>
      </object_component>
      <object_component id="oc-102">
         <name>.debug_line</name>
         <load_address>0x2e77</load_address>
         <run_address>0x2e77</run_address>
         <size>0x45</size>
         <input_file_ref idref="fl-23"/>
      </object_component>
      <object_component id="oc-106">
         <name>.debug_line</name>
         <load_address>0x2ebc</load_address>
         <run_address>0x2ebc</run_address>
         <size>0x44</size>
         <input_file_ref idref="fl-24"/>
      </object_component>
      <object_component id="oc-10a">
         <name>.debug_line</name>
         <load_address>0x2f00</load_address>
         <run_address>0x2f00</run_address>
         <size>0xbb</size>
         <input_file_ref idref="fl-25"/>
      </object_component>
      <object_component id="oc-10e">
         <name>.debug_line</name>
         <load_address>0x2fbb</load_address>
         <run_address>0x2fbb</run_address>
         <size>0x7a</size>
         <input_file_ref idref="fl-26"/>
      </object_component>
      <object_component id="oc-112">
         <name>.debug_line</name>
         <load_address>0x3035</load_address>
         <run_address>0x3035</run_address>
         <size>0xa8</size>
         <input_file_ref idref="fl-27"/>
      </object_component>
      <object_component id="oc-117">
         <name>.debug_line</name>
         <load_address>0x30dd</load_address>
         <run_address>0x30dd</run_address>
         <size>0x7e</size>
         <input_file_ref idref="fl-2d"/>
      </object_component>
      <object_component id="oc-11c">
         <name>.debug_line</name>
         <load_address>0x315b</load_address>
         <run_address>0x315b</run_address>
         <size>0x6a</size>
         <input_file_ref idref="fl-2e"/>
      </object_component>
      <object_component id="oc-121">
         <name>.debug_line</name>
         <load_address>0x31c5</load_address>
         <run_address>0x31c5</run_address>
         <size>0x50</size>
         <input_file_ref idref="fl-2f"/>
      </object_component>
      <object_component id="oc-127">
         <name>.debug_line</name>
         <load_address>0x3215</load_address>
         <run_address>0x3215</run_address>
         <size>0x7a</size>
         <input_file_ref idref="fl-30"/>
      </object_component>
      <object_component id="oc-12d">
         <name>.debug_line</name>
         <load_address>0x328f</load_address>
         <run_address>0x328f</run_address>
         <size>0x213</size>
         <input_file_ref idref="fl-31"/>
      </object_component>
      <object_component id="oc-132">
         <name>.debug_line</name>
         <load_address>0x34a2</load_address>
         <run_address>0x34a2</run_address>
         <size>0x57</size>
         <input_file_ref idref="fl-32"/>
      </object_component>
      <object_component id="oc-13d">
         <name>.debug_line</name>
         <load_address>0x34f9</load_address>
         <run_address>0x34f9</run_address>
         <size>0x65</size>
         <input_file_ref idref="fl-34"/>
      </object_component>
      <object_component id="oc-142">
         <name>.debug_line</name>
         <load_address>0x355e</load_address>
         <run_address>0x355e</run_address>
         <size>0xad</size>
         <input_file_ref idref="fl-35"/>
      </object_component>
      <object_component id="oc-147">
         <name>.debug_line</name>
         <load_address>0x360b</load_address>
         <run_address>0x360b</run_address>
         <size>0x69</size>
         <input_file_ref idref="fl-36"/>
      </object_component>
      <object_component id="oc-14c">
         <name>.debug_line</name>
         <load_address>0x3674</load_address>
         <run_address>0x3674</run_address>
         <size>0x62</size>
         <input_file_ref idref="fl-37"/>
      </object_component>
      <object_component id="oc-151">
         <name>.debug_line</name>
         <load_address>0x36d6</load_address>
         <run_address>0x36d6</run_address>
         <size>0x3e</size>
         <input_file_ref idref="fl-38"/>
      </object_component>
      <object_component id="oc-157">
         <name>.debug_line</name>
         <load_address>0x3714</load_address>
         <run_address>0x3714</run_address>
         <size>0x6e</size>
         <input_file_ref idref="fl-39"/>
      </object_component>
      <object_component id="oc-15c">
         <name>.debug_line</name>
         <load_address>0x3782</load_address>
         <run_address>0x3782</run_address>
         <size>0x3a</size>
         <input_file_ref idref="fl-3a"/>
      </object_component>
      <object_component id="oc-161">
         <name>.debug_line</name>
         <load_address>0x37bc</load_address>
         <run_address>0x37bc</run_address>
         <size>0xa7</size>
         <input_file_ref idref="fl-3b"/>
      </object_component>
      <object_component id="oc-166">
         <name>.debug_line</name>
         <load_address>0x3863</load_address>
         <run_address>0x3863</run_address>
         <size>0x5e</size>
         <input_file_ref idref="fl-3c"/>
      </object_component>
      <object_component id="oc-16b">
         <name>.debug_line</name>
         <load_address>0x38c1</load_address>
         <run_address>0x38c1</run_address>
         <size>0x55</size>
         <input_file_ref idref="fl-3d"/>
      </object_component>
      <object_component id="oc-170">
         <name>.debug_line</name>
         <load_address>0x3916</load_address>
         <run_address>0x3916</run_address>
         <size>0x46</size>
         <input_file_ref idref="fl-3e"/>
      </object_component>
[...]
         <name>_InitFlash</name>
         <value>0x852a</value>
         <object_component_ref idref="oc-17f"/>
      </symbol>
      <symbol id="sm-276">
         <name>_CsmUnlock</name>
         <value>0x33aa6f</value>
         <object_component_ref idref="oc-17d"/>
      </symbol>
      <symbol id="sm-277">
         <name>_ServiceDog</name>
         <value>0x33a9b1</value>
         <object_component_ref idref="oc-17d"/>
      </symbol>
      <symbol id="sm-278">
         <name>_InitSysCtrl</name>
         <value>0x33a9a8</value>
         <object_component_ref idref="oc-17d"/>
      </symbol>
      <symbol id="sm-284">
         <name>_DSP28x_usDelay</name>
         <value>0x8545</value>
         <object_component_ref idref="oc-b2"/>
      </symbol>
      <symbol id="sm-2a9">
         <name>_Init_Flash_PHOTO</name>
         <value>0x33a748</value>
         <object_component_ref idref="oc-183"/>
      </symbol>
      <symbol id="sm-2aa">
         <name>_Update_FLASH</name>
         <value>0x33a7c5</value>
         <object_component_ref idref="oc-183"/>
      </symbol>
      <symbol id="sm-2ab">
         <name>_SourceAddr</name>
         <value>0xdda4</value>
         <object_component_ref idref="oc-b9"/>
      </symbol>
      <symbol id="sm-2ac">
         <name>_Error</name>
         <value>0x33a89d</value>
         <object_component_ref idref="oc-183"/>
      </symbol>
      <symbol id="sm-2ad">
         <name>_DestAddr</name>
         <value>0xdda2</value>
         <object_component_ref idref="oc-b9"/>
      </symbol>
      <symbol id="sm-2ae">
         <name>_A0</name>
         <value>0x300000</value>
         <object_component_ref idref="oc-b8"/>
      </symbol>
      <symbol id="sm-2af">
         <name>_Read_FLASH</name>
         <value>0x33a847</value>
         <object_component_ref idref="oc-183"/>
      </symbol>
      <symbol id="sm-508">
         <name>_exceed255</name>
         <value>0xdb44</value>
         <object_component_ref idref="oc-c0"/>
      </symbol>
      <symbol id="sm-509">
         <name>_Threshold_Image</name>
         <value>0x338394</value>
         <object_component_ref idref="oc-184"/>
      </symbol>
      <symbol id="sm-50a">
         <name>_exceed0</name>
         <value>0xdb42</value>
         <object_component_ref idref="oc-c0"/>
      </symbol>
      <symbol id="sm-50b">
         <name>_Input_Image</name>
         <value>0x338000</value>
         <object_component_ref idref="oc-184"/>
      </symbol>
      <symbol id="sm-50c">
         <name>_Negation_Gray</name>
         <value>0x338219</value>
         <object_component_ref idref="oc-184"/>
      </symbol>
      <symbol id="sm-50d">
         <name>_histogram_equalization</name>
         <value>0x3391db</value>
         <object_component_ref idref="oc-184"/>
      </symbol>
      <symbol id="sm-50e">
         <name>_Filter</name>
         <value>0x3389eb</value>
         <object_component_ref idref="oc-184"/>
      </symbol>
      <symbol id="sm-50f">
         <name>_CMY_Image</name>
         <value>0x3386fe</value>
         <object_component_ref idref="oc-184"/>
      </symbol>
      <symbol id="sm-510">
         <name>_Edge_Detection</name>
         <value>0x3396db</value>
         <object_component_ref idref="oc-184"/>
      </symbol>
      <symbol id="sm-511">
         <name>_Inverse_Threshold_Image</name>
         <value>0x338549</value>
         <object_component_ref idref="oc-184"/>
      </symbol>
      <symbol id="sm-512">
         <name>_Gray_Image_Quantization</name>
         <value>0x338e32</value>
         <object_component_ref idref="oc-184"/>
      </symbol>
      <symbol id="sm-513">
         <name>_HSV</name>
         <value>0x338c66</value>
         <object_component_ref idref="oc-184"/>
      </symbol>
      <symbol id="sm-514">
         <name>_Image_Sampling</name>
         <value>0x3390dc</value>
         <object_component_ref idref="oc-184"/>
      </symbol>
      <symbol id="sm-515">
         <name>_YCbCr</name>
         <value>0x339afb</value>
         <object_component_ref idref="oc-184"/>
      </symbol>
      <symbol id="sm-516">
         <name>_n_PDF_CDF_LSK_RF</name>
         <value>0xdb80</value>
         <object_component_ref idref="oc-c0"/>
      </symbol>
      <symbol id="sm-517">
         <name>_Gray_Image</name>
         <value>0x3380a8</value>
         <object_component_ref idref="oc-184"/>
      </symbol>
      <symbol id="sm-518">
         <name>_dec_binary_check</name>
         <value>0x3389a4</value>
         <object_component_ref idref="oc-184"/>
      </symbol>
      <symbol id="sm-519">
         <name>_contrast_stretch_calc</name>
         <value>0x339686</value>
         <object_component_ref idref="oc-184"/>
      </symbol>
      <symbol id="sm-51a">
         <name>_min</name>
         <value>0x3389d9</value>
         <object_component_ref idref="oc-184"/>
      </symbol>
      <symbol id="sm-51b">
         <name>_NTSC</name>
         <value>0x33994c</value>
         <object_component_ref idref="oc-184"/>
      </symbol>
      <symbol id="sm-51c">
         <name>_MonoChrome_Image</name>
         <value>0x338041</value>
         <object_component_ref idref="oc-184"/>
      </symbol>
      <symbol id="sm-51d">
         <name>_count_check</name>
         <value>0xdb46</value>
         <object_component_ref idref="oc-c0"/>
      </symbol>
      <symbol id="sm-51e">
         <name>_max</name>
         <value>0x3389c7</value>
         <object_component_ref idref="oc-184"/>
      </symbol>
      <symbol id="sm-51f">
         <name>_Bit_Plane_Slicing</name>
         <value>0x33878d</value>
         <object_component_ref idref="oc-184"/>
      </symbol>
      <symbol id="sm-520">
         <name>_count</name>
         <value>0xdb40</value>
         <object_component_ref idref="oc-c0"/>
      </symbol>
      <symbol id="sm-521">
         <name>_Contrast_Stretching</name>
         <value>0x3394f8</value>
         <object_component_ref idref="oc-184"/>
      </symbol>
      <symbol id="sm-59d">
         <name>_ksy</name>
         <value>0x9001</value>
         <object_component_ref idref="oc-c8"/>
      </symbol>
      <symbol id="sm-59e">
         <name>_main</name>
         <value>0x339c5f</value>
         <object_component_ref idref="oc-17a"/>
      </symbol>
      <symbol id="sm-59f">
         <name>_status</name>
         <value>0x9002</value>
         <object_component_ref idref="oc-c8"/>
      </symbol>
      <symbol id="sm-5a0">
         <name>_image_len</name>
         <value>0x9000</value>
         <object_component_ref idref="oc-c8"/>
      </symbol>
      <symbol id="sm-5a1">
         <name>_Take_Photo</name>
         <value>0x339eb5</value>
         <object_component_ref idref="oc-17a"/>
      </symbol>
      <symbol id="sm-5a2">
         <name>_Gpio_select</name>
         <value>0x339d28</value>
         <object_component_ref idref="oc-17a"/>
      </symbol>
      <symbol id="sm-5a3">
         <name>_cpu_timer0_isr</name>
         <value>0x8502</value>
         <object_component_ref idref="oc-c9"/>
      </symbol>
      <symbol id="sm-5a4">
         <name>_Get_Buffer_Length</name>
         <value>0x339f01</value>
         <object_component_ref idref="oc-17a"/>
      </symbol>
      <symbol id="sm-5a5">
         <name>_Read_Buffer</name>
         <value>0x339fb5</value>
         <object_component_ref idref="oc-17a"/>
      </symbol>
      <symbol id="sm-5a6">
         <name>_SCIA_init</name>
         <value>0x339d45</value>
         <object_component_ref idref="oc-17a"/>
      </symbol>
      <symbol id="sm-5a7">
         <name>_SCIB_init</name>
         <value>0x339d51</value>
         <object_component_ref idref="oc-17a"/>
      </symbol>
      <symbol id="sm-5a8">
         <name>_data</name>
         <value>0x9040</value>
         <object_component_ref idref="oc-c8"/>
      </symbol>
      <symbol id="sm-5a9">
         <name>_Set_Photo_Size</name>
         <value>0x339f69</value>
         <object_component_ref idref="oc-17a"/>
      </symbol>
      <symbol id="sm-5aa">
         <name>_Check_Reply</name>
         <value>0x33a095</value>
         <object_component_ref idref="oc-17a"/>
      </symbol>
      <symbol id="sm-5ab">
         <name>_Flash_Write_Image</name>
         <value>0x339d5d</value>
         <object_component_ref idref="oc-17a"/>
      </symbol>
      <symbol id="sm-5ac">
         <name>_Reset_Camera</name>
         <value>0x339e1d</value>
         <object_component_ref idref="oc-17a"/>
      </symbol>
      <symbol id="sm-5ad">
         <name>_Get_Version</name>
         <value>0x339e69</value>
         <object_component_ref idref="oc-17a"/>
      </symbol>
      <symbol id="sm-5ae">
         <name>_Error_LED</name>
         <value>0x339e13</value>
         <object_component_ref idref="oc-17a"/>
      </symbol>
      <symbol id="sm-5af">
         <name>_Send_JPEG_Image</name>
         <value>0x339d9c</value>
         <object_component_ref idref="oc-17a"/>
      </symbol>
      <symbol id="sm-5b0">
         <name>_Wait_For_Start</name>
         <value>0x339df9</value>
         <object_component_ref idref="oc-17a"/>
      </symbol>
      <symbol id="sm-5b1">
         <name>_Get_JPEG_Image</name>
         <value>0x339d8f</value>
         <object_component_ref idref="oc-17a"/>
      </symbol>
      <symbol id="sm-5b2">
         <name>_Send_Image_Name</name>
         <value>0x339dda</value>
         <object_component_ref idref="oc-17a"/>
      </symbol>
      <symbol id="sm-5e4">
         <name>_Flash28335_Erase</name>
         <value>0x80d2</value>
         <object_component_ref idref="oc-cf"/>
      </symbol>
      <symbol id="sm-60a">
         <name>_Fl28335_EraseSector</name>
         <value>0x838d</value>
         <object_component_ref idref="oc-d4"/>
      </symbol>
      <symbol id="sm-611">
         <name>_Flash_CallbackPtr</name>
         <value>0xdd9e</value>
         <object_component_ref idref="oc-da"/>
      </symbol>
      <symbol id="sm-612">
         <name>_Flash_CPUScaleFactor</name>
         <value>0xdda0</value>
         <object_component_ref idref="oc-da"/>
      </symbol>
      <symbol id="sm-623">
         <name>_Fl28335_Init</name>
         <value>0x84ae</value>
         <object_component_ref idref="oc-db"/>
      </symbol>
      <symbol id="sm-62d">
         <name>_Fl28x_FlashRegSleep</name>
         <value>0x823e</value>
         <object_component_ref idref="oc-e0"/>
      </symbol>
      <symbol id="sm-62e">
         <name>_Fl28x_MaskAll</name>
         <value>0x8285</value>
         <object_component_ref idref="oc-e0"/>
      </symbol>
      <symbol id="sm-62f">
         <name>_Fl28x_EnterCmdMode</name>
         <value>0x8219</value>
         <object_component_ref idref="oc-e0"/>
      </symbol>
      <symbol id="sm-630">
         <name>_Fl28x_OpenPulse</name>
         <value>0x825d</value>
         <object_component_ref idref="oc-e0"/>
      </symbol>
      <symbol id="sm-631">
         <name>_Fl28x_LeaveCmdMode</name>
         <value>0x820c</value>
         <object_component_ref idref="oc-e0"/>
      </symbol>
      <symbol id="sm-632">
         <name>_Fl28x_ClosePulse</name>
         <value>0x826e</value>
         <object_component_ref idref="oc-e0"/>
      </symbol>
      <symbol id="sm-65a">
         <name>_Flash28335_Program</name>
         <value>0x8028</value>
         <object_component_ref idref="oc-e4"/>
      </symbol>
      <symbol id="sm-663">
         <name>_Fl28x_ProgPulse</name>
         <value>0x82ce</value>
         <object_component_ref idref="oc-e9"/>
      </symbol>
      <symbol id="sm-664">
         <name>_Fl28x_ProgVerify</name>
         <value>0x8290</value>
         <object_component_ref idref="oc-e9"/>
      </symbol>
      <symbol id="sm-66d">
         <name>_Fl28x_WatchDogDisable</name>
         <value>0x84d7</value>
         <object_component_ref idref="oc-ed"/>
      </symbol>
      <symbol id="sm-66e">
         <name>_Fl28x_DisableNMI</name>
         <value>0x84df</value>
         <object_component_ref idref="oc-ed"/>
      </symbol>
      <symbol id="sm-679">
         <name>_Flash28335_APIVersionHex</name>
         <value>0x84ff</value>
         <object_component_ref idref="oc-f1"/>
      </symbol>
      <symbol id="sm-687">
         <name>_Fl28335_ClearSector</name>
         <value>0x847b</value>
         <object_component_ref idref="oc-f6"/>
      </symbol>
      <symbol id="sm-6b2">
         <name>_Fl28335_CompactSector</name>
         <value>0x83e7</value>
         <object_component_ref idref="oc-fb"/>
      </symbol>
      <symbol id="sm-6bc">
         <name>_Fl28x_Delay</name>
         <value>0x84eb</value>
         <object_component_ref idref="oc-100"/>
      </symbol>
      <symbol id="sm-6c4">
         <name>_Fl28x_RestoreInt</name>
         <value>0x84fc</value>
         <object_component_ref idref="oc-104"/>
      </symbol>
      <symbol id="sm-6c5">
         <name>_Fl28x_DisableInt</name>
         <value>0x84f8</value>
         <object_component_ref idref="oc-104"/>
      </symbol>
      <symbol id="sm-6d0">
         <name>_Fl28x_EraseVerify</name>
         <value>0x8172</value>
         <object_component_ref idref="oc-108"/>
      </symbol>
      <symbol id="sm-6d1">
         <name>_Fl28x_ErasePulse</name>
         <value>0x81ba</value>
         <object_component_ref idref="oc-108"/>
      </symbol>
      <symbol id="sm-6e1">
         <name>_Fl28x_ClearLoop</name>
         <value>0x843a</value>
         <object_component_ref idref="oc-10c"/>
      </symbol>
      <symbol id="sm-6ea">
         <name>_Fl28x_CompactVerify</name>
         <value>0x8310</value>
         <object_component_ref idref="oc-110"/>
      </symbol>
      <symbol id="sm-6eb">
         <name>_Fl28x_CompactPulse</name>
         <value>0x834a</value>
         <object_component_ref idref="oc-110"/>
      </symbol>
      <symbol id="sm-706">
         <name>_c_int00</name>
         <value>0x33ac02</value>
         <object_component_ref idref="oc-4d"/>
      </symbol>
      <symbol id="sm-707">
         <name>__stack</name>
         <value>0x50</value>
         <object_component_ref idref="oc-114"/>
      </symbol>
      <symbol id="sm-71d">
         <name>_copy_in</name>
         <value>0x33ac58</value>
         <object_component_ref idref="oc-174"/>
      </symbol>
      <symbol id="sm-72c">
         <name>_ppcopy</name>
         <value>0x33ad75</value>
         <object_component_ref idref="oc-11f"/>
      </symbol>
      <symbol id="sm-72d">
         <name>_dpcopy</name>
         <value>0x33ad75</value>
         <object_component_ref idref="oc-11f"/>
      </symbol>
      <symbol id="sm-72e">
         <name>_pdcopy</name>
         <value>0x33ad75</value>
         <object_component_ref idref="oc-11f"/>
      </symbol>
      <symbol id="sm-72f">
         <name>_ddcopy</name>
         <value>0x33ad75</value>
         <object_component_ref idref="oc-11f"/>
      </symbol>
      <symbol id="sm-74f">
         <name>_acosf</name>
         <value>0x33a8a4</value>
         <object_component_ref idref="oc-197"/>
      </symbol>
      <symbol id="sm-750">
         <name>_acos</name>
         <value>0x33a8a4</value>
         <object_component_ref idref="oc-197"/>
      </symbol>
      <symbol id="sm-7aa">
         <name>_powf</name>
         <value>0x33a0b3</value>
         <object_component_ref idref="oc-196"/>
      </symbol>
      <symbol id="sm-7ab">
         <name>_pow</name>
         <value>0x33a0b3</value>
         <object_component_ref idref="oc-196"/>
      </symbol>
      <symbol id="sm-7bc">
         <name>_sqrtf</name>
         <value>0x33acf0</value>
         <object_component_ref idref="oc-1a2"/>
      </symbol>
      <symbol id="sm-7bd">
         <name>_sqrt</name>
         <value>0x33acf0</value>
         <object_component_ref idref="oc-1a2"/>
      </symbol>
      <symbol id="sm-7c8">
         <name>_errno</name>
         <value>0xddaa</value>
         <object_component_ref idref="oc-137"/>
      </symbol>
      <symbol id="sm-7dd">
         <name>C$$EXIT</name>
         <value>0x33ac9e</value>
         <object_component_ref idref="oc-177"/>
      </symbol>
      <symbol id="sm-7de">
         <name>_exit</name>
         <value>0x33aca0</value>
         <object_component_ref idref="oc-177"/>
      </symbol>
      <symbol id="sm-7df">
         <name>___TI_cleanup_ptr</name>
         <value>0xdd9a</value>
         <object_component_ref idref="oc-13b"/>
      </symbol>
      <symbol id="sm-7e0">
         <name>___TI_enable_exit_profile_output</name>
         <value>0xdd98</value>
         <object_component_ref idref="oc-13b"/>
      </symbol>
      <symbol id="sm-7e1">
         <name>_abort</name>
         <value>0x33ac9e</value>
         <object_component_ref idref="oc-177"/>
      </symbol>
      <symbol id="sm-7e2">
         <name>___TI_dtors_ptr</name>
         <value>0xdd9c</value>
         <object_component_ref idref="oc-13b"/>
      </symbol>
      <symbol id="sm-7f3">
         <name>FS$$DIV</name>
         <value>0x33aaa0</value>
         <object_component_ref idref="oc-140"/>
      </symbol>
      <symbol id="sm-801">
         <name>I$$MOD</name>
         <value>0x33ad26</value>
         <object_component_ref idref="oc-145"/>
      </symbol>
      <symbol id="sm-802">
         <name>I$$DIV</name>
         <value>0x33ad15</value>
         <object_component_ref idref="oc-145"/>
      </symbol>
      <symbol id="sm-814">
         <name>_memcpy</name>
         <value>0x33ad57</value>
         <object_component_ref idref="oc-17e"/>
      </symbol>
      <symbol id="sm-821">
         <name>__system_pre_init</name>
         <value>0x33add2</value>
         <object_component_ref idref="oc-173"/>
      </symbol>
      <symbol id="sm-839">
         <name>_scalbn</name>
         <value>0x33ab9b</value>
         <object_component_ref idref="oc-1a6"/>
      </symbol>
      <symbol id="sm-83a">
         <name>_ldexp</name>
         <value>0x33ab9b</value>
         <object_component_ref idref="oc-1a6"/>
      </symbol>
      <symbol id="sm-83b">
         <name>_scalbnf</name>
         <value>0x33ab9b</value>
         <object_component_ref idref="oc-1a6"/>
      </symbol>
      <symbol id="sm-83c">
         <name>_ldexpf</name>
         <value>0x33ab9b</value>
         <object_component_ref idref="oc-1a6"/>
      </symbol>
      <symbol id="sm-849">
         <name>__system_post_cinit</name>
         <value>0x33acef</value>
         <object_component_ref idref="oc-175"/>
      </symbol>
      <symbol id="sm-857">
         <name>_strlen</name>
         <value>0x33adca</value>
         <object_component_ref idref="oc-185"/>
      </symbol>
      <symbol id="sm-86c">
         <name>__unlock</name>
         <value>0xdda8</value>
         <object_component_ref idref="oc-1a1"/>
      </symbol>
      <symbol id="sm-86d">
         <name>__lock</name>
         <value>0xdda6</value>
         <object_component_ref idref="oc-17b"/>
      </symbol>
      <symbol id="sm-86e">
         <name>__register_lock</name>
         <value>0x33adbd</value>
         <object_component_ref idref="oc-18c"/>
      </symbol>
      <symbol id="sm-86f">
         <name>__nop</name>
         <value>0x33adc1</value>
         <object_component_ref idref="oc-18c"/>
      </symbol>
      <symbol id="sm-870">
         <name>__register_unlock</name>
         <value>0x33adb9</value>
         <object_component_ref idref="oc-18c"/>
      </symbol>
      <symbol id="sm-880">
         <name>__args_main</name>
         <value>0x33ad8f</value>
         <object_component_ref idref="oc-176"/>
      </symbol>
      <symbol id="sm-88d">
         <name>_copysignf</name>
         <value>0x33ada8</value>
         <object_component_ref idref="oc-1a7"/>
      </symbol>
      <symbol id="sm-88e">
         <name>_copysign</name>
         <value>0x33ada8</value>
         <object_component_ref idref="oc-1a7"/>
      </symbol>
   </symbol_table>
   <title>Link successful</title>
</link_info>
