******************************************************************************
             TMS320C2000 Linker Unix v15.12.3                  
******************************************************************************
>> Linked Fri Feb 16 19:06:18 2018

OUTPUT FILE NAME:   <Image_Flash.pjt.out>
ENTRY POINT SYMBOL: "_c_int00"  address: 0033ab4c


MEMORY CONFIGURATION

         name            origin    length      used     unused   attr    fill
----------------------  --------  ---------  --------  --------  ----  --------
PAGE 0:
  ZONE0                 00004000   00001000  00000000  00001000  RWIX
  RAML0                 00008000   00001000  00000549  00000ab7  RWIX
  ZONE6                 00100000   00100000  00000000  00100000  RWIX
  ZONE7A                00200000   0000fc00  00000000  0000fc00  RWIX
  FLASHH                00300000   00008000  00000001  00007fff  RWIX
  FLASHG                00308000   00008000  00000000  00008000  RWIX
  FLASHF                00310000   00008000  00000000  00008000  RWIX
  FLASHE                00318000   00008000  00000000  00008000  RWIX
  FLASHD                00320000   00008000  00000000  00008000  RWIX
  FLASHC                00328000   00008000  00000000  00008000  RWIX
  FLASHB                00330000   00008000  00000000  00008000  RWIX
  FLASHA                00338000   00007f80  00003c37  00004349  RWIX
  CSM_RSVD              0033ff80   00000076  00000000  00000076  RWIX
  BEGIN                 0033fff6   00000002  00000002  00000000  RWIX
  CSM_PWL               0033fff8   00000008  00000000  00000008  RWIX
  ADC_CAL               00380080   00000009  00000007  00000002  RWIX
  OTP                   00380400   00000400  00000000  00000400  RWIX
  IQTABLES              003fe000   00000b50  00000000  00000b50  RWIX
  IQTABLES2             003feb50   0000008c  00000000  0000008c  RWIX
  FPUTABLES             003febdc   000006a0  00000000  000006a0  RWIX
  ROM                   003ff27c   00000d44  00000000  00000d44  RWIX
  RESET                 003fffc0   00000002  00000000  00000002  RWIX
  VECTORS               003fffc2   0000003e  00000000  0000003e  RWIX

PAGE 1:
  BOOT_RSVD             00000000   00000050  00000000  00000050  RWIX
  RAMM1                 00000050   000007b0  000007b0  00000000  RWIX
  DEV_EMU               00000880   00000180  000000d0  000000b0  RWIX
  FLASH_REGS            00000a80   00000060  00000008  00000058  RWIX
  CSM                   00000ae0   00000010  00000010  00000000  RWIX
  ADC_MIRROR            00000b00   00000010  00000010  00000000  RWIX
  XINTF                 00000b20   00000020  0000001e  00000002  RWIX
  CPU_TIMER0            00000c00   00000008  00000008  00000000  RWIX
  CPU_TIMER1            00000c08   00000008  00000008  00000000  RWIX
  CPU_TIMER2            00000c10   00000008  00000008  00000000  RWIX
  PIE_CTRL              00000ce0   00000020  0000001a  00000006  RWIX
  PIE_VECT              00000d00   00000100  00000100  00000000  RWIX
  DMA                   00001000   00000200  000000e0  00000120  RWIX
  MCBSPA                00005000   00000040  00000025  0000001b  RWIX
  MCBSPB                00005040   00000040  00000025  0000001b  RWIX
  ECANA                 00006000   00000040  00000034  0000000c  RWIX
  ECANA_LAM             00006040   00000040  00000040  00000000  RWIX
  ECANA_MOTS            00006080   00000040  00000040  00000000  RWIX
  ECANA_MOTO            000060c0   00000040  00000040  00000000  RWIX
  ECANA_MBOX            00006100   00000100  00000100  00000000  RWIX
  ECANB                 00006200   00000040  00000034  0000000c  RWIX
  ECANB_LAM             00006240   00000040  00000040  00000000  RWIX
  ECANB_MOTS            00006280   00000040  00000040  00000000  RWIX
  ECANB_MOTO            000062c0   00000040  00000040  00000000  RWIX
  ECANB_MBOX            00006300   00000100  00000100  00000000  RWIX
  EPWM1                 00006800   00000022  00000022  00000000  RWIX
  EPWM2                 00006840   00000022  00000022  00000000  RWIX
  EPWM3                 00006880   00000022  00000022  00000000  RWIX
  EPWM4                 000068c0   00000022  00000022  00000000  RWIX
  EPWM5                 00006900   00000022  00000022  00000000  RWIX
  EPWM6                 00006940   00000022  00000022  00000000  RWIX
  ECAP1                 00006a00   00000020  00000020  00000000  RWIX
  ECAP2                 00006a20   00000020  00000020  00000000  RWIX
  ECAP3                 00006a40   00000020  00000020  00000000  RWIX
  ECAP4                 00006a60   00000020  00000020  00000000  RWIX
  ECAP5                 00006a80   00000020  00000020  00000000  RWIX
  ECAP6                 00006aa0   00000020  00000020  00000000  RWIX
  EQEP1                 00006b00   00000040  00000040  00000000  RWIX
  EQEP2                 00006b40   00000040  00000040  00000000  RWIX
  GPIOCTRL              00006f80   00000040  0000002e  00000012  RWIX
  GPIODAT               00006fc0   00000020  00000020  00000000  RWIX
  GPIOINT               00006fe0   00000020  0000000a  00000016  RWIX
  SYSTEM                00007010   00000020  00000020  00000000  RWIX
  SPIA                  00007040   00000010  00000010  00000000  RWIX
  SCIA                  00007050   00000010  00000010  00000000  RWIX
  XINTRUPT              00007070   00000010  00000010  00000000  RWIX
  ADC                   00007100   00000020  0000001e  00000002  RWIX
  SCIB                  00007750   00000010  00000010  00000000  RWIX
  SCIC                  00007770   00000010  00000010  00000000  RWIX
  I2CA                  00007900   00000040  00000022  0000001e  RWIX
  RAML1                 00009000   00006000  00004dab  00001255  RWIX
  RAML7                 0000f000   00001000  00000000  00001000  RWIX
  ZONE7B                0020fc00   00000400  00000000  00000400  RWIX
  CSM_PWL               0033fff8   00000008  00000008  00000000  RWIX
  PARTID                00380090   00000001  00000001  00000000  RWIX


SECTION ALLOCATION MAP

 output                                  attributes/
section   page    origin      length       input sections
--------  ----  ----------  ----------   ----------------
myFlashConstants 
*          0    00300000    00000001     UNINITIALIZED
                  00300000    00000001     Image_FLASH_API.obj (myFlashConstants)

Flash28_API 
*          0    0033ad1e    00000502     RUN ADDR = 00008000
                  0033ad1e    00000020     Flash28335_API_V210.lib : Flash28_Erase.obj (.econst:_Sector$1)
                  0033ad3e    00000008                             : Flash28_Erase.obj (.econst:_SecKey$2)
                  0033ad46    000000aa                             : Flash28_Prog.obj (.text)
                  0033adf0    000000a0                             : Flash28_Erase.obj (.text)
                  0033ae90    0000009a                             : Flash28_Erase_Pulse.obj (.text)
                  0033af2a    00000084                             : Flash28_Internals.obj (.text)
                  0033afae    00000080                             : Flash28_Prog_Pulse.obj (.text)
                  0033b02e    0000007d                             : Flash28_Compact_Pulse.obj (.text)
                  0033b0ab    0000005a                             : Flash28_EraseSector.obj (.text)
                  0033b105    00000053                             : Flash28_CompactSector.obj (.text)
                  0033b158    00000041                             : Flash28_ClearLoop.obj (.text)
                  0033b199    00000033                             : Flash28_ClearSector.obj (.text)
                  0033b1cc    00000029                             : Flash28_Init.obj (.text)
                  0033b1f5    00000014                             : Flash28_Utils.obj (.text)
                  0033b209    0000000d                             : Flash28_Delay.obj (.text)
                  0033b216    00000007                             : Flash28_DisInt.obj (.text)
                  0033b21d    00000003                             : Flash28_Version_Hex.obj (.text)

ramfuncs   0    0033bba8    00000047     RUN ADDR = 00008502
                  0033bba8    00000028     Image_main.obj (ramfuncs:retain)
                  0033bbd0    0000001b     DSP2833x_SysCtrl.obj (ramfuncs)
                  0033bbeb    00000004     DSP2833x_usDelay.obj (ramfuncs)

.cinit     0    0033bbef    00000048     
                  0033bbef    00000014     Image_Processing_Functions.obj (.cinit)
                  0033bc03    0000000e     rts2800_fpu32.lib : exit.obj (.cinit)
                  0033bc11    0000000c     Image_main.obj (.cinit)
                  0033bc1d    0000000a     Flash28335_API_V210.lib : Flash28_Globals.obj (.cinit)
                  0033bc27    00000005     rts2800_fpu32.lib : _lock.obj (.cinit:__lock)
                  0033bc2c    00000005                       : _lock.obj (.cinit:__unlock)
                  0033bc31    00000004                       : errno.obj (.cinit)
                  0033bc35    00000002     --HOLE-- [fill = 0]

DevEmuRegsFile 
*          1    00000880    000000d0     UNINITIALIZED
                  00000880    000000d0     DSP2833x_GlobalVariableDefs.obj (DevEmuRegsFile)

FlashRegsFile 
*          1    00000a80    00000008     UNINITIALIZED
                  00000a80    00000008     DSP2833x_GlobalVariableDefs.obj (FlashRegsFile)

CsmRegsFile 
*          1    00000ae0    00000010     UNINITIALIZED
                  00000ae0    00000010     DSP2833x_GlobalVariableDefs.obj (CsmRegsFile)

AdcMirrorFile 
*          1    00000b00    00000010     UNINITIALIZED
                  00000b00    00000010     DSP2833x_GlobalVariableDefs.obj (AdcMirrorFile)

XintfRegsFile 
*          1    00000b20    0000001e     UNINITIALIZED
                  00000b20    0000001e     DSP2833x_GlobalVariableDefs.obj (XintfRegsFile)

CpuTimer0RegsFile 
*          1    00000c00    00000008     UNINITIALIZED
                  00000c00    00000008     DSP2833x_GlobalVariableDefs.obj (CpuTimer0RegsFile)

CpuTimer1RegsFile 
*          1    00000c08    00000008     UNINITIALIZED
                  00000c08    00000008     DSP2833x_GlobalVariableDefs.obj (CpuTimer1RegsFile)

CpuTimer2RegsFile 
*          1    00000c10    00000008     UNINITIALIZED
                  00000c10    00000008     DSP2833x_GlobalVariableDefs.obj (CpuTimer2RegsFile)

PieCtrlRegsFile 
*          1    00000ce0    0000001a     UNINITIALIZED
                  00000ce0    0000001a     DSP2833x_GlobalVariableDefs.obj (PieCtrlRegsFile)

PieVectTableFile 
*          1    00000d00    00000100     UNINITIALIZED
                  00000d00    00000100     DSP2833x_GlobalVariableDefs.obj (PieVectTableFile)

DmaRegsFile 
*          1    00001000    000000e0     UNINITIALIZED
                  00001000    000000e0     DSP2833x_GlobalVariableDefs.obj (DmaRegsFile)

McbspaRegsFile 
*          1    00005000    00000025     UNINITIALIZED
                  00005000    00000025     DSP2833x_GlobalVariableDefs.obj (McbspaRegsFile)

McbspbRegsFile 
*          1    00005040    00000025     UNINITIALIZED
                  00005040    00000025     DSP2833x_GlobalVariableDefs.obj (McbspbRegsFile)

ECanaRegsFile 
*          1    00006000    00000034     UNINITIALIZED
                  00006000    00000034     DSP2833x_GlobalVariableDefs.obj (ECanaRegsFile)

ECanaLAMRegsFile 
*          1    00006040    00000040     UNINITIALIZED
                  00006040    00000040     DSP2833x_GlobalVariableDefs.obj (ECanaLAMRegsFile)

ECanaMOTSRegsFile 
*          1    00006080    00000040     UNINITIALIZED
                  00006080    00000040     DSP2833x_GlobalVariableDefs.obj (ECanaMOTSRegsFile)

ECanaMOTORegsFile 
*          1    000060c0    00000040     UNINITIALIZED
                  000060c0    00000040     DSP2833x_GlobalVariableDefs.obj (ECanaMOTORegsFile)

ECanaMboxesFile 
*          1    00006100    00000100     UNINITIALIZED
                  00006100    00000100     DSP2833x_GlobalVariableDefs.obj (ECanaMboxesFile)

ECanbRegsFile 
*          1    00006200    00000034     UNINITIALIZED
                  00006200    00000034     DSP2833x_GlobalVariableDefs.obj (ECanbRegsFile)

ECanbLAMRegsFile 
*          1    00006240    00000040     UNINITIALIZED
                  00006240    00000040     DSP2833x_GlobalVariableDefs.obj (ECanbLAMRegsFile)

ECanbMOTSRegsFile 
*          1    00006280    00000040     UNINITIALIZED
                  00006280    00000040     DSP2833x_GlobalVariableDefs.obj (ECanbMOTSRegsFile)

ECanbMOTORegsFile 
*          1    000062c0    00000040     UNINITIALIZED
                  000062c0    00000040     DSP2833x_GlobalVariableDefs.obj (ECanbMOTORegsFile)

ECanbMboxesFile 
*          1    00006300    00000100     UNINITIALIZED
                  00006300    00000100     DSP2833x_GlobalVariableDefs.obj (ECanbMboxesFile)

EPwm1RegsFile 
*          1    00006800    00000022     UNINITIALIZED
                  00006800    00000022     DSP2833x_GlobalVariableDefs.obj (EPwm1RegsFile)

EPwm2RegsFile 
*          1    00006840    00000022     UNINITIALIZED
                  00006840    00000022     DSP2833x_GlobalVariableDefs.obj (EPwm2RegsFile)

EPwm3RegsFile 
*          1    00006880    00000022     UNINITIALIZED
                  00006880    00000022     DSP2833x_GlobalVariableDefs.obj (EPwm3RegsFile)

EPwm4RegsFile 
*          1    000068c0    00000022     UNINITIALIZED
                  000068c0    00000022     DSP2833x_GlobalVariableDefs.obj (EPwm4RegsFile)

EPwm5RegsFile 
*          1    00006900    00000022     UNINITIALIZED
                  00006900    00000022     DSP2833x_GlobalVariableDefs.obj (EPwm5RegsFile)

EPwm6RegsFile 
*          1    00006940    00000022     UNINITIALIZED
                  00006940    00000022     DSP2833x_GlobalVariableDefs.obj (EPwm6RegsFile)

ECap1RegsFile 
*          1    00006a00    00000020     UNINITIALIZED
                  00006a00    00000020     DSP2833x_GlobalVariableDefs.obj (ECap1RegsFile)

ECap2RegsFile 
*          1    00006a20    00000020     UNINITIALIZED
                  00006a20    00000020     DSP2833x_GlobalVariableDefs.obj (ECap2RegsFile)

ECap3RegsFile 
*          1    00006a40    00000020     UNINITIALIZED
                  00006a40    00000020     DSP2833x_GlobalVariableDefs.obj (ECap3RegsFile)

ECap4RegsFile 
*          1    00006a60    00000020     UNINITIALIZED
                  00006a60    00000020     DSP2833x_GlobalVariableDefs.obj (ECap4RegsFile)

ECap5RegsFile 
*          1    00006a80    00000020     UNINITIALIZED
                  00006a80    00000020     DSP2833x_GlobalVariableDefs.obj (ECap5RegsFile)

ECap6RegsFile 
*          1    00006aa0    00000020     UNINITIALIZED
                  00006aa0    00000020     DSP2833x_GlobalVariableDefs.obj (ECap6RegsFile)

EQep1RegsFile 
*          1    00006b00    00000040     UNINITIALIZED
                  00006b00    00000040     DSP2833x_GlobalVariableDefs.obj (EQep1RegsFile)

EQep2RegsFile 
*          1    00006b40    00000040     UNINITIALIZED
                  00006b40    00000040     DSP2833x_GlobalVariableDefs.obj (EQep2RegsFile)

GpioCtrlRegsFile 
*          1    00006f80    0000002e     UNINITIALIZED
                  00006f80    0000002e     DSP2833x_GlobalVariableDefs.obj (GpioCtrlRegsFile)

GpioDataRegsFile 
*          1    00006fc0    00000020     UNINITIALIZED
                  00006fc0    00000020     DSP2833x_GlobalVariableDefs.obj (GpioDataRegsFile)

GpioIntRegsFile 
*          1    00006fe0    0000000a     UNINITIALIZED
                  00006fe0    0000000a     DSP2833x_GlobalVariableDefs.obj (GpioIntRegsFile)

SysCtrlRegsFile 
*          1    00007010    00000020     UNINITIALIZED
                  00007010    00000020     DSP2833x_GlobalVariableDefs.obj (SysCtrlRegsFile)

SpiaRegsFile 
*          1    00007040    00000010     UNINITIALIZED
                  00007040    00000010     DSP2833x_GlobalVariableDefs.obj (SpiaRegsFile)

SciaRegsFile 
*          1    00007050    00000010     UNINITIALIZED
                  00007050    00000010     DSP2833x_GlobalVariableDefs.obj (SciaRegsFile)

XIntruptRegsFile 
*          1    00007070    00000010     UNINITIALIZED
                  00007070    00000010     DSP2833x_GlobalVariableDefs.obj (XIntruptRegsFile)

AdcRegsFile 
*          1    00007100    0000001e     UNINITIALIZED
                  00007100    0000001e     DSP2833x_GlobalVariableDefs.obj (AdcRegsFile)

ScibRegsFile 
*          1    00007750    00000010     UNINITIALIZED
                  00007750    00000010     DSP2833x_GlobalVariableDefs.obj (ScibRegsFile)

ScicRegsFile 
*          1    00007770    00000010     UNINITIALIZED
                  00007770    00000010     DSP2833x_GlobalVariableDefs.obj (ScicRegsFile)

I2caRegsFile 
*          1    00007900    00000022     UNINITIALIZED
                  00007900    00000022     DSP2833x_GlobalVariableDefs.obj (I2caRegsFile)

CsmPwlFile 
*          1    0033fff8    00000008     UNINITIALIZED
                  0033fff8    00000008     DSP2833x_GlobalVariableDefs.obj (CsmPwlFile)

PartIdRegsFile 
*          1    00380090    00000001     UNINITIALIZED
                  00380090    00000001     DSP2833x_GlobalVariableDefs.obj (PartIdRegsFile)

.pinit     0    00338000    00000000     UNINITIALIZED

.text      0    00338000    00002d1e     
                  00338000    00001bfb     Image_Processing_Functions.obj (.text)
                  00339bfb    00000402     Image_main.obj (.text)
                  00339ffd    0000037f     rts2800_fpu32.lib : e_powf.obj (.text)
                  0033a37c    00000316     DSP2833x_DefaultIsr.obj (.text:retain)
                  0033a692    0000015c     Image_FLASH_API.obj (.text)
                  0033a7ee    00000104     rts2800_fpu32.lib : e_acosf.obj (.text)
                  0033a8f2    000000f8     DSP2833x_SysCtrl.obj (.text)
                  0033a9ea    00000088     rts2800_fpu32.lib : fs_div.obj (.text)
                  0033aa72    00000073     DSP2833x_CpuTimers.obj (.text)
                  0033aae5    00000067     rts2800_fpu32.lib : s_scalbnf.obj (.text)
                  0033ab4c    00000056                       : boot.obj (.text)
                  0033aba2    00000046                       : cpy_tbl.obj (.text)
                  0033abe8    00000029                       : exit.obj (.text)
                  0033ac11    00000028     DSP2833x_PieCtrl.obj (.text)
                  0033ac39    00000001     rts2800_fpu32.lib : startup.obj (.text)
                  0033ac3a    00000025                       : e_sqrtf.obj (.text)
                  0033ac5f    00000022                       : i_div.obj (.text)
                  0033ac81    00000020     DSP2833x_PieVect.obj (.text)
                  0033aca1    0000001e     rts2800_fpu32.lib : memcpy.obj (.text)
                  0033acbf    0000001a                       : cpy_utils.obj (.text)
                  0033acd9    00000019                       : args_main.obj (.text)
                  0033acf2    00000011                       : s_copysignf.obj (.text)
                  0033ad03    00000009                       : _lock.obj (.text)
                  0033ad0c    00000008     DSP2833x_CodeStartBranch.obj (.text)
                  0033ad14    00000008     rts2800_fpu32.lib : strlen.obj (.text)
                  0033ad1c    00000002                       : pre_init.obj (.text)

codestart 
*          0    0033fff6    00000002     
                  0033fff6    00000002     DSP2833x_CodeStartBranch.obj (codestart)

.stack     1    00000050    000007b0     UNINITIALIZED
                  00000050    000007b0     --HOLE--

.ebss      1    00009000    00004dab     UNINITIALIZED
                  00009000    00004b40     Image_main.obj (.ebss)
                  0000db40    00000240     Image_Processing_Functions.obj (.ebss)
                  0000dd80    00000018     DSP2833x_CpuTimers.obj (.ebss)
                  0000dd98    00000006     rts2800_fpu32.lib : exit.obj (.ebss)
                  0000dd9e    00000004     Flash28335_API_V210.lib : Flash28_Globals.obj (.ebss)
                  0000dda2    00000004     Image_FLASH_API.obj (.ebss)
                  0000dda6    00000002     rts2800_fpu32.lib : _lock.obj (.ebss:__lock)
                  0000dda8    00000002                       : _lock.obj (.ebss:__unlock)
                  0000ddaa    00000001                       : errno.obj (.ebss)

.econst    0    0033b220    00000988     
                  0033b220    000006e4     Image_Processing_Functions.obj (.econst:.string)
                  0033b904    00000100     DSP2833x_PieVect.obj (.econst:_PieVectTableInit)
                  0033ba04    00000032     rts2800_fpu32.lib : e_powf.obj (.econst)
                  0033ba36    0000001c     Image_Processing_Functions.obj (.econst:.string:_$P$T15$16)
                  0033ba52    0000001b     Image_Processing_Functions.obj (.econst:.string:_$P$T14$15)
                  0033ba6d    00000015     Image_Processing_Functions.obj (.econst:.string:_$P$T10$11)
                  0033ba82    00000015     Image_Processing_Functions.obj (.econst:.string:_$P$T12$13)
                  0033ba97    00000015     Image_Processing_Functions.obj (.econst:.string:_$P$T13$14)
                  0033baac    00000013     Image_Processing_Functions.obj (.econst:.string:_$P$T11$12)
                  0033babf    00000013     Image_Processing_Functions.obj (.econst:.string:_$P$T7$8)
                  0033bad2    00000013     Image_Processing_Functions.obj (.econst:.string:_$P$T8$9)
                  0033bae5    00000013     Image_Processing_Functions.obj (.econst:.string:_$P$T9$10)
                  0033baf8    00000010     Image_main.obj (.econst:_$P$T5$6)
                  0033bb08    00000010     rts2800_fpu32.lib : e_acosf.obj (.econst)
                  0033bb18    0000000f     Image_main.obj (.econst:.string)
                  0033bb27    0000000c     Image_Processing_Functions.obj (.econst:.string:_$P$T0$1)
                  0033bb33    0000000c     Image_Processing_Functions.obj (.econst:.string:_$P$T1$2)
                  0033bb3f    0000000c     Image_Processing_Functions.obj (.econst:.string:_$P$T2$3)
                  0033bb4b    0000000c     Image_Processing_Functions.obj (.econst:.string:_$P$T3$4)
                  0033bb57    0000000c     Image_Processing_Functions.obj (.econst:.string:_$P$T4$5)
                  0033bb63    0000000c     Image_Processing_Functions.obj (.econst:.string:_$P$T5$6)
                  0033bb6f    0000000c     Image_Processing_Functions.obj (.econst:.string:_$P$T6$7)
                  0033bb7b    00000009     Image_main.obj (.econst:_$P$T4$5)
                  0033bb84    00000006     rts2800_fpu32.lib : s_scalbnf.obj (.econst)
                  0033bb8a    00000005     Image_main.obj (.econst:_$P$T2$3)
                  0033bb8f    00000005     Image_main.obj (.econst:_$P$T3$4)
                  0033bb94    00000004     Image_main.obj (.econst:_$P$T0$1)
                  0033bb98    00000004     Image_main.obj (.econst:_$P$T1$2)
                  0033bb9c    00000004     rts2800_fpu32.lib : e_powf.obj (.econst:_bp)
                  0033bba0    00000004                       : e_powf.obj (.econst:_dp_h)
                  0033bba4    00000004                       : e_powf.obj (.econst:_dp_l)

.reset     0    003fffc0    00000002     DSECT
                  003fffc0    00000002     rts2800_fpu32.lib : boot.obj (.reset)

vectors    0    003fffc2    00000000     DSECT

.adc_cal   0    00380080    00000007     NOLOAD SECTION
                  00380080    00000007     DSP2833x_ADC_cal.obj (.adc_cal)

MODULE SUMMARY

       Module                            code    ro data   rw data
       ------                            ----    -------   -------
    ./
       Image_main.obj                    1106    0         19334  
       Image_Processing_Functions.obj    7163    0         2638   
       DSP2833x_GlobalVariableDefs.obj   0       0         2679   
       DSP2833x_DefaultIsr.obj           790     0         0      
       Image_FLASH_API.obj               348     0         5      
       DSP2833x_SysCtrl.obj              302     0         0      
       DSP2833x_PieVect.obj              32      0         256    
       DSP2833x_CpuTimers.obj            115     0         24     
       DSP2833x_PieCtrl.obj              40      0         0      
       DSP2833x_CodeStartBranch.obj      10      0         0      
       DSP2833x_usDelay.obj              8       0         0      
       DSP2833x_ADC_cal.obj              7       0         0      
    +--+---------------------------------+-------+---------+---------+
       Total:                            9921    0         24936  
                                                                  
    /opt/ti/ccsv6/tools/compiler/c2000_15.12.3.LTS/lib/rts2800_fpu32.lib
       e_powf.obj                        895     0         62     
       e_acosf.obj                       260     0         16     
       fs_div.obj                        136     0         0      
       s_scalbnf.obj                     103     0         6      
       boot.obj                          86      0         0      
       cpy_tbl.obj                       70      0         0      
       exit.obj                          41      0         20     
       e_sqrtf.obj                       37      0         0      
       i_div.obj                         34      0         0      
       memcpy.obj                        30      0         0      
       cpy_utils.obj                     26      0         0      
       args_main.obj                     25      0         0      
       _lock.obj                         9       0         14     
       s_copysignf.obj                   17      0         0      
       strlen.obj                        8       0         0      
       errno.obj                         0       0         5      
       pre_init.obj                      2       0         0      
       startup.obj                       1       0         0      
    +--+---------------------------------+-------+---------+---------+
       Total:                            1780    0         123    
                                                                  
    /tidcs/c28/Flash28_API/Flash28335_API_V210/lib/Flash28335_API_V210.lib
       Flash28_Erase.obj                 320     0         80     
       Flash28_Prog.obj                  340     0         0      
       Flash28_Erase_Pulse.obj           308     0         0      
       Flash28_Internals.obj             264     0         0      
       Flash28_Prog_Pulse.obj            256     0         0      
       Flash28_Compact_Pulse.obj         250     0         0      
       Flash28_EraseSector.obj           180     0         0      
       Flash28_CompactSector.obj         166     0         0      
       Flash28_ClearLoop.obj             130     0         0      
       Flash28_ClearSector.obj           102     0         0      
       Flash28_Init.obj                  82      0         0      
       Flash28_Utils.obj                 40      0         0      
       Flash28_Delay.obj                 26      0         0      
       Flash28_DisInt.obj                14      0         0      
       Flash28_Globals.obj               0       0         14     
       Flash28_Version_Hex.obj           6       0         0      
    +--+---------------------------------+-------+---------+---------+
       Total:                            2484    0         94     
                                                                  
       Stack:                            0       0         1968   
    +--+---------------------------------+-------+---------+---------+
       Grand Total:                      14185   0         27121  


GLOBAL DATA SYMBOLS: SORTED BY DATA PAGE

address     data page           name
--------    ----------------    ----
00000050       1 (00000040)     __stack

00000880      22 (00000880)     _DevEmuRegs

00000a80      2a (00000a80)     _FlashRegs

00000ae0      2b (00000ac0)     _CsmRegs

00000b00      2c (00000b00)     _AdcMirror
00000b20      2c (00000b00)     _XintfRegs

00000c00      30 (00000c00)     _CpuTimer0Regs
00000c08      30 (00000c00)     _CpuTimer1Regs
00000c10      30 (00000c00)     _CpuTimer2Regs

00000ce0      33 (00000cc0)     _PieCtrlRegs

00000d00      34 (00000d00)     _PieVectTable

00001000      40 (00001000)     _DmaRegs

00005000     140 (00005000)     _McbspaRegs

00005040     141 (00005040)     _McbspbRegs

00006000     180 (00006000)     _ECanaRegs

00006040     181 (00006040)     _ECanaLAMRegs

00006080     182 (00006080)     _ECanaMOTSRegs

000060c0     183 (000060c0)     _ECanaMOTORegs

00006100     184 (00006100)     _ECanaMboxes

00006200     188 (00006200)     _ECanbRegs

00006240     189 (00006240)     _ECanbLAMRegs

00006280     18a (00006280)     _ECanbMOTSRegs

000062c0     18b (000062c0)     _ECanbMOTORegs

00006300     18c (00006300)     _ECanbMboxes

00006800     1a0 (00006800)     _EPwm1Regs

00006840     1a1 (00006840)     _EPwm2Regs

00006880     1a2 (00006880)     _EPwm3Regs

000068c0     1a3 (000068c0)     _EPwm4Regs

00006900     1a4 (00006900)     _EPwm5Regs

00006940     1a5 (00006940)     _EPwm6Regs

00006a00     1a8 (00006a00)     _ECap1Regs
00006a20     1a8 (00006a00)     _ECap2Regs

00006a40     1a9 (00006a40)     _ECap3Regs
00006a60     1a9 (00006a40)     _ECap4Regs

00006a80     1aa (00006a80)     _ECap5Regs
00006aa0     1aa (00006a80)     _ECap6Regs

00006b00     1ac (00006b00)     _EQep1Regs

00006b40     1ad (00006b40)     _EQep2Regs

00006f80     1be (00006f80)     _GpioCtrlRegs

00006fc0     1bf (00006fc0)     _GpioDataRegs
00006fe0     1bf (00006fc0)     _GpioIntRegs

00007010     1c0 (00007000)     _SysCtrlRegs

00007040     1c1 (00007040)     _SpiaRegs
00007050     1c1 (00007040)     _SciaRegs
00007070     1c1 (00007040)     _XIntruptRegs

00007100     1c4 (00007100)     _AdcRegs

00007750     1dd (00007740)     _ScibRegs
00007770     1dd (00007740)     _ScicRegs

00007900     1e4 (00007900)     _I2caRegs

00008028     200 (00008000)     _Flash28335_Program

000080d2     203 (000080c0)     _Flash28335_Erase

00008172     205 (00008140)     _Fl28x_EraseVerify

000081ba     206 (00008180)     _Fl28x_ErasePulse

0000820c     208 (00008200)     _Fl28x_LeaveCmdMode
00008219     208 (00008200)     _Fl28x_EnterCmdMode
0000823e     208 (00008200)     _Fl28x_FlashRegSleep

0000825d     209 (00008240)     _Fl28x_OpenPulse
0000826e     209 (00008240)     _Fl28x_ClosePulse

00008285     20a (00008280)     _Fl28x_MaskAll
00008290     20a (00008280)     _Fl28x_ProgVerify

000082ce     20b (000082c0)     _Fl28x_ProgPulse

00008310     20c (00008300)     _Fl28x_CompactVerify

0000834a     20d (00008340)     _Fl28x_CompactPulse

0000838d     20e (00008380)     _Fl28335_EraseSector

000083e7     20f (000083c0)     _Fl28335_CompactSector

0000843a     210 (00008400)     _Fl28x_ClearLoop

0000847b     211 (00008440)     _Fl28335_ClearSector

000084ae     212 (00008480)     _Fl28335_Init

000084d7     213 (000084c0)     _Fl28x_WatchDogDisable
000084df     213 (000084c0)     _Fl28x_DisableNMI
000084eb     213 (000084c0)     _Fl28x_Delay
000084f8     213 (000084c0)     _Fl28x_DisableInt
000084fc     213 (000084c0)     _Fl28x_RestoreInt
000084ff     213 (000084c0)     _Flash28335_APIVersionHex

00009000     240 (00009000)     _image_len
00009001     240 (00009000)     _ksy
00009002     240 (00009000)     _status

00009040     241 (00009040)     _data

0000db40     36d (0000db40)     _count
0000db42     36d (0000db40)     _exceed0
0000db44     36d (0000db40)     _exceed255
0000db46     36d (0000db40)     _count_check

0000db80     36e (0000db80)     _n_PDF_CDF_LSK_RF

0000dd80     376 (0000dd80)     _CpuTimer1
0000dd88     376 (0000dd80)     _CpuTimer2
0000dd90     376 (0000dd80)     _CpuTimer0
0000dd98     376 (0000dd80)     ___TI_enable_exit_profile_output
0000dd9a     376 (0000dd80)     ___TI_cleanup_ptr
0000dd9c     376 (0000dd80)     ___TI_dtors_ptr
0000dd9e     376 (0000dd80)     _Flash_CallbackPtr
0000dda0     376 (0000dd80)     _Flash_CPUScaleFactor
0000dda2     376 (0000dd80)     _DestAddr
0000dda4     376 (0000dd80)     _SourceAddr
0000dda6     376 (0000dd80)     __lock
0000dda8     376 (0000dd80)     __unlock
0000ddaa     376 (0000dd80)     _errno

00300000    c000 (00300000)     _A0

0033b904    cee4 (0033b900)     _PieVectTableInit

0033fff8    cfff (0033ffc0)     _CsmPwl

00380090    e002 (00380080)     _PartIdRegs


GLOBAL SYMBOLS: SORTED ALPHABETICALLY BY Name 

page  address   name                            
----  -------   ----                            
0     00338000  .text                           
0     0033abe8  C$$EXIT                         
0     0033a9ea  FS$$DIV                         
0     0033ac5f  I$$DIV                          
0     0033ac70  I$$MOD                          
0     00300000  _A0                             
0     0033a462  _ADCINT_ISR                     
0     00380080  _ADC_cal                        
1     00000b00  _AdcMirror                      
1     00007100  _AdcRegs                        
0     0033878d  _Bit_Plane_Slicing              
0     003386fe  _CMY_Image                      
0     00339fdf  _Check_Reply                    
0     0033aaab  _ConfigCpuTimer                 
0     00339494  _Contrast_Stretching            
1     0000dd90  _CpuTimer0                      
1     00000c00  _CpuTimer0Regs                  
1     0000dd80  _CpuTimer1                      
1     00000c08  _CpuTimer1Regs                  
1     0000dd88  _CpuTimer2                      
1     00000c10  _CpuTimer2Regs                  
1     0033fff8  _CsmPwl                         
1     00000ae0  _CsmRegs                        
0     0033a9b9  _CsmUnlock                      
0     0033a390  _DATALOG_ISR                    
0     0033a584  _DINTCH1_ISR                    
0     0033a58e  _DINTCH2_ISR                    
0     0033a598  _DINTCH3_ISR                    
0     0033a5a2  _DINTCH4_ISR                    
0     0033a5ac  _DINTCH5_ISR                    
0     0033a5b6  _DINTCH6_ISR                    
0     00008545  _DSP28x_usDelay                 
1     0000dda2  _DestAddr                       
1     00000880  _DevEmuRegs                     
0     0033a905  _DisableDog                     
1     00001000  _DmaRegs                        
0     0033a610  _ECAN0INTA_ISR                  
0     0033a624  _ECAN0INTB_ISR                  
0     0033a61a  _ECAN1INTA_ISR                  
0     0033a62e  _ECAN1INTB_ISR                  
0     0033a4f8  _ECAP1_INT_ISR                  
0     0033a502  _ECAP2_INT_ISR                  
0     0033a50c  _ECAP3_INT_ISR                  
0     0033a516  _ECAP4_INT_ISR                  
0     0033a520  _ECAP5_INT_ISR                  
0     0033a52a  _ECAP6_INT_ISR                  
1     00006040  _ECanaLAMRegs                   
1     000060c0  _ECanaMOTORegs                  
1     00006080  _ECanaMOTSRegs                  
1     00006100  _ECanaMboxes                    
1     00006000  _ECanaRegs                      
1     00006240  _ECanbLAMRegs                   
1     000062c0  _ECanbMOTORegs                  
1     00006280  _ECanbMOTSRegs                  
1     00006300  _ECanbMboxes                    
1     00006200  _ECanbRegs                      
1     00006a00  _ECap1Regs                      
1     00006a20  _ECap2Regs                      
1     00006a40  _ECap3Regs                      
1     00006a60  _ECap4Regs                      
1     00006a80  _ECap5Regs                      
1     00006aa0  _ECap6Regs                      
0     0033a3a4  _EMUINT_ISR                     
0     0033a4bc  _EPWM1_INT_ISR                  
0     0033a480  _EPWM1_TZINT_ISR                
0     0033a4c6  _EPWM2_INT_ISR                  
0     0033a48a  _EPWM2_TZINT_ISR                
0     0033a4d0  _EPWM3_INT_ISR                  
0     0033a494  _EPWM3_TZINT_ISR                
0     0033a4da  _EPWM4_INT_ISR                  
0     0033a49e  _EPWM4_TZINT_ISR                
0     0033a4e4  _EPWM5_INT_ISR                  
0     0033a4a8  _EPWM5_TZINT_ISR                
0     0033a4ee  _EPWM6_INT_ISR                  
0     0033a4b2  _EPWM6_TZINT_ISR                
1     00006800  _EPwm1Regs                      
1     00006840  _EPwm2Regs                      
1     00006880  _EPwm3Regs                      
1     000068c0  _EPwm4Regs                      
1     00006900  _EPwm5Regs                      
1     00006940  _EPwm6Regs                      
0     0033a534  _EQEP1_INT_ISR                  
0     0033a53e  _EQEP2_INT_ISR                  
1     00006b00  _EQep1Regs                      
1     00006b40  _EQep2Regs                      
0     00339677  _Edge_Detection                 
0     0033ac30  _EnableInterrupts               
0     0033a7e7  _Error                          
0     00339d5d  _Error_LED                      
0     003389fa  _Filter                         
0     0000847b  _Fl28335_ClearSector            
0     000083e7  _Fl28335_CompactSector          
0     0000838d  _Fl28335_EraseSector            
0     000084ae  _Fl28335_Init                   
0     0000843a  _Fl28x_ClearLoop                
0     0000826e  _Fl28x_ClosePulse               
0     0000834a  _Fl28x_CompactPulse             
0     00008310  _Fl28x_CompactVerify            
0     000084eb  _Fl28x_Delay                    
0     000084f8  _Fl28x_DisableInt               
0     000084df  _Fl28x_DisableNMI               
0     00008219  _Fl28x_EnterCmdMode             
0     000081ba  _Fl28x_ErasePulse               
0     00008172  _Fl28x_EraseVerify              
0     0000823e  _Fl28x_FlashRegSleep            
0     0000820c  _Fl28x_LeaveCmdMode             
0     00008285  _Fl28x_MaskAll                  
0     0000825d  _Fl28x_OpenPulse                
0     000082ce  _Fl28x_ProgPulse                
0     00008290  _Fl28x_ProgVerify               
0     000084fc  _Fl28x_RestoreInt               
0     000084d7  _Fl28x_WatchDogDisable          
0     000084ff  _Flash28335_APIVersionHex       
0     000080d2  _Flash28335_Erase               
0     00008028  _Flash28335_Program             
0     0033b220  _Flash28_API_LoadEnd            
0     0033ad1e  _Flash28_API_LoadStart          
0     00008000  _Flash28_API_RunStart           
1     00000a80  _FlashRegs                      
1     0000dda0  _Flash_CPUScaleFactor           
1     0000dd9e  _Flash_CallbackPtr              
0     00339ca7  _Flash_Write_Image              
0     00339e4b  _Get_Buffer_Length              
0     00339cd9  _Get_JPEG_Image                 
0     00339db3  _Get_Version                    
1     00006f80  _GpioCtrlRegs                   
1     00006fc0  _GpioDataRegs                   
1     00006fe0  _GpioIntRegs                    
0     00339c72  _Gpio_select                    
0     003380a8  _Gray_Image                     
0     00338e41  _Gray_Image_Quantization        
0     00338c75  _HSV                            
0     0033a5c0  _I2CINT1A_ISR                   
0     0033a5ca  _I2CINT2A_ISR                   
1     00007900  _I2caRegs                       
0     0033a3b8  _ILLEGAL_ISR                    
0     0033a37c  _INT13_ISR                      
0     0033a386  _INT14_ISR                      
0     00339078  _Image_Sampling                 
0     0033aa72  _InitCpuTimers                  
0     0000852a  _InitFlash                      
0     0033a95e  _InitPeripheralClocks           
0     0033ac11  _InitPieCtrl                    
0     0033ac81  _InitPieVectTable               
0     0033a90d  _InitPll                        
0     0033a8f2  _InitSysCtrl                    
0     0033a692  _Init_Flash_PHOTO               
0     00338000  _Input_Image                    
0     00338549  _Inverse_Threshold_Image        
0     0033a674  _LUF_ISR                        
0     0033a66a  _LVF_ISR                        
0     0033a570  _MRINTA_ISR                     
0     0033a55c  _MRINTB_ISR                     
0     0033a57a  _MXINTA_ISR                     
0     0033a566  _MXINTB_ISR                     
1     00005000  _McbspaRegs                     
1     00005040  _McbspbRegs                     
0     00338041  _MonoChrome_Image               
0     0033a3ae  _NMI_ISR                        
0     003398e8  _NTSC                           
0     00338219  _Negation_Gray                  
0     0033a67e  _PIE_RESERVED                   
1     00380090  _PartIdRegs                     
1     00000ce0  _PieCtrlRegs                    
1     00000d00  _PieVectTable                   
0     0033b904  _PieVectTableInit               
0     0033a39a  _RTOSINT_ISR                    
0     0033bbef  _RamfuncsLoadEnd                
0     0033bba8  _RamfuncsLoadStart              
0     00008502  _RamfuncsRunStart               
0     00339eff  _Read_Buffer                    
0     0033a791  _Read_FLASH                     
0     00339d67  _Reset_Camera                   
0     00339c8f  _SCIA_init                      
0     00339c9b  _SCIB_init                      
0     0033a5e8  _SCIRXINTA_ISR                  
0     0033a5fc  _SCIRXINTB_ISR                  
0     0033a5d4  _SCIRXINTC_ISR                  
0     0033a5f2  _SCITXINTA_ISR                  
0     0033a606  _SCITXINTB_ISR                  
0     0033a5de  _SCITXINTC_ISR                  
0     0033a43a  _SEQ1INT_ISR                    
0     0033a444  _SEQ2INT_ISR                    
0     0033a548  _SPIRXINTA_ISR                  
0     0033a552  _SPITXINTA_ISR                  
1     00007050  _SciaRegs                       
1     00007750  _ScibRegs                       
1     00007770  _ScicRegs                       
0     00339d24  _Send_Image_Name                
0     00339ce6  _Send_JPEG_Image                
0     0033a8fb  _ServiceDog                     
0     00339eb3  _Set_Photo_Size                 
1     0000dda4  _SourceAddr                     
1     00007040  _SpiaRegs                       
1     00007010  _SysCtrlRegs                    
0     0033a46c  _TINT0_ISR                      
0     00339dff  _Take_Photo                     
0     00338394  _Threshold_Image                
0     0033a41c  _USER10_ISR                     
0     0033a426  _USER11_ISR                     
0     0033a430  _USER12_ISR                     
0     0033a3c2  _USER1_ISR                      
0     0033a3cc  _USER2_ISR                      
0     0033a3d6  _USER3_ISR                      
0     0033a3e0  _USER4_ISR                      
0     0033a3ea  _USER5_ISR                      
0     0033a3f4  _USER6_ISR                      
0     0033a3fe  _USER7_ISR                      
0     0033a408  _USER8_ISR                      
0     0033a412  _USER9_ISR                      
0     0033a70f  _Update_FLASH                   
0     0033a476  _WAKEINT_ISR                    
0     00339d43  _Wait_For_Start                 
0     0033a44e  _XINT1_ISR                      
0     0033a458  _XINT2_ISR                      
0     0033a638  _XINT3_ISR                      
0     0033a642  _XINT4_ISR                      
0     0033a64c  _XINT5_ISR                      
0     0033a656  _XINT6_ISR                      
0     0033a660  _XINT7_ISR                      
1     00007070  _XIntruptRegs                   
1     00000b20  _XintfRegs                      
0     00339a97  _YCbCr                          
1     00000800  __STACK_END                     
abs   000007b0  __STACK_SIZE                    
1     0000dd9a  ___TI_cleanup_ptr               
1     0000dd9c  ___TI_dtors_ptr                 
1     0000dd98  ___TI_enable_exit_profile_output
abs   ffffffff  ___TI_pprof_out_hndl            
abs   ffffffff  ___TI_prof_data_size            
abs   ffffffff  ___TI_prof_data_start           
abs   ffffffff  ___binit__                      
abs   ffffffff  ___c_args__                     
0     0033bbef  ___cinit__                      
0     0033ad1e  ___etext__                      
abs   ffffffff  ___pinit__                      
0     00338000  ___text__                       
0     0033acd9  __args_main                     
1     0000dda6  __lock                          
0     0033ad0b  __nop                           
0     0033ad07  __register_lock                 
0     0033ad03  __register_unlock               
1     00000050  __stack                         
0     0033ac39  __system_post_cinit             
0     0033ad1c  __system_pre_init               
1     0000dda8  __unlock                        
0     0033abe8  _abort                          
0     0033a7ee  _acos                           
0     0033a7ee  _acosf                          
0     0033ab4c  _c_int00                        
0     00339622  _contrast_stretch_calc          
0     0033aba2  _copy_in                        
0     0033acf2  _copysign                       
0     0033acf2  _copysignf                      
1     0000db40  _count                          
1     0000db46  _count_check                    
0     00008502  _cpu_timer0_isr                 
1     00009040  _data                           
0     0033acbf  _ddcopy                         
0     003389a4  _dec_binary_check               
0     0033acbf  _dpcopy                         
1     0000ddaa  _errno                          
1     0000db42  _exceed0                        
1     0000db44  _exceed255                      
0     0033abea  _exit                           
0     00339177  _histogram_equalization         
1     00009000  _image_len                      
1     00009001  _ksy                            
0     0033aae5  _ldexp                          
0     0033aae5  _ldexpf                         
0     00339bfb  _main                           
0     003389d6  _max                            
0     0033aca1  _memcpy                         
0     003389e8  _min                            
1     0000db80  _n_PDF_CDF_LSK_RF               
0     0033acbf  _pdcopy                         
0     00339ffd  _pow                            
0     00339ffd  _powf                           
0     0033acbf  _ppcopy                         
0     0033a688  _rsvd_ISR                       
0     0033aae5  _scalbn                         
0     0033aae5  _scalbnf                        
0     0033ac3a  _sqrt                           
0     0033ac3a  _sqrtf                          
1     00009002  _status                         
0     0033ad14  _strlen                         
abs   ffffffff  binit                           
0     0033bbef  cinit                           
0     0033fff6  code_start                      
0     0033ad1e  etext                           
abs   ffffffff  pinit                           


GLOBAL SYMBOLS: SORTED BY Symbol Address 

page  address   name                            
----  -------   ----                            
0     00008000  _Flash28_API_RunStart           
0     00008028  _Flash28335_Program             
0     000080d2  _Flash28335_Erase               
0     00008172  _Fl28x_EraseVerify              
0     000081ba  _Fl28x_ErasePulse               
0     0000820c  _Fl28x_LeaveCmdMode             
0     00008219  _Fl28x_EnterCmdMode             
0     0000823e  _Fl28x_FlashRegSleep            
0     0000825d  _Fl28x_OpenPulse                
0     0000826e  _Fl28x_ClosePulse               
0     00008285  _Fl28x_MaskAll                  
0     00008290  _Fl28x_ProgVerify               
0     000082ce  _Fl28x_ProgPulse                
0     00008310  _Fl28x_CompactVerify            
0     0000834a  _Fl28x_CompactPulse             
0     0000838d  _Fl28335_EraseSector            
0     000083e7  _Fl28335_CompactSector          
0     0000843a  _Fl28x_ClearLoop                
0     0000847b  _Fl28335_ClearSector            
0     000084ae  _Fl28335_Init                   
0     000084d7  _Fl28x_WatchDogDisable          
0     000084df  _Fl28x_DisableNMI               
0     000084eb  _Fl28x_Delay                    
0     000084f8  _Fl28x_DisableInt               
0     000084fc  _Fl28x_RestoreInt               
0     000084ff  _Flash28335_APIVersionHex       
0     00008502  _RamfuncsRunStart               
0     00008502  _cpu_timer0_isr                 
0     0000852a  _InitFlash                      
0     00008545  _DSP28x_usDelay                 
0     00300000  _A0                             
0     00338000  .text                           
0     00338000  _Input_Image                    
0     00338000  ___text__                       
0     00338041  _MonoChrome_Image               
0     003380a8  _Gray_Image                     
0     00338219  _Negation_Gray                  
0     00338394  _Threshold_Image                
0     00338549  _Inverse_Threshold_Image        
0     003386fe  _CMY_Image                      
0     0033878d  _Bit_Plane_Slicing              
0     003389a4  _dec_binary_check               
0     003389d6  _max                            
0     003389e8  _min                            
0     003389fa  _Filter                         
0     00338c75  _HSV                            
0     00338e41  _Gray_Image_Quantization        
0     00339078  _Image_Sampling                 
0     00339177  _histogram_equalization         
0     00339494  _Contrast_Stretching            
0     00339622  _contrast_stretch_calc          
0     00339677  _Edge_Detection                 
0     003398e8  _NTSC                           
0     00339a97  _YCbCr                          
0     00339bfb  _main                           
0     00339c72  _Gpio_select                    
0     00339c8f  _SCIA_init                      
0     00339c9b  _SCIB_init                      
0     00339ca7  _Flash_Write_Image              
0     00339cd9  _Get_JPEG_Image                 
0     00339ce6  _Send_JPEG_Image                
0     00339d24  _Send_Image_Name                
0     00339d43  _Wait_For_Start                 
0     00339d5d  _Error_LED                      
0     00339d67  _Reset_Camera                   
0     00339db3  _Get_Version                    
0     00339dff  _Take_Photo                     
0     00339e4b  _Get_Buffer_Length              
0     00339eb3  _Set_Photo_Size                 
0     00339eff  _Read_Buffer                    
0     00339fdf  _Check_Reply                    
0     00339ffd  _pow                            
0     00339ffd  _powf                           
0     0033a37c  _INT13_ISR                      
0     0033a386  _INT14_ISR                      
0     0033a390  _DATALOG_ISR                    
0     0033a39a  _RTOSINT_ISR                    
0     0033a3a4  _EMUINT_ISR                     
0     0033a3ae  _NMI_ISR                        
0     0033a3b8  _ILLEGAL_ISR                    
0     0033a3c2  _USER1_ISR                      
0     0033a3cc  _USER2_ISR                      
0     0033a3d6  _USER3_ISR                      
0     0033a3e0  _USER4_ISR                      
0     0033a3ea  _USER5_ISR                      
0     0033a3f4  _USER6_ISR                      
0     0033a3fe  _USER7_ISR                      
0     0033a408  _USER8_ISR                      
0     0033a412  _USER9_ISR                      
0     0033a41c  _USER10_ISR                     
0     0033a426  _USER11_ISR                     
0     0033a430  _USER12_ISR                     
0     0033a43a  _SEQ1INT_ISR                    
0     0033a444  _SEQ2INT_ISR                    
0     0033a44e  _XINT1_ISR                      
0     0033a458  _XINT2_ISR                      
0     0033a462  _ADCINT_ISR                     
0     0033a46c  _TINT0_ISR                      
0     0033a476  _WAKEINT_ISR                    
0     0033a480  _EPWM1_TZINT_ISR                
0     0033a48a  _EPWM2_TZINT_ISR                
0     0033a494  _EPWM3_TZINT_ISR                
0     0033a49e  _EPWM4_TZINT_ISR                
0     0033a4a8  _EPWM5_TZINT_ISR                
0     0033a4b2  _EPWM6_TZINT_ISR                
0     0033a4bc  _EPWM1_INT_ISR                  
0     0033a4c6  _EPWM2_INT_ISR                  
0     0033a4d0  _EPWM3_INT_ISR                  
0     0033a4da  _EPWM4_INT_ISR                  
0     0033a4e4  _EPWM5_INT_ISR                  
0     0033a4ee  _EPWM6_INT_ISR                  
0     0033a4f8  _ECAP1_INT_ISR                  
0     0033a502  _ECAP2_INT_ISR                  
0     0033a50c  _ECAP3_INT_ISR                  
0     0033a516  _ECAP4_INT_ISR                  
0     0033a520  _ECAP5_INT_ISR                  
0     0033a52a  _ECAP6_INT_ISR                  
0     0033a534  _EQEP1_INT_ISR                  
0     0033a53e  _EQEP2_INT_ISR                  
0     0033a548  _SPIRXINTA_ISR                  
0     0033a552  _SPITXINTA_ISR                  
0     0033a55c  _MRINTB_ISR                     
0     0033a566  _MXINTB_ISR                     
0     0033a570  _MRINTA_ISR                     
0     0033a57a  _MXINTA_ISR                     
0     0033a584  _DINTCH1_ISR                    
0     0033a58e  _DINTCH2_ISR                    
0     0033a598  _DINTCH3_ISR                    
0     0033a5a2  _DINTCH4_ISR                    
0     0033a5ac  _DINTCH5_ISR                    
0     0033a5b6  _DINTCH6_ISR                    
0     0033a5c0  _I2CINT1A_ISR                   
0     0033a5ca  _I2CINT2A_ISR                   
0     0033a5d4  _SCIRXINTC_ISR                  
0     0033a5de  _SCITXINTC_ISR                  
0     0033a5e8  _SCIRXINTA_ISR                  
0     0033a5f2  _SCITXINTA_ISR                  
0     0033a5fc  _SCIRXINTB_ISR                  
0     0033a606  _SCITXINTB_ISR                  
0     0033a610  _ECAN0INTA_ISR                  
0     0033a61a  _ECAN1INTA_ISR                  
0     0033a624  _ECAN0INTB_ISR                  
0     0033a62e  _ECAN1INTB_ISR                  
0     0033a638  _XINT3_ISR                      
0     0033a642  _XINT4_ISR                      
0     0033a64c  _XINT5_ISR                      
0     0033a656  _XINT6_ISR                      
0     0033a660  _XINT7_ISR                      
0     0033a66a  _LVF_ISR                        
0     0033a674  _LUF_ISR                        
0     0033a67e  _PIE_RESERVED                   
0     0033a688  _rsvd_ISR                       
0     0033a692  _Init_Flash_PHOTO               
0     0033a70f  _Update_FLASH                   
0     0033a791  _Read_FLASH                     
0     0033a7e7  _Error                          
0     0033a7ee  _acos                           
0     0033a7ee  _acosf                          
0     0033a8f2  _InitSysCtrl                    
0     0033a8fb  _ServiceDog                     
0     0033a905  _DisableDog                     
0     0033a90d  _InitPll                        
0     0033a95e  _InitPeripheralClocks           
0     0033a9b9  _CsmUnlock                      
0     0033a9ea  FS$$DIV                         
0     0033aa72  _InitCpuTimers                  
0     0033aaab  _ConfigCpuTimer                 
0     0033aae5  _ldexp                          
0     0033aae5  _ldexpf                         
0     0033aae5  _scalbn                         
0     0033aae5  _scalbnf                        
0     0033ab4c  _c_int00                        
0     0033aba2  _copy_in                        
0     0033abe8  C$$EXIT                         
0     0033abe8  _abort                          
0     0033abea  _exit                           
0     0033ac11  _InitPieCtrl                    
0     0033ac30  _EnableInterrupts               
0     0033ac39  __system_post_cinit             
0     0033ac3a  _sqrt                           
0     0033ac3a  _sqrtf                          
0     0033ac5f  I$$DIV                          
0     0033ac70  I$$MOD                          
0     0033ac81  _InitPieVectTable               
0     0033aca1  _memcpy                         
0     0033acbf  _ddcopy                         
0     0033acbf  _dpcopy                         
0     0033acbf  _pdcopy                         
0     0033acbf  _ppcopy                         
0     0033acd9  __args_main                     
0     0033acf2  _copysign                       
0     0033acf2  _copysignf                      
0     0033ad03  __register_unlock               
0     0033ad07  __register_lock                 
0     0033ad0b  __nop                           
0     0033ad14  _strlen                         
0     0033ad1c  __system_pre_init               
0     0033ad1e  _Flash28_API_LoadStart          
0     0033ad1e  ___etext__                      
0     0033ad1e  etext                           
0     0033b220  _Flash28_API_LoadEnd            
0     0033b904  _PieVectTableInit               
0     0033bba8  _RamfuncsLoadStart              
0     0033bbef  _RamfuncsLoadEnd                
0     0033bbef  ___cinit__                      
0     0033bbef  cinit                           
0     0033fff6  code_start                      
0     00380080  _ADC_cal                        
1     00000050  __stack                         
1     00000800  __STACK_END                     
1     00000880  _DevEmuRegs                     
1     00000a80  _FlashRegs                      
1     00000ae0  _CsmRegs                        
1     00000b00  _AdcMirror                      
1     00000b20  _XintfRegs                      
1     00000c00  _CpuTimer0Regs                  
1     00000c08  _CpuTimer1Regs                  
1     00000c10  _CpuTimer2Regs                  
1     00000ce0  _PieCtrlRegs                    
1     00000d00  _PieVectTable                   
1     00001000  _DmaRegs                        
1     00005000  _McbspaRegs                     
1     00005040  _McbspbRegs                     
1     00006000  _ECanaRegs                      
1     00006040  _ECanaLAMRegs                   
1     00006080  _ECanaMOTSRegs                  
1     000060c0  _ECanaMOTORegs                  
1     00006100  _ECanaMboxes                    
1     00006200  _ECanbRegs                      
1     00006240  _ECanbLAMRegs                   
1     00006280  _ECanbMOTSRegs                  
1     000062c0  _ECanbMOTORegs                  
1     00006300  _ECanbMboxes                    
1     00006800  _EPwm1Regs                      
1     00006840  _EPwm2Regs                      
1     00006880  _EPwm3Regs                      
1     000068c0  _EPwm4Regs                      
1     00006900  _EPwm5Regs                      
1     00006940  _EPwm6Regs                      
1     00006a00  _ECap1Regs                      
1     00006a20  _ECap2Regs                      
1     00006a40  _ECap3Regs                      
1     00006a60  _ECap4Regs                      
1     00006a80  _ECap5Regs                      
1     00006aa0  _ECap6Regs                      
1     00006b00  _EQep1Regs                      
1     00006b40  _EQep2Regs                      
1     00006f80  _GpioCtrlRegs                   
1     00006fc0  _GpioDataRegs                   
1     00006fe0  _GpioIntRegs                    
1     00007010  _SysCtrlRegs                    
1     00007040  _SpiaRegs                       
1     00007050  _SciaRegs                       
1     00007070  _XIntruptRegs                   
1     00007100  _AdcRegs                        
1     00007750  _ScibRegs                       
1     00007770  _ScicRegs                       
1     00007900  _I2caRegs                       
1     00009000  _image_len                      
1     00009001  _ksy                            
1     00009002  _status                         
1     00009040  _data                           
1     0000db40  _count                          
1     0000db42  _exceed0                        
1     0000db44  _exceed255                      
1     0000db46  _count_check                    
1     0000db80  _n_PDF_CDF_LSK_RF               
1     0000dd80  _CpuTimer1                      
1     0000dd88  _CpuTimer2                      
1     0000dd90  _CpuTimer0                      
1     0000dd98  ___TI_enable_exit_profile_output
1     0000dd9a  ___TI_cleanup_ptr               
1     0000dd9c  ___TI_dtors_ptr                 
1     0000dd9e  _Flash_CallbackPtr              
1     0000dda0  _Flash_CPUScaleFactor           
1     0000dda2  _DestAddr                       
1     0000dda4  _SourceAddr                     
1     0000dda6  __lock                          
1     0000dda8  __unlock                        
1     0000ddaa  _errno                          
1     0033fff8  _CsmPwl                         
1     00380090  _PartIdRegs                     
abs   000007b0  __STACK_SIZE                    
abs   ffffffff  ___TI_pprof_out_hndl            
abs   ffffffff  ___TI_prof_data_size            
abs   ffffffff  ___TI_prof_data_start           
abs   ffffffff  ___binit__                      
abs   ffffffff  ___c_args__                     
abs   ffffffff  ___pinit__                      
abs   ffffffff  binit                           
abs   ffffffff  pinit                           

[291 symbols]
